--------- beginning of main
07-03 08:13:46.030  1531  1531 W auditd  : type=2000 audit(0.0:1): initialized
07-03 08:13:48.891  1531  1531 I auditd  : type=1403 audit(0.0:2): policy loaded auid=4294967295 ses=4294967295
07-03 08:13:48.901  1531  1531 W auditd  : type=1404 audit(0.0:3): enforcing=1 old_enforcing=0 auid=4294967295 ses=4294967295
07-03 08:13:50.471     1     1 W init    : type=1400 audit(0.0:4): avc: denied { setattr } for name="slabinfo" dev="proc" ino=4026532040 scontext=u:r:init:s0 tcontext=u:object_r:proc:s0 tclass=file permissive=0
07-03 08:13:50.471     1     1 W init    : type=1400 audit(0.0:5): avc: denied { setattr } for name="slabinfo" dev="proc" ino=4026532040 scontext=u:r:init:s0 tcontext=u:object_r:proc:s0 tclass=file permissive=0
07-03 08:13:50.997  1532  1532 I SELinux : SELinux: Loaded service_contexts from:
07-03 08:13:51.014  1532  1532 I SELinux :     /system/etc/selinux/plat_service_contexts
07-03 08:13:51.303  1534  1534 I SELinux : SELinux: Loaded service_contexts from:
07-03 08:13:51.304  1534  1534 I SELinux :     /vendor/etc/selinux/vndservice_contexts
07-03 08:13:51.497  1533  1533 I hwservicemanager: hwservicemanager is ready now.
07-03 08:13:51.659  1535  1535 I android.hardware.keymaster@3.0-impl: Fetching keymaster device name default
07-03 08:13:51.671  1535  1535 I android.hardware.keymaster@3.0-impl: Could not find any keystore module, using software-only implementation.
07-03 08:13:51.679  1535  1535 I ServiceManagement: Removing namespace from process name android.hardware.keymaster@3.0-service to keymaster@3.0-service.
07-03 08:13:51.689  1535  1535 I android.hardware.keymaster@3.0-service: Registration complete for android.hardware.keymaster@3.0::IKeymasterDevice/default.
07-03 08:13:51.759  1536  1545 E cutils  : Failed to mkdir(/data/system/users/0): No such file or directory
07-03 08:13:51.915  1561  1561 I /system/bin/tzdatacheck: timezone distro dir /data/misc/zoneinfo/current does not exist. No action required.
07-03 08:13:53.445  1584  1584 I ServiceManagement: Removing namespace from process name android.hidl.allocator@1.0-service to allocator@1.0-service.
07-03 08:13:53.587  1588  1588 I ServiceManagement: Removing namespace from process name android.hardware.broadcastradio@1.1-service to broadcastradio@1.1-service.
07-03 08:13:53.629  1586  1586 I health@2.0/: health@2.0/backup: Hal starting main loop...
07-03 08:13:53.691  1586  1586 I health@2.0/: health@2.0/backup Hal is starting up...
07-03 08:13:53.846  1533  1533 W hwservicemanager: getTransport: Cannot find entry android.hardware.health@1.0::IHealth/default in either framework or device manifest.
07-03 08:13:54.061  1586  1586 I health@2.0/: health@2.0/backup: Hal init done
07-03 08:13:54.166  1607  1607 I lowmemorykiller: Using in-kernel low memory killer interface
07-03 08:13:54.179  1591  1591 W /vendor/bin/hw/android.hardware.configstore@1.1-service: Could not find seccomp policy file at: /vendor/etc/seccomp_policy/configstore@1.1.policy
07-03 08:13:54.226  1605  1605 I qemu-props: connected to 'boot-properties' qemud service.
07-03 08:13:54.228  1605  1605 I qemu-props: receiving..
07-03 08:13:54.228  1605  1605 I qemu-props: received: qemu.cmdline=androidboot.logcat=*:V androidboot.consolepipe=qemu_pipe,pipe:logcat
07-03 08:13:54.274  1591  1591 I ServiceManagement: Removing namespace from process name android.hardware.configstore@1.1-service to configstore@1.1-service.
07-03 08:13:54.442  1605  1605 I qemu-props: successfully set property 'qemu.cmdline' to 'androidboot.logcat=*:V androidboot.consolepipe=qemu_pipe,pipe:logcat'
07-03 08:13:54.442  1605  1605 I qemu-props: receiving..
07-03 08:13:54.442  1605  1605 I qemu-props: received: qemu.logcat=start
07-03 08:13:54.444  1605  1605 I qemu-props: successfully set property 'vendor.qemu.logcat' to 'start'
07-03 08:13:54.444  1605  1605 I qemu-props: receiving..
07-03 08:13:54.444  1605  1605 I qemu-props: received: ro.opengles.version=196608
07-03 08:13:54.444  1605  1605 I qemu-props: receiving..
07-03 08:13:54.444  1605  1605 I qemu-props: received: qemu.sf.fake_camera=back
07-03 08:13:54.445  1605  1605 I qemu-props: successfully set property 'vendor.qemu.sf.fake_camera' to 'back'
07-03 08:13:54.445  1605  1605 I qemu-props: receiving..
07-03 08:13:54.445  1605  1605 I qemu-props: received: dalvik.vm.heapsize=512m
07-03 08:13:54.445  1605  1605 I qemu-props: receiving..
07-03 08:13:54.445  1605  1605 I qemu-props: received: qemu.hw.mainkeys=0
07-03 08:13:54.446  1605  1605 I qemu-props: successfully set property 'qemu.hw.mainkeys' to '0'
07-03 08:13:54.446  1605  1605 I qemu-props: receiving..
07-03 08:13:54.446  1605  1605 I qemu-props: received: qemu.sf.lcd_density=480
07-03 08:13:54.447  1605  1605 I qemu-props: successfully set property 'vendor.qemu.sf.lcd_density' to '480'
07-03 08:13:54.447  1605  1605 I qemu-props: receiving..
07-03 08:13:54.447  1605  1605 I qemu-props: received: qemu.timezone=Etc/UTC
07-03 08:13:54.448  1605  1605 I qemu-props: successfully set property 'vendor.qemu.timezone' to 'Etc/UTC'
07-03 08:13:54.448  1605  1605 I qemu-props: receiving..
07-03 08:13:54.467  1601  1601 I android.hardware.power@1.1-service.ranchu: Power HAL Service 1.1 for Ranchu is starting.
07-03 08:13:54.536  1600  1600 I health@2.0/: health@2.0/default: Hal starting main loop...
07-03 08:13:54.537  1600  1600 I health@2.0/: health@2.0/default Hal is starting up...
07-03 08:13:54.546  1615  1615 I perfetto: probes.cc:56 Starting /system/bin/traced_probes service
07-03 08:13:54.556  1614  1614 W perfetto: service.cc:54 Started traced, listening on /dev/socket/traced_producer /dev/socket/traced_consumer
07-03 08:13:54.645  1601  1601 I ServiceManagement: Removing namespace from process name android.hardware.power@1.1-service.ranchu to power@1.1-service.ranchu.
07-03 08:13:54.654  1600  1600 I ServiceManagement: Removing namespace from process name android.hardware.health@2.0-service.goldfish to health@2.0-service.goldfish.
07-03 08:13:54.704  1602  1602 I ServiceManagement: Removing namespace from process name android.hardware.sensors@1.0-service to sensors@1.0-service.
07-03 08:13:54.745  1600  1600 I health@2.0/: health@2.0/default: Hal init done
07-03 08:13:54.760  1602  1602 I android.hardware.sensors@1.0-service: Registration complete for android.hardware.sensors@1.0::ISensors/default.
07-03 08:13:54.819  1601  1601 I android.hardware.power@1.1-service.ranchu: Power Service is ready
07-03 08:13:54.832  1615  1615 I perfetto: probes_producer.cc:67 Connected to the service
07-03 08:13:54.956  1615  1615 I perfetto: probes_producer.cc:84 Disconnected from tracing service
07-03 08:13:54.957  1615  1615 I perfetto: probes_producer.cc:84 Disconnected from tracing service
07-03 08:13:55.105  1595  1595 E GoldfishGatekeeper: called goldfish_gatekeeper_open with gate keeper 0x79317aa2b050 device 0x79317a7b5108
07-03 08:13:55.113  1595  1595 I ServiceManagement: Removing namespace from process name android.hardware.gatekeeper@1.0-service to gatekeeper@1.0-service.
07-03 08:13:55.119  1595  1595 I android.hardware.gatekeeper@1.0-service: Registration complete for android.hardware.gatekeeper@1.0::IGatekeeper/default.
07-03 08:13:55.238  1533  1533 W hwservicemanager: getTransport: Cannot find entry android.hardware.thermal@1.1::IThermal/default in either framework or device manifest.
07-03 08:13:55.265  1609  1609 W thermalserviced: Unable to get Thermal HAL V1.1, vendor thermal event notification not available
07-03 08:13:55.766  1593  1593 D android.hardware.drm@1.1-service.clearkey: android.hardware.drm@1.1-service.clearkey starting...
07-03 08:13:55.840  1593  1593 I ServiceManagement: Removing namespace from process name android.hardware.drm@1.1-service.clearkey to drm@1.1-service.clearkey.
--------- beginning of system
07-03 08:13:55.953  1603  1603 I android.hardware.wifi@1.0-service: Wifi Hal is booting up...
07-03 08:13:55.957  1603  1603 I ServiceManagement: Removing namespace from process name android.hardware.wifi@1.0-service to wifi@1.0-service.
07-03 08:13:55.966  1599  1599 D HostConnection: createUnique: call
07-03 08:13:55.968  1599  1599 D HostConnection: HostConnection::get() New Host Connection established 0x762343a46140, tid 1599
07-03 08:13:55.973  1597  1597 D HostConnection: createUnique: call
07-03 08:13:55.975  1597  1597 D HostConnection: HostConnection::get() New Host Connection established 0x75846d8410a0, tid 1597
07-03 08:13:55.995  1599  1599 D HostConnection: HostComposition ext ANDROID_EMU_CHECKSUM_HELPER_v1 ANDROID_EMU_native_sync_v2 ANDROID_EMU_dma_v1 ANDROID_EMU_YUV420_888_to_NV21 ANDROID_EMU_YUV_Cache ANDROID_EMU_sync_buffer_data GL_OES_EGL_image_external_essl3 GL_OES_vertex_array_object GL_KHR_texture_compression_astc_ldr ANDROID_EMU_host_side_tracing ANDROID_EMU_gles_max_version_3_0 
07-03 08:13:55.998  1599  1599 E hwcomposer: unknown display attribute 6
07-03 08:13:56.015  1599  1599 I ServiceManagement: Removing namespace from process name android.hardware.graphics.composer@2.1-service to composer@2.1-service.
07-03 08:13:56.025  1597  1597 I ServiceManagement: Removing namespace from process name android.hardware.graphics.allocator@2.0-service to allocator@2.0-service.
07-03 08:13:56.039  1599  1599 I android.hardware.graphics.composer@2.1-service: Registration complete for android.hardware.graphics.composer@2.1::IComposer/default.
07-03 08:13:56.052  1597  1597 I android.hardware.graphics.allocator@2.0-service: Registration complete for android.hardware.graphics.allocator@2.0::IAllocator/default.
07-03 08:13:56.066  1593  1593 I ServiceManagement: Removing namespace from process name android.hardware.drm@1.1-service.clearkey to drm@1.1-service.clearkey.
07-03 08:13:56.274  1596  1596 I ServiceManagement: Removing namespace from process name android.hardware.gnss@1.0-service to gnss@1.0-service.
07-03 08:13:56.285  1596  1596 I android.hardware.gnss@1.0-service: Registration complete for android.hardware.gnss@1.0::IGnss/default.
07-03 08:13:56.306  1536  1536 I chatty  : uid=0(root) Binder:1536_2 expire 17 lines
07-03 08:13:56.990  1536  1536 I vold_prepare_subdirs: SELinux: Loaded file_contexts
07-03 08:13:57.003  1633  1633 D vold_prepare_subdirs: Setting up mode 700 uid 0 gid 0 context u:object_r:vold_data_file:s0 on path: /data/misc_de/0/vold
07-03 08:13:57.006  1633  1633 D vold_prepare_subdirs: Setting up mode 700 uid 0 gid 0 context u:object_r:storaged_data_file:s0 on path: /data/misc_de/0/storaged
07-03 08:13:57.007  1633  1633 D vold_prepare_subdirs: Setting up mode 700 uid 1000 gid 1000 context u:object_r:fingerprint_vendor_data_file:s0 on path: /data/vendor_de/0/fpdata
07-03 08:13:57.212  1590  1590 D android.hardware.cas@1.0-service: android.hardware.cas@1.0-service starting...
07-03 08:13:57.241  1590  1590 I ServiceManagement: Removing namespace from process name android.hardware.cas@1.0-service to cas@1.0-service.
07-03 08:13:57.256  1592  1592 D android.hardware.drm@1.0-service: android.hardware.drm@1.0-service starting...
07-03 08:13:57.324  1589  1589 I android.hardware.camera.provider@2.4-service: Camera provider Service is starting.
07-03 08:13:57.395  1594  1594 D android.hardware.drm@1.0-service.widevine: android.hardware.drm@1.1-service.widevine starting...
07-03 08:13:57.424  1594  1594 I ServiceManagement: Removing namespace from process name android.hardware.drm@1.1-service.widevine to drm@1.1-service.widevine.
07-03 08:13:57.542  1594  1594 I ServiceManagement: Removing namespace from process name android.hardware.drm@1.1-service.widevine to drm@1.1-service.widevine.
07-03 08:13:57.827  1636  1636 I /system/bin/tzdatacheck: timezone distro dir /data/misc/zoneinfo/current does not exist. No action required.
07-03 08:13:57.843  1592  1592 I ServiceManagement: Removing namespace from process name android.hardware.drm@1.0-service to drm@1.0-service.
07-03 08:13:57.850  1592  1592 I android.hardware.drm@1.0-service: Registration complete for android.hardware.drm@1.0::IDrmFactory/default.
07-03 08:13:57.862  1613  1622 E adbd    : Could not register mDNS service (-65563).
07-03 08:13:57.871  1536  1620 I chatty  : uid=0(root) Binder:1536_2 expire 4554 lines
07-03 08:13:57.881  1592  1592 I ServiceManagement: Removing namespace from process name android.hardware.drm@1.0-service to drm@1.0-service.
07-03 08:13:57.884  1592  1592 I android.hardware.drm@1.0-service: Registration complete for android.hardware.drm@1.0::ICryptoFactory/default.
07-03 08:13:58.083  1608  1608 I ConfigStore: android::hardware::configstore::V1_0::ISurfaceFlingerConfigs::startGraphicsAllocatorService retrieved: 0
07-03 08:13:58.116  1608  1608 I SurfaceFlinger: Using HWComposer service: 'default'
07-03 08:13:58.116  1608  1608 I SurfaceFlinger: SurfaceFlinger is starting
07-03 08:13:58.134  1608  1608 I ConfigStore: android::hardware::configstore::V1_0::ISurfaceFlingerConfigs::vsyncEventPhaseOffsetNs retrieved: 1000000 (default)
07-03 08:13:58.135  1608  1608 I ConfigStore: android::hardware::configstore::V1_0::ISurfaceFlingerConfigs::vsyncSfEventPhaseOffsetNs retrieved: 1000000 (default)
07-03 08:13:58.138  1608  1608 I ConfigStore: android::hardware::configstore::V1_0::ISurfaceFlingerConfigs::hasSyncFramework retrieved: 1
07-03 08:13:58.140  1608  1608 I ConfigStore: android::hardware::configstore::V1_0::ISurfaceFlingerConfigs::presentTimeOffsetFromVSyncNs retrieved: 0
07-03 08:13:58.142  1608  1608 I ConfigStore: android::hardware::configstore::V1_0::ISurfaceFlingerConfigs::useHwcForRGBtoYUV retrieved: 0
07-03 08:13:58.143  1608  1608 I ConfigStore: android::hardware::configstore::V1_0::ISurfaceFlingerConfigs::maxVirtualDisplaySize retrieved: 0 (default)
07-03 08:13:58.144  1608  1608 I ConfigStore: android::hardware::configstore::V1_0::ISurfaceFlingerConfigs::useVrFlinger retrieved: 0 (default)
07-03 08:13:58.149  1608  1608 I ConfigStore: android::hardware::configstore::V1_0::ISurfaceFlingerConfigs::maxFrameBufferAcquiredBuffers retrieved: 3
07-03 08:13:58.153  1608  1608 I ConfigStore: android::hardware::configstore::V1_0::ISurfaceFlingerConfigs::hasWideColorDisplay retrieved: 0
07-03 08:13:58.155  1533  1533 W hwservicemanager: getTransport: Cannot find entry android.hardware.configstore@1.1::ISurfaceFlingerConfigs/default in either framework or device manifest.
07-03 08:13:58.157  1608  1608 I ConfigStore: android::hardware::configstore::V1_1::ISurfaceFlingerConfigs::primaryDisplayOrientation retrieved: ORIENTATION_0 (default)
07-03 08:13:58.158  1608  1608 I SurfaceFlinger: Enabling HWC virtual displays
07-03 08:13:58.158  1608  1608 I SurfaceFlinger: Disabling Triple Buffering
07-03 08:13:58.158  1608  1608 I SurfaceFlinger: Treble testing override: 'false'
07-03 08:13:58.163  1608  1608 I SurfaceFlinger: SurfaceFlinger's main thread ready to run. Initializing graphics H/W...
07-03 08:13:58.163  1608  1608 I SurfaceFlinger: Phase offest NS: 1000000
07-03 08:13:58.175  1608  1608 D libEGL  : Emulator has host GPU support, qemu.gles is set to 1.
07-03 08:13:58.187  1608  1608 E vndksupport: Could not load /vendor/lib64/egl/libGLES_emulation.so from sphal namespace: dlopen failed: library "/vendor/lib64/egl/libGLES_emulation.so" not found.
07-03 08:13:58.187  1608  1608 E libEGL  : load_driver(/vendor/lib64/egl/libGLES_emulation.so): unknown
07-03 08:13:58.225  1608  1608 D libEGL  : loaded /vendor/lib64/egl/libEGL_emulation.so
07-03 08:13:58.246  1608  1608 D libEGL  : loaded /vendor/lib64/egl/libGLESv1_CM_emulation.so
07-03 08:13:58.301  1587  1587 I ServiceManagement: Removing namespace from process name android.hardware.audio@2.0-service to audio@2.0-service.
07-03 08:13:58.324  1587  1587 I audiohalservice: Registration complete for android.hardware.audio@4.0::IDevicesFactory/default.
07-03 08:13:58.336  1608  1608 D libEGL  : loaded /vendor/lib64/egl/libGLESv2_emulation.so
07-03 08:13:58.405  1608  1608 D HostConnection: HostConnection::get() New Host Connection established 0x7dea58e46460, tid 1608
07-03 08:13:58.423  1608  1608 D HostConnection: HostComposition ext ANDROID_EMU_CHECKSUM_HELPER_v1 ANDROID_EMU_native_sync_v2 ANDROID_EMU_dma_v1 ANDROID_EMU_YUV420_888_to_NV21 ANDROID_EMU_YUV_Cache ANDROID_EMU_sync_buffer_data GL_OES_EGL_image_external_essl3 GL_OES_vertex_array_object GL_KHR_texture_compression_astc_ldr ANDROID_EMU_host_side_tracing ANDROID_EMU_gles_max_version_3_0 
07-03 08:13:58.432  1608  1608 I ConfigStore: android::hardware::configstore::V1_0::ISurfaceFlingerConfigs::hasWideColorDisplay retrieved: 0
07-03 08:13:58.433  1608  1608 I ConfigStore: android::hardware::configstore::V1_0::ISurfaceFlingerConfigs::hasHDRDisplay retrieved: 0
07-03 08:13:58.435  1608  1608 I SurfaceFlinger: EGL information:
07-03 08:13:58.439  1608  1608 I SurfaceFlinger: vendor    : Android
07-03 08:13:58.439  1608  1608 I SurfaceFlinger: version   : 1.4 Android META-EGL
07-03 08:13:58.439  1608  1608 I SurfaceFlinger: extensions: EGL_KHR_get_all_proc_addresses EGL_ANDROID_presentation_time EGL_KHR_swap_buffers_with_damage EGL_ANDROID_get_native_client_buffer EGL_ANDROID_front_buffer_auto_refresh EGL_ANDROID_get_frame_timestamps EGL_EXT_surface_SMPTE2086_metadata EGL_EXT_surface_CTA861_3_metadata EGL_KHR_image EGL_KHR_image_base EGL_KHR_gl_texture_2D_image EGL_KHR_fence_sync EGL_KHR_create_context EGL_ANDROID_image_native_buffer EGL_ANDROID_recordable 
07-03 08:13:58.439  1608  1608 I SurfaceFlinger: Client API: OpenGL_ES
07-03 08:13:58.439  1608  1608 I SurfaceFlinger: EGLSurface: 8-8-8-8, config=0x4
07-03 08:13:58.453  1608  1608 D eglCodecCommon: setVertexArrayObject: set vao to 0 (0) 0 0
07-03 08:13:58.454  1608  1608 D EGL_emulation: eglCreateContext: 0x7dea58e46640: maj 3 min 0 rcv 3
07-03 08:13:58.457  1608  1608 D EGL_emulation: eglMakeCurrent: 0x7dea58e46640: ver 3 0 (tinfo 0x7dea58e2d620)
07-03 08:13:58.469  1608  1608 I SurfaceFlinger: OpenGL ES informations:
07-03 08:13:58.469  1608  1608 I SurfaceFlinger: vendor    : Google (Google Inc.)
07-03 08:13:58.469  1608  1608 I SurfaceFlinger: renderer  : Android Emulator OpenGL ES Translator (Google SwiftShader)
07-03 08:13:58.469  1608  1608 I SurfaceFlinger: version   : OpenGL ES 3.0 (OpenGL ES 3.0 SwiftShader 4.0.0.1)
07-03 08:13:58.469  1608  1608 I SurfaceFlinger: extensions: GL_EXT_debug_marker GL_EXT_robustness GL_OES_EGL_sync GL_OES_EGL_image GL_OES_EGL_image_external GL_OES_depth24 GL_OES_depth32 GL_OES_element_index_uint GL_OES_texture_float GL_OES_texture_float_linear GL_OES_compressed_paletted_texture GL_OES_compressed_ETC1_RGB8_texture GL_OES_depth_texture GL_OES_texture_half_float GL_OES_texture_half_float_linear GL_OES_packed_depth_stencil GL_OES_vertex_half_float GL_OES_standard_derivatives GL_OES_texture_npot GL_OES_rgb8_rgba8 GL_EXT_color_buffer_float GL_EXT_color_buffer_half_float GL_EXT_texture_format_BGRA8888 GL_APPLE_texture_format_BGRA8888 ANDROID_EMU_CHECKSUM_HELPER_v1 ANDROID_EMU_native_sync_v2 ANDROID_EMU_dma_v1 ANDROID_EMU_YUV420_888_to_NV21 ANDROID_EMU_YUV_Cache ANDROID_EMU_sync_buffer_data GL_OES_EGL_image_external_essl3 GL_OES_vertex_array_object GL_KHR_texture_compression_astc_ldr ANDROID_EMU_host_side_tracing ANDROID_EMU_gles_max_version_3_0 
07-03 08:13:58.469  1608  1608 I SurfaceFlinger: GL_MAX_TEXTURE_SIZE = 8192
07-03 08:13:58.469  1608  1608 I SurfaceFlinger: GL_MAX_VIEWPORT_DIMS = 8192
07-03 08:13:58.515  1587  1587 I audiohalservice: Registration complete for android.hardware.audio.effect@4.0::IEffectsFactory/default.
07-03 08:13:58.516  1533  1533 W hwservicemanager: getTransport: Cannot find entry android.hardware.soundtrigger@2.1::ISoundTriggerHw/default in either framework or device manifest.
07-03 08:13:58.612  1597  1597 D HostConnection: HostComposition ext ANDROID_EMU_CHECKSUM_HELPER_v1 ANDROID_EMU_native_sync_v2 ANDROID_EMU_dma_v1 ANDROID_EMU_YUV420_888_to_NV21 ANDROID_EMU_YUV_Cache ANDROID_EMU_sync_buffer_data GL_OES_EGL_image_external_essl3 GL_OES_vertex_array_object GL_KHR_texture_compression_astc_ldr ANDROID_EMU_host_side_tracing ANDROID_EMU_gles_max_version_3_0 
07-03 08:13:58.613  1597  1597 D gralloc_ranchu: gralloc_alloc: Creating ashmem region of size 8298496
07-03 08:13:58.615  1597  1597 E eglCodecCommon: GoldfishAddressSpaceHostMemoryAllocator: ioctl_ping failed for device_type=5, ret=-1
07-03 08:13:58.618  1608  1608 D HostConnection: createUnique: call
07-03 08:13:58.618  1608  1608 D HostConnection: HostConnection::get() New Host Connection established 0x7dea58e46d20, tid 1608
07-03 08:13:58.634  1608  1608 D HostConnection: HostComposition ext ANDROID_EMU_CHECKSUM_HELPER_v1 ANDROID_EMU_native_sync_v2 ANDROID_EMU_dma_v1 ANDROID_EMU_YUV420_888_to_NV21 ANDROID_EMU_YUV_Cache ANDROID_EMU_sync_buffer_data GL_OES_EGL_image_external_essl3 GL_OES_vertex_array_object GL_KHR_texture_compression_astc_ldr ANDROID_EMU_host_side_tracing ANDROID_EMU_gles_max_version_3_0 
07-03 08:13:58.635  1608  1608 E eglCodecCommon: GoldfishAddressSpaceHostMemoryAllocator: ioctl_ping failed for device_type=5, ret=-1
07-03 08:13:58.638  1608  1608 E HWComposer: getSupportedPerFrameMetadata: getSupportedPerFrameMetadata failed for display 0: Unsupported (8)
07-03 08:13:58.639  1597  1650 D gralloc_ranchu: gralloc_alloc: Creating ashmem region of size 8298496
07-03 08:13:58.644  1597  1650 D gralloc_ranchu: gralloc_alloc: Creating ashmem region of size 8298496
07-03 08:13:58.651  1587  1587 E audiohalservice: Could not get passthrough implementation for android.hardware.soundtrigger@2.1::ISoundTriggerHw/default.
07-03 08:13:58.655  1533  1533 W hwservicemanager: getTransport: Cannot find entry android.hardware.soundtrigger@2.0::ISoundTriggerHw/default in either framework or device manifest.
07-03 08:13:58.658  1608  1608 D EGL_emulation: eglMakeCurrent: 0x7dea58e46640: ver 3 0 (tinfo 0x7dea58e2d620)
07-03 08:13:58.703  1587  1587 E SoundTriggerHalImpl: couldn't load sound trigger module sound_trigger.primary (No such file or directory)
07-03 08:13:58.740  1587  1587 I audiohalservice: Registration complete for android.hardware.soundtrigger@2.0::ISoundTriggerHw/default.
07-03 08:13:58.743  1533  1533 W hwservicemanager: getTransport: Cannot find entry android.hardware.bluetooth.a2dp@1.0::IBluetoothAudioOffload/default in either framework or device manifest.
07-03 08:13:58.746  1608  1608 D SurfaceFlinger: shader cache generated - 24 shaders in 83.795776 ms
07-03 08:13:58.750  1587  1587 E audiohalservice: Could not get passthrough implementation for android.hardware.bluetooth.a2dp@1.0::IBluetoothAudioOffload/default.
07-03 08:13:58.758  1608  1608 D SurfaceFlinger: Set power mode=2, type=0 flinger=0x7dea58e58000
07-03 08:13:58.764  1608  1608 D SurfaceFlinger: Finished set power mode=2, type=0
07-03 08:13:58.785  1587  1587 W audiohalservice: Could not register Bluetooth audio offload 1.0
07-03 08:13:59.287  1589  1589 D EmulatedCamera_QemuClient: Emulated camera list: 
07-03 08:13:59.300  1589  1589 I EmulatedCamera_FakeCamera3: Constructing emulated fake camera 3: ID 0, facing back
07-03 08:13:59.301  1589  1589 I EmulatedCamera_FakeCamera3: Camera 0 capabilities:
07-03 08:13:59.301  1589  1589 I EmulatedCamera_FakeCamera3:   BACKWARD_COMPATIBLE
07-03 08:13:59.301  1589  1589 I EmulatedCamera_FakeCamera3:   MANUAL_SENSOR
07-03 08:13:59.301  1589  1589 I EmulatedCamera_FakeCamera3:   MANUAL_POST_PROCESSING
07-03 08:13:59.301  1589  1589 I EmulatedCamera_FakeCamera3:   READ_SENSOR_SETTINGS
07-03 08:13:59.301  1589  1589 I EmulatedCamera_FakeCamera3:   BURST_CAPTURE
07-03 08:13:59.301  1589  1589 I EmulatedCamera_FakeCamera3:   FULL_LEVEL
07-03 08:13:59.301  1589  1589 I EmulatedCamera_FakeCamera3:   (null)
07-03 08:13:59.307  1589  1589 E EmulatedCamera_Factory: 1 cameras are being emulated. 1 of them are fake cameras.
07-03 08:13:59.308  1589  1589 E EmulatedCamera_HotplugThread: createFileIfNotExists: Could not create file '/data/misc/media/emulator.camera.hotplug.0', error: 'Permission denied' (13)
07-03 08:13:59.332  1589  1589 I CamProvider@2.4-impl: Loaded "Emulated Camera Module" camera module
07-03 08:13:59.332  1589  1589 E CamProvider@2.4-impl: setUpVendorTags: Vendor tag operations not fully defined. Ignoring definitions.
07-03 08:13:59.332  1589  1589 E CamProvider@2.4-impl: initialize: Vendor tag setup failed, will not be available.
07-03 08:13:59.333  1589  1589 V EmulatedCamera_BaseCamera: getCameraInfo
07-03 08:13:59.348  1589  1589 I ServiceManagement: Removing namespace from process name android.hardware.camera.provider@2.4-service to provider@2.4-service.
07-03 08:13:59.400  1589  1589 I android.hardware.camera.provider@2.4-service: Registration complete for android.hardware.camera.provider@2.4::ICameraProvider/legacy/0.
07-03 08:13:59.895  1533  1533 W hwservicemanager: getTransport: Cannot find entry android.hardware.keymaster@4.0::IKeymasterDevice/default in either framework or device manifest.
07-03 08:14:00.933  1606  1606 I FastMixerState: sMaxFastTracks = 8
07-03 08:14:01.067  1606  1606 V MediaUtils: physMem: 2096123904
07-03 08:14:01.067  1606  1606 V MediaUtils: requested limit: 419224780
07-03 08:14:01.067  1606  1606 V MediaUtils: cfi shadow size: 32768
07-03 08:14:01.067  1606  1606 V MediaUtils: actual limit: 419257548
07-03 08:14:01.068  1606  1606 V MediaUtils: original limits: 4294967295/4294967295
07-03 08:14:01.068  1606  1606 V MediaUtils: new limits: 419257548/4294967295
07-03 08:14:01.105  1606  1606 I audioserver: ServiceManager: 0xe489aa60
07-03 08:14:01.112  1606  1606 W BatteryNotifier: batterystats service unavailable!
07-03 08:14:01.187  1533  1533 W hwservicemanager: getTransport: Cannot find entry android.hardware.audio@4.0::IDevicesFactory/msd in either framework or device manifest.
07-03 08:14:01.250  1606  1606 I AudioFlinger: Using default 3000 mSec as standby time.
07-03 08:14:01.332  1606  1606 I APM::ConfigParsingUtils: loadAudioPolicyConfig() loaded /vendor/etc/audio_policy.conf
07-03 08:14:01.362  1587  1658 D audio_hw_generic: Emulator host-side ALSA audio emulation detected.
07-03 08:14:01.364  1587  1658 D audio_hw_generic: mixer 0 name Master Playback Volume
07-03 08:14:01.365  1587  1658 D audio_hw_generic: set ctl 0 to 100
07-03 08:14:01.366  1587  1658 D audio_hw_generic: set ctl 1 to 100
07-03 08:14:01.366  1587  1658 D audio_hw_generic: mixer 1 name Master Playback Switch
07-03 08:14:01.366  1587  1658 D audio_hw_generic: set ctl 0 to 1
07-03 08:14:01.367  1587  1658 D audio_hw_generic: set ctl 1 to 1
07-03 08:14:01.367  1587  1658 D audio_hw_generic: mixer 2 name Capture Volume
07-03 08:14:01.367  1587  1658 D audio_hw_generic: set ctl 0 to 100
07-03 08:14:01.367  1587  1658 D audio_hw_generic: set ctl 1 to 100
07-03 08:14:01.367  1587  1658 D audio_hw_generic: mixer 3 name Capture Switch
07-03 08:14:01.367  1587  1658 D audio_hw_generic: set ctl 0 to 1
07-03 08:14:01.367  1587  1658 D audio_hw_generic: set ctl 1 to 1
07-03 08:14:01.367  1587  1658 D audio_hw_generic: mixer 4 name Line Phantom Jack
07-03 08:14:01.367  1587  1658 D audio_hw_generic: mixer 5 name Line Out Phantom Jack
07-03 08:14:01.367  1587  1658 D audio_hw_generic: mixer 6 name Playback Channel Map
07-03 08:14:01.367  1587  1658 D audio_hw_generic: mixer 7 name Capture Channel Map
07-03 08:14:01.395  1587  1658 W DeviceHAL: Error from HAL Device in function get_master_volume: Function not implemented
07-03 08:14:01.410  1587  1658 W DeviceHAL: Error from HAL Device in function get_master_mute: Function not implemented
07-03 08:14:01.412  1587  1587 W DeviceHAL: Error from HAL Device in function set_master_volume: Function not implemented
07-03 08:14:01.413  1587  1587 W DeviceHAL: Error from HAL Device in function set_master_mute: Function not implemented
07-03 08:14:01.413  1606  1606 I AudioFlinger: loadHwModule() Loaded primary audio interface, handle 10
07-03 08:14:01.414  1606  1606 I AudioFlinger: openOutput() this 0xe48bc000, module 10 Device 0x2, SamplingRate 48000, Format 0x000001, Channels 0x3, flags 0x2
07-03 08:14:01.522  1606  1606 I AudioFlinger: HAL output buffer size 720 frames, normal sink buffer size 1152 frames
07-03 08:14:01.712  1606  1606 I BufferProvider: found effect "Multichannel Downmix To Stereo" from The Android Open Source Project
07-03 08:14:01.730  1606  1670 I AudioFlinger: AudioFlinger's thread 0xe3f03e40 tid=1670 ready to run
07-03 08:14:01.762  1606  1670 W AudioFlinger: no wake lock to update, system not ready yet
07-03 08:14:01.765  1606  1606 I AudioFlinger: Using module 10 as the primary audio interface
07-03 08:14:01.779  1606  1606 W AudioFlinger: moveEffects() bad srcOutput 0
07-03 08:14:01.780  1606  1670 W AudioFlinger: no wake lock to update, system not ready yet
07-03 08:14:01.908  1606  1673 I AudioFlinger: AudioFlinger's thread 0xe3c16800 tid=1673 ready to run
07-03 08:14:01.991  1587  1587 I r_submix: adev_open(name=audio_hw_if)
07-03 08:14:02.020  1587  1587 I r_submix: adev_init_check()
07-03 08:14:02.021  1587  1587 W DeviceHAL: Error from HAL Device in function set_master_mute: Function not implemented
07-03 08:14:02.021  1606  1606 I AudioFlinger: loadHwModule() Loaded r_submix audio interface, handle 18
07-03 08:14:02.022  1587  1587 D r_submix: adev_open_input_stream(addr=0)
07-03 08:14:02.030  1587  1587 D r_submix: submix_audio_device_create_pipe_l(addr=0, idx=9)
07-03 08:14:02.030  1587  1587 D r_submix:   now using address 0 for route 9
07-03 08:14:02.110  1606  1674 I AudioFlinger: AudioFlinger's thread 0xe3c16f80 tid=1674 ready to run
07-03 08:14:02.132  1587  1667 D r_submix: adev_close_input_stream()
07-03 08:14:02.132  1587  1667 D r_submix: submix_audio_device_release_pipe_l(idx=9) addr=0
07-03 08:14:02.133  1587  1667 D r_submix: submix_audio_device_destroy_pipe_l(): pipe destroyed
07-03 08:14:02.160  1606  1606 I         : Waiting for activity service
07-03 08:14:03.522  1654  1654 I BootAnimation: boot animation disabled
07-03 08:14:09.497  1536  1546 I chatty  : uid=0(root) Binder:1536_2 expire 1 line
07-03 08:14:13.723  1536  1620 I chatty  : uid=0(root) Binder:1536_2 expire 246 lines
07-03 08:14:14.861  1536  1620 V vold    : Copying 8 blocks at offset 1745420288
07-03 08:14:14.862  1536  1620 V vold    : Copying 8 blocks at offset 1745453056
07-03 08:14:14.862  1536  1620 V vold    : Copying 8 blocks at offset 1745485824
07-03 08:14:14.862  1536  1620 V vold    : Copying 8 blocks at offset 1745518592
07-03 08:14:14.862  1536  1620 V vold    : Copying 8 blocks at offset 1745551360
07-03 08:14:14.870  1536  1620 V vold    : Copying 8 blocks at offset 1745584128
07-03 08:14:14.870  1536  1620 V vold    : Copying 8 blocks at offset 1745616896
07-03 08:14:14.871  1536  1620 V vold    : Copying 8 blocks at offset 1745649664
07-03 08:14:14.871  1536  1620 V vold    : Copying 8 blocks at offset 1745682432
07-03 08:14:14.871  1536  1620 V vold    : Copying 8 blocks at offset 1745715200
07-03 08:14:14.871  1536  1620 V vold    : Copying 8 blocks at offset 1745747968
07-03 08:14:14.872  1536  1620 V vold    : Copying 8 blocks at offset 1745780736
07-03 08:14:14.872  1536  1620 V vold    : Copying 8 blocks at offset 1745813504
07-03 08:14:14.879  1536  1620 V vold    : Copying 8 blocks at offset 1745846272
07-03 08:14:14.879  1536  1620 V vold    : Copying 8 blocks at offset 1745879040
07-03 08:14:14.879  1536  1620 V vold    : Copying 8 blocks at offset 1745911808
07-03 08:14:14.879  1536  1620 V vold    : Copying 8 blocks at offset 1745944576
07-03 08:14:14.880  1536  1620 V vold    : Copying 8 blocks at offset 1745977344
07-03 08:14:14.881  1536  1620 V vold    : Copying 8 blocks at offset 1746010112
07-03 08:14:14.881  1536  1620 V vold    : Copying 8 blocks at offset 1746042880
07-03 08:14:14.881  1536  1620 V vold    : Copying 8 blocks at offset 1746075648
07-03 08:14:14.890  1536  1620 V vold    : Copying 8 blocks at offset 1746108416
07-03 08:14:14.890  1536  1620 V vold    : Copying 8 blocks at offset 1746141184
07-03 08:14:14.891  1536  1620 V vold    : Copying 8 blocks at offset 1746173952
07-03 08:14:14.891  1536  1620 V vold    : Copying 8 blocks at offset 1746206720
07-03 08:14:14.891  1536  1620 V vold    : Copying 8 blocks at offset 1746239488
07-03 08:14:14.892  1536  1620 V vold    : Copying 8 blocks at offset 1746272256
07-03 08:14:14.892  1536  1620 V vold    : Copying 8 blocks at offset 1746305024
07-03 08:14:14.892  1536  1620 V vold    : Copying 8 blocks at offset 1746337792
07-03 08:14:14.896  1536  1620 V vold    : Copying 8 blocks at offset 1746370560
07-03 08:14:14.897  1536  1620 V vold    : Copying 8 blocks at offset 1746403328
07-03 08:14:14.897  1536  1620 V vold    : Copying 8 blocks at offset 1746436096
07-03 08:14:14.897  1536  1620 V vold    : Copying 8 blocks at offset 1746468864
07-03 08:14:14.898  1536  1620 V vold    : Copying 8 blocks at offset 1746501632
07-03 08:14:14.898  1536  1620 V vold    : Copying 8 blocks at offset 1746534400
07-03 08:14:14.898  1536  1620 V vold    : Copying 8 blocks at offset 1746567168
07-03 08:14:14.898  1536  1620 V vold    : Copying 8 blocks at offset 1746599936
07-03 08:14:14.907  1536  1620 V vold    : Copying 8 blocks at offset 1746632704
07-03 08:14:14.913  1536  1620 V vold    : Copying 8 blocks at offset 1746665472
07-03 08:14:14.913  1536  1620 V vold    : Copying 8 blocks at offset 1746698240
07-03 08:14:14.913  1536  1620 V vold    : Copying 8 blocks at offset 1746731008
07-03 08:14:14.914  1536  1620 V vold    : Copying 8 blocks at offset 1746763776
07-03 08:14:14.914  1536  1620 V vold    : Copying 8 blocks at offset 1746796544
07-03 08:14:14.914  1536  1620 V vold    : Copying 8 blocks at offset 1746829312
07-03 08:14:14.914  1536  1620 V vold    : Copying 8 blocks at offset 1746862080
07-03 08:14:14.920  1536  1620 V vold    : Copying 8 blocks at offset 1746894848
07-03 08:14:14.921  1536  1620 V vold    : Copying 2 blocks at offset 1746927616
07-03 08:14:14.959  1536  1620 I vold    : Encrypting group 14
07-03 08:14:15.470  1536  1620 V vold    : Copying 8 blocks at offset 1879048192
07-03 08:14:15.819  1536  1620 I vold    : Encrypted to sector 218366976
07-03 08:14:15.819  1536  1620 I vold    : Encrypting from sector 234881024
07-03 08:14:15.819  1536  1620 V vold    : Copying 8 blocks at offset 1879080960
07-03 08:14:15.819  1536  1620 V vold    : Copying 8 blocks at offset 1879113728
07-03 08:14:15.821  1536  1620 V vold    : Copying 8 blocks at offset 1879146496
07-03 08:14:15.821  1536  1620 V vold    : Copying 8 blocks at offset 1879179264
07-03 08:14:15.821  1536  1620 V vold    : Copying 8 blocks at offset 1879212032
07-03 08:14:15.822  1536  1620 V vold    : Copying 8 blocks at offset 1879244800
07-03 08:14:16.147  1536  1620 V vold    : Copying 8 blocks at offset 1879277568
07-03 08:14:16.147  1536  1620 V vold    : Copying 8 blocks at offset 1879310336
07-03 08:14:16.147  1536  1620 V vold    : Copying 8 blocks at offset 1879343104
07-03 08:14:16.148  1536  1620 V vold    : Copying 8 blocks at offset 1879375872
07-03 08:14:16.148  1536  1620 V vold    : Copying 8 blocks at offset 1879408640
07-03 08:14:16.183  1536  1620 V vold    : Copying 8 blocks at offset 1879441408
07-03 08:14:16.183  1536  1620 V vold    : Copying 8 blocks at offset 1879474176
07-03 08:14:16.183  1536  1620 V vold    : Copying 8 blocks at offset 1879506944
07-03 08:14:16.183  1536  1620 V vold    : Copying 8 blocks at offset 1879539712
07-03 08:14:16.184  1536  1620 V vold    : Copying 8 blocks at offset 1879572480
07-03 08:14:16.186  1536  1620 V vold    : Copying 8 blocks at offset 1879605248
07-03 08:14:16.186  1536  1620 V vold    : Copying 8 blocks at offset 1879638016
07-03 08:14:16.194  1536  1620 V vold    : Copying 8 blocks at offset 1879670784
07-03 08:14:16.194  1536  1620 V vold    : Copying 8 blocks at offset 1879703552
07-03 08:14:16.194  1536  1620 V vold    : Copying 8 blocks at offset 1879736320
07-03 08:14:16.194  1536  1620 V vold    : Copying 8 blocks at offset 1879769088
07-03 08:14:16.302  1536  1620 V vold    : Copying 8 blocks at offset 1879801856
07-03 08:14:16.302  1536  1620 V vold    : Copying 8 blocks at offset 1879834624
07-03 08:14:16.303  1536  1620 V vold    : Copying 8 blocks at offset 1879867392
07-03 08:14:16.304  1536  1620 V vold    : Copying 8 blocks at offset 1879900160
07-03 08:14:16.305  1536  1620 V vold    : Copying 8 blocks at offset 1879932928
07-03 08:14:16.306  1536  1620 V vold    : Copying 8 blocks at offset 1879965696
07-03 08:14:16.306  1536  1620 V vold    : Copying 8 blocks at offset 1879998464
07-03 08:14:16.306  1536  1620 V vold    : Copying 8 blocks at offset 1880031232
07-03 08:14:16.307  1536  1620 V vold    : Copying 8 blocks at offset 1880064000
07-03 08:14:16.308  1536  1620 V vold    : Copying 8 blocks at offset 1880096768
07-03 08:14:16.308  1536  1620 V vold    : Copying 8 blocks at offset 1880129536
07-03 08:14:16.308  1536  1620 V vold    : Copying 8 blocks at offset 1880162304
07-03 08:14:16.309  1536  1620 V vold    : Copying 8 blocks at offset 1880195072
07-03 08:14:16.309  1536  1620 V vold    : Copying 8 blocks at offset 1880227840
07-03 08:14:16.309  1536  1620 V vold    : Copying 8 blocks at offset 1880260608
07-03 08:14:16.310  1536  1620 V vold    : Copying 8 blocks at offset 1880293376
07-03 08:14:16.311  1536  1620 V vold    : Copying 8 blocks at offset 1880326144
07-03 08:14:16.311  1536  1620 V vold    : Copying 8 blocks at offset 1880358912
07-03 08:14:16.311  1536  1620 V vold    : Copying 8 blocks at offset 1880391680
07-03 08:14:16.311  1536  1620 V vold    : Copying 8 blocks at offset 1880424448
07-03 08:14:16.312  1536  1620 V vold    : Copying 8 blocks at offset 1880457216
07-03 08:14:16.312  1536  1620 V vold    : Copying 8 blocks at offset 1880489984
07-03 08:14:16.312  1536  1620 V vold    : Copying 8 blocks at offset 1880522752
07-03 08:14:16.313  1536  1620 V vold    : Copying 8 blocks at offset 1880555520
07-03 08:14:16.313  1536  1620 V vold    : Copying 8 blocks at offset 1880588288
07-03 08:14:16.314  1536  1620 V vold    : Copying 8 blocks at offset 1880621056
07-03 08:14:16.314  1536  1620 V vold    : Copying 8 blocks at offset 1880653824
07-03 08:14:16.314  1536  1620 V vold    : Copying 8 blocks at offset 1880686592
07-03 08:14:16.315  1536  1620 V vold    : Copying 8 blocks at offset 1880719360
07-03 08:14:16.315  1536  1620 V vold    : Copying 8 blocks at offset 1880752128
07-03 08:14:16.315  1536  1620 V vold    : Copying 8 blocks at offset 1880784896
07-03 08:14:16.315  1536  1620 V vold    : Copying 8 blocks at offset 1880817664
07-03 08:14:16.316  1536  1620 V vold    : Copying 8 blocks at offset 1880850432
07-03 08:14:16.316  1536  1620 V vold    : Copying 8 blocks at offset 1880883200
07-03 08:14:16.316  1536  1620 V vold    : Copying 8 blocks at offset 1880915968
07-03 08:14:16.317  1536  1620 V vold    : Copying 8 blocks at offset 1880948736
07-03 08:14:16.318  1536  1620 V vold    : Copying 8 blocks at offset 1880981504
07-03 08:14:16.318  1536  1620 V vold    : Copying 8 blocks at offset 1881014272
07-03 08:14:16.318  1536  1620 V vold    : Copying 8 blocks at offset 1881047040
07-03 08:14:16.318  1536  1620 V vold    : Copying 8 blocks at offset 1881079808
07-03 08:14:16.319  1536  1620 V vold    : Copying 8 blocks at offset 1881112576
07-03 08:14:16.319  1536  1620 V vold    : Copying 2 blocks at offset 1881145344
07-03 08:14:16.344  1536  1620 I vold    : Encrypting group 15
07-03 08:14:16.344  1536  1620 V vold    : Copying 8 blocks at offset 2013265920
07-03 08:14:16.345  1536  1620 I vold    : Encrypted to sector 235144192
07-03 08:14:16.345  1536  1620 I vold    : Encrypting from sector 251658240
07-03 08:14:16.345  1536  1620 V vold    : Copying 8 blocks at offset 2013298688
07-03 08:14:16.345  1536  1620 V vold    : Copying 8 blocks at offset 2013331456
07-03 08:14:16.346  1536  1620 V vold    : Copying 8 blocks at offset 2013364224
07-03 08:14:16.347  1536  1620 V vold    : Copying 8 blocks at offset 2013396992
07-03 08:14:16.347  1536  1620 V vold    : Copying 8 blocks at offset 2013429760
07-03 08:14:16.347  1536  1620 V vold    : Copying 8 blocks at offset 2013462528
07-03 08:14:16.348  1536  1620 V vold    : Copying 8 blocks at offset 2013495296
07-03 08:14:16.348  1536  1620 V vold    : Copying 8 blocks at offset 2013528064
07-03 08:14:16.348  1536  1620 V vold    : Copying 8 blocks at offset 2013560832
07-03 08:14:16.348  1536  1620 V vold    : Copying 8 blocks at offset 2013593600
07-03 08:14:16.349  1536  1620 V vold    : Copying 8 blocks at offset 2013626368
07-03 08:14:16.349  1536  1620 V vold    : Copying 8 blocks at offset 2013659136
07-03 08:14:16.349  1536  1620 V vold    : Copying 8 blocks at offset 2013691904
07-03 08:14:16.350  1536  1620 V vold    : Copying 8 blocks at offset 2013724672
07-03 08:14:16.351  1536  1620 V vold    : Copying 8 blocks at offset 2013757440
07-03 08:14:16.351  1536  1620 V vold    : Copying 8 blocks at offset 2013790208
07-03 08:14:16.351  1536  1620 V vold    : Copying 8 blocks at offset 2013822976
07-03 08:14:16.352  1536  1620 V vold    : Copying 8 blocks at offset 2013855744
07-03 08:14:16.352  1536  1620 V vold    : Copying 8 blocks at offset 2013888512
07-03 08:14:16.353  1536  1620 V vold    : Copying 8 blocks at offset 2013921280
07-03 08:14:16.353  1536  1620 V vold    : Copying 8 blocks at offset 2013954048
07-03 08:14:16.353  1536  1620 V vold    : Copying 8 blocks at offset 2013986816
07-03 08:14:16.355  1536  1620 V vold    : Copying 8 blocks at offset 2014019584
07-03 08:14:16.355  1536  1620 V vold    : Copying 8 blocks at offset 2014052352
07-03 08:14:16.355  1536  1620 V vold    : Copying 8 blocks at offset 2014085120
07-03 08:14:16.356  1536  1620 V vold    : Copying 8 blocks at offset 2014117888
07-03 08:14:16.356  1536  1620 V vold    : Copying 8 blocks at offset 2014150656
07-03 08:14:16.357  1536  1620 V vold    : Copying 8 blocks at offset 2014183424
07-03 08:14:16.357  1536  1620 V vold    : Copying 8 blocks at offset 2014216192
07-03 08:14:16.357  1536  1620 V vold    : Copying 8 blocks at offset 2014248960
07-03 08:14:16.358  1536  1620 V vold    : Copying 8 blocks at offset 2014281728
07-03 08:14:16.358  1536  1620 V vold    : Copying 8 blocks at offset 2014314496
07-03 08:14:16.358  1536  1620 V vold    : Copying 8 blocks at offset 2014347264
07-03 08:14:16.358  1536  1620 V vold    : Copying 8 blocks at offset 2014380032
07-03 08:14:16.359  1536  1620 V vold    : Copying 8 blocks at offset 2014412800
07-03 08:14:16.359  1536  1620 V vold    : Copying 8 blocks at offset 2014445568
07-03 08:14:16.359  1536  1620 V vold    : Copying 8 blocks at offset 2014478336
07-03 08:14:16.359  1536  1620 V vold    : Copying 8 blocks at offset 2014511104
07-03 08:14:16.361  1536  1620 V vold    : Copying 8 blocks at offset 2014543872
07-03 08:14:16.361  1536  1620 V vold    : Copying 8 blocks at offset 2014576640
07-03 08:14:16.361  1536  1620 V vold    : Copying 8 blocks at offset 2014609408
07-03 08:14:16.361  1536  1620 V vold    : Copying 8 blocks at offset 2014642176
07-03 08:14:16.362  1536  1620 V vold    : Copying 8 blocks at offset 2014674944
07-03 08:14:16.362  1536  1620 V vold    : Copying 8 blocks at offset 2014707712
07-03 08:14:16.362  1536  1620 V vold    : Copying 8 blocks at offset 2014740480
07-03 08:14:16.362  1536  1620 V vold    : Copying 8 blocks at offset 2014773248
07-03 08:14:16.363  1536  1620 V vold    : Copying 8 blocks at offset 2014806016
07-03 08:14:16.363  1536  1620 V vold    : Copying 8 blocks at offset 2014838784
07-03 08:14:16.364  1536  1620 V vold    : Copying 8 blocks at offset 2014871552
07-03 08:14:16.364  1536  1620 V vold    : Copying 8 blocks at offset 2014904320
07-03 08:14:16.364  1536  1620 V vold    : Copying 8 blocks at offset 2014937088
07-03 08:14:16.365  1536  1620 V vold    : Copying 8 blocks at offset 2014969856
07-03 08:14:16.365  1536  1620 V vold    : Copying 8 blocks at offset 2015002624
07-03 08:14:16.366  1536  1620 V vold    : Copying 8 blocks at offset 2015035392
07-03 08:14:16.366  1536  1620 V vold    : Copying 8 blocks at offset 2015068160
07-03 08:14:16.367  1536  1620 V vold    : Copying 8 blocks at offset 2015100928
07-03 08:14:16.367  1536  1620 V vold    : Copying 8 blocks at offset 2015133696
07-03 08:14:16.367  1536  1620 V vold    : Copying 8 blocks at offset 2015166464
07-03 08:14:16.368  1536  1620 V vold    : Copying 8 blocks at offset 2015199232
07-03 08:14:16.368  1536  1620 V vold    : Copying 8 blocks at offset 2015232000
07-03 08:14:16.368  1536  1620 V vold    : Copying 8 blocks at offset 2015264768
07-03 08:14:16.368  1536  1620 V vold    : Copying 8 blocks at offset 2015297536
07-03 08:14:16.369  1536  1620 V vold    : Copying 8 blocks at offset 2015330304
07-03 08:14:16.369  1536  1620 V vold    : Copying 2 blocks at offset 2015363072
07-03 08:14:16.393  1536  1620 I vold    : Encrypting group 16
07-03 08:14:16.394  1536  1620 V vold    : Copying 8 blocks at offset 2147483648
07-03 08:14:16.394  1536  1620 I vold    : Encrypted to sector 251921408
07-03 08:14:16.394  1536  1620 I vold    : Encrypting from sector 268435456
07-03 08:14:16.394  1536  1620 V vold    : Copying 8 blocks at offset 2147516416
07-03 08:14:16.395  1536  1620 V vold    : Copying 8 blocks at offset 2147549184
07-03 08:14:16.396  1536  1620 V vold    : Copying 8 blocks at offset 2147581952
07-03 08:14:16.396  1536  1620 V vold    : Copying 8 blocks at offset 2147614720
07-03 08:14:16.396  1536  1620 V vold    : Copying 8 blocks at offset 2147647488
07-03 08:14:16.396  1536  1620 V vold    : Copying 8 blocks at offset 2147680256
07-03 08:14:16.397  1536  1620 V vold    : Copying 8 blocks at offset 2147713024
07-03 08:14:16.397  1536  1620 V vold    : Copying 8 blocks at offset 2147745792
07-03 08:14:16.397  1536  1620 V vold    : Copying 8 blocks at offset 2147778560
07-03 08:14:16.398  1536  1620 V vold    : Copying 8 blocks at offset 2147811328
07-03 08:14:16.398  1536  1620 V vold    : Copying 8 blocks at offset 2147844096
07-03 08:14:16.398  1536  1620 V vold    : Copying 8 blocks at offset 2147876864
07-03 08:14:16.399  1536  1620 V vold    : Copying 8 blocks at offset 2147909632
07-03 08:14:16.399  1536  1620 V vold    : Copying 8 blocks at offset 2147942400
07-03 08:14:16.399  1536  1620 V vold    : Copying 8 blocks at offset 2147975168
07-03 08:14:16.400  1536  1620 V vold    : Copying 8 blocks at offset 2148007936
07-03 08:14:16.400  1536  1620 V vold    : Copying 8 blocks at offset 2148040704
07-03 08:14:16.400  1536  1620 V vold    : Copying 8 blocks at offset 2148073472
07-03 08:14:16.401  1536  1620 V vold    : Copying 8 blocks at offset 2148106240
07-03 08:14:16.401  1536  1620 V vold    : Copying 8 blocks at offset 2148139008
07-03 08:14:16.401  1536  1620 V vold    : Copying 8 blocks at offset 2148171776
07-03 08:14:16.402  1536  1620 V vold    : Copying 8 blocks at offset 2148204544
07-03 08:14:16.403  1536  1620 V vold    : Copying 8 blocks at offset 2148237312
07-03 08:14:16.403  1536  1620 V vold    : Copying 8 blocks at offset 2148270080
07-03 08:14:16.403  1536  1620 V vold    : Copying 8 blocks at offset 2148302848
07-03 08:14:16.403  1536  1620 V vold    : Copying 8 blocks at offset 2148335616
07-03 08:14:16.404  1536  1620 V vold    : Copying 8 blocks at offset 2148368384
07-03 08:14:16.404  1536  1620 V vold    : Copying 8 blocks at offset 2148401152
07-03 08:14:16.404  1536  1620 V vold    : Copying 8 blocks at offset 2148433920
07-03 08:14:16.406  1536  1620 V vold    : Copying 8 blocks at offset 2148466688
07-03 08:14:16.407  1536  1620 V vold    : Copying 8 blocks at offset 2148499456
07-03 08:14:16.407  1536  1620 V vold    : Copying 8 blocks at offset 2148532224
07-03 08:14:16.407  1536  1620 V vold    : Copying 8 blocks at offset 2148564992
07-03 08:14:16.407  1536  1620 V vold    : Copying 8 blocks at offset 2148597760
07-03 08:14:16.408  1536  1620 V vold    : Copying 8 blocks at offset 2148630528
07-03 08:14:16.408  1536  1620 V vold    : Copying 8 blocks at offset 2148663296
07-03 08:14:16.408  1536  1620 V vold    : Copying 8 blocks at offset 2148696064
07-03 08:14:16.408  1536  1620 V vold    : Copying 8 blocks at offset 2148728832
07-03 08:14:16.409  1536  1620 V vold    : Copying 8 blocks at offset 2148761600
07-03 08:14:16.409  1536  1620 V vold    : Copying 8 blocks at offset 2148794368
07-03 08:14:16.409  1536  1620 V vold    : Copying 8 blocks at offset 2148827136
07-03 08:14:16.410  1536  1620 V vold    : Copying 8 blocks at offset 2148859904
07-03 08:14:16.411  1536  1620 V vold    : Copying 8 blocks at offset 2148892672
07-03 08:14:16.411  1536  1620 V vold    : Copying 8 blocks at offset 2148925440
07-03 08:14:16.411  1536  1620 V vold    : Copying 8 blocks at offset 2148958208
07-03 08:14:16.411  1536  1620 V vold    : Copying 8 blocks at offset 2148990976
07-03 08:14:16.412  1536  1620 V vold    : Copying 8 blocks at offset 2149023744
07-03 08:14:16.412  1536  1620 V vold    : Copying 8 blocks at offset 2149056512
07-03 08:14:16.412  1536  1620 V vold    : Copying 8 blocks at offset 2149089280
07-03 08:14:16.413  1536  1620 V vold    : Copying 8 blocks at offset 2149122048
07-03 08:14:16.413  1536  1620 V vold    : Copying 8 blocks at offset 2149154816
07-03 08:14:16.414  1536  1620 V vold    : Copying 8 blocks at offset 2149187584
07-03 08:14:16.414  1536  1620 V vold    : Copying 8 blocks at offset 2149220352
07-03 08:14:16.414  1536  1620 V vold    : Copying 8 blocks at offset 2149253120
07-03 08:14:16.415  1536  1620 V vold    : Copying 8 blocks at offset 2149285888
07-03 08:14:16.415  1536  1620 V vold    : Copying 8 blocks at offset 2149318656
07-03 08:14:16.415  1536  1620 V vold    : Copying 8 blocks at offset 2149351424
07-03 08:14:16.415  1536  1620 V vold    : Copying 8 blocks at offset 2149384192
07-03 08:14:16.416  1536  1620 V vold    : Copying 8 blocks at offset 2149416960
07-03 08:14:16.417  1536  1620 V vold    : Copying 8 blocks at offset 2149449728
