07-03 08:15:12.049  1932  1982 W PackageParser: Ignoring duplicate uses-permissions/uses-permissions-sdk-m: android.permission.CHANGE_WIFI_STATE in package: com.android.nfc at: Binary XML file line #47
07-03 08:15:12.059  1932  1983 I PackageParser: Parse times for '/system/app/Chrome': parse=631ms, update_cache=33 ms
07-03 08:15:12.060  1932  1982 W PackageParser: Ignoring duplicate uses-permissions/uses-permissions-sdk-m: android.permission.ACCESS_WIFI_STATE in package: com.android.nfc at: Binary XML file line #48
07-03 08:15:12.064  1932  1932 I PackageManager: /system/app/PacProcessor changed; collecting certs
07-03 08:15:12.127  1932  1932 I PackageManager: /system/app/PrebuiltBugle changed; collecting certs
07-03 08:15:12.188  1932  1932 I PackageManager: /system/app/BluetoothMidiService changed; collecting certs
07-03 08:15:12.196  1932  1932 I PackageManager: /system/app/Chrome changed; collecting certs
07-03 08:15:12.351  1932  1984 I PackageParser: Parse times for '/system/app/Camera2': parse=300ms, update_cache=3 ms
07-03 08:15:12.388  1932  1982 I PackageParser: Parse times for '/system/app/Traceur': parse=274ms, update_cache=17 ms
07-03 08:15:12.448  1932  1932 I PackageManager: /system/app/NfcNci changed; collecting certs
07-03 08:15:12.485  1932  1932 E PackageManager: Adding duplicate shared id: 1027 name=com.android.nfc
07-03 08:15:12.509  1932  1932 I PackageManager: /system/app/GooglePrintRecommendationService changed; collecting certs
07-03 08:15:12.531  1932  1984 I PackageParser: Parse times for '/system/app/WebViewStub': parse=168ms, update_cache=11 ms
07-03 08:15:12.562  1932  1932 I PackageManager: /system/app/Camera2 changed; collecting certs
07-03 08:15:12.610  1932  1932 I PackageManager: /system/app/Traceur changed; collecting certs
07-03 08:15:12.716  1932  1932 I PackageManager: /system/app/CtsShimPrebuilt changed; collecting certs
07-03 08:15:12.766  1932  1932 I PackageManager: /system/app/WebViewStub changed; collecting certs
07-03 08:15:12.782  1932  1982 I PackageParser: Parse times for '/system/app/WallpapersUsTwo': parse=302ms, update_cache=2 ms
07-03 08:15:12.815  1932  1932 I PackageManager: /system/app/WallpapersUsTwo changed; collecting certs
07-03 08:15:13.009  1932  1983 W PackageParser: No actions in intent filter at /system/app/PrebuiltGmail/PrebuiltGmail.apk Binary XML file line #701
07-03 08:15:13.016  1932  1981 I PackageParser: Parse times for '/system/app/Music2': parse=796ms, update_cache=89 ms
07-03 08:15:13.017  1932  1932 I PackageManager: /system/app/Music2 changed; collecting certs
07-03 08:15:13.029  1932  1983 W PackageParser: No actions in intent filter at /system/app/PrebuiltGmail/PrebuiltGmail.apk Binary XML file line #766
07-03 08:15:13.048  1932  1942 I system_server: Background concurrent copying GC freed 28807(2MB) AllocSpace objects, 14(668KB) LOS objects, 42% free, 5MB/9MB, paused 12.755ms total 877.208ms
07-03 08:15:13.078  1932  1983 I PackageParser: Parse times for '/system/app/PrebuiltGmail': parse=999ms, update_cache=20 ms
07-03 08:15:13.079  1932  1932 I PackageManager: /system/app/PrebuiltGmail changed; collecting certs
07-03 08:15:13.110  1932  1932 D PackageManager: No files in app dir /vendor/priv-app
07-03 08:15:13.110  1932  1932 D PackageManager: No files in app dir /vendor/app
07-03 08:15:13.112  1932  1932 D PackageManager: No files in app dir /odm/priv-app
07-03 08:15:13.114  1932  1932 D PackageManager: No files in app dir /odm/app
07-03 08:15:13.115  1932  1932 D PackageManager: No files in app dir /oem/app
07-03 08:15:13.116  1932  1932 D PackageManager: No files in app dir /system/product/priv-app
07-03 08:15:13.116  1932  1932 D PackageManager: No files in app dir /system/product/app
07-03 08:15:13.122  1932  1932 I PackageManager: Finished scanning system apps. Time: 9713 ms, packageCount: 109 , timePerPackage: 89 , cached: 0
07-03 08:15:13.123  1932  1932 D PackageManager: No files in app dir /data/app
07-03 08:15:13.123  1932  1932 D PackageManager: No files in app dir /data/app-private
07-03 08:15:13.124  1932  1932 I PackageManager: Finished scanning non-system apps. Time: 2 ms, packageCount: 0 , timePerPackage: 0 , cached: 0
07-03 08:15:13.175  1932  1932 I PackageManager: Time to scan packages: 9.766 seconds
07-03 08:15:13.252  1932  1932 W PackageSettings: No potential matches found for Intent { act=android.intent.action.EDIT typ=image/bmp } while setting preferred com.google.android.apps.plus/.editor.PlusEditorActivity
07-03 08:15:13.253  1932  1932 W PackageSettings: No potential matches found for Intent { act=android.intent.action.EDIT typ=image/jpeg } while setting preferred com.google.android.apps.plus/.editor.PlusEditorActivity
07-03 08:15:13.253  1932  1932 W PackageSettings: No potential matches found for Intent { act=android.intent.action.EDIT typ=image/gif } while setting preferred com.google.android.apps.plus/.editor.PlusEditorActivity
07-03 08:15:13.253  1932  1932 W PackageSettings: No potential matches found for Intent { act=android.intent.action.EDIT typ=image/png } while setting preferred com.google.android.apps.plus/.editor.PlusEditorActivity
07-03 08:15:13.255  1932  1932 W PackageSettings: No potential matches found for Intent { act=android.intent.action.EDIT typ=image/webp } while setting preferred com.google.android.apps.plus/.editor.PlusEditorActivity
07-03 08:15:13.255  1932  1932 W PackageSettings: No potential matches found for Intent { act=android.intent.action.EDIT typ=image/x-ms-bmp } while setting preferred com.google.android.apps.plus/.editor.PlusEditorActivity
07-03 08:15:13.256  1932  1932 W PackageSettings: No potential matches found for Intent { act=android.intent.action.EDIT typ=image/vnd.wap.wbmp } while setting preferred com.google.android.apps.plus/.editor.PlusEditorActivity
07-03 08:15:13.256  1932  1932 W PackageSettings: No potential matches found for Intent { act=com.android.camera.action.CROP typ=image/bmp } while setting preferred com.google.android.apps.plus/.editor.PlusCropActivity
07-03 08:15:13.256  1932  1932 W PackageSettings: No potential matches found for Intent { act=com.android.camera.action.CROP typ=image/jpeg } while setting preferred com.google.android.apps.plus/.editor.PlusCropActivity
07-03 08:15:13.256  1932  1932 W PackageSettings: No potential matches found for Intent { act=com.android.camera.action.CROP typ=image/gif } while setting preferred com.google.android.apps.plus/.editor.PlusCropActivity
07-03 08:15:13.257  1932  1932 W PackageSettings: No potential matches found for Intent { act=com.android.camera.action.CROP typ=image/png } while setting preferred com.google.android.apps.plus/.editor.PlusCropActivity
07-03 08:15:13.257  1932  1932 W PackageSettings: No potential matches found for Intent { act=com.android.camera.action.CROP typ=image/webp } while setting preferred com.google.android.apps.plus/.editor.PlusCropActivity
07-03 08:15:13.257  1932  1932 W PackageSettings: No potential matches found for Intent { act=com.android.camera.action.CROP typ=image/x-ms-bmp } while setting preferred com.google.android.apps.plus/.editor.PlusCropActivity
07-03 08:15:13.257  1932  1932 W PackageSettings: No potential matches found for Intent { act=com.android.camera.action.CROP typ=image/vnd.wap.wbmp } while setting preferred com.google.android.apps.plus/.editor.PlusCropActivity
07-03 08:15:13.258  1932  1932 W PackageSettings: No potential matches found for Intent { act=android.intent.action.MAIN cat=[android.intent.category.APP_GALLERY] } while setting preferred com.google.android.apps.photos/.home.HomeActivity
07-03 08:15:13.258  1932  1932 W PackageSettings: No potential matches found for Intent { act=android.intent.action.EDIT typ=application/vnd.openxmlformats-officedocument.spreadsheetml.sheet } while setting preferred com.google.android.apps.docs.editors.sheets/com.google.android.apps.docs.editors.trix.quicksheet.QuickSheetDocumentOpenerActivityAlias
07-03 08:15:13.259  1932  1932 W PackageSettings: No potential matches found for Intent { act=android.intent.action.EDIT typ=application/vnd.ms-excel.sheet.macroenabled.12 } while setting preferred com.google.android.apps.docs.editors.sheets/com.google.android.apps.docs.editors.trix.quicksheet.QuickSheetDocumentOpenerActivityAlias
07-03 08:15:13.259  1932  1932 W PackageSettings: No potential matches found for Intent { act=android.intent.action.EDIT typ=application/vnd.ms-excel } while setting preferred com.google.android.apps.docs.editors.sheets/com.google.android.apps.docs.editors.trix.quicksheet.QuickSheetDocumentOpenerActivityAlias
07-03 08:15:13.259  1932  1932 W PackageSettings: No potential matches found for Intent { act=android.intent.action.EDIT typ=application/vnd.ms-excel.addin.macroenabled.12 } while setting preferred com.google.android.apps.docs.editors.sheets/com.google.android.apps.docs.editors.trix.quicksheet.QuickSheetDocumentOpenerActivityAlias
07-03 08:15:13.259  1932  1932 W PackageSettings: No potential matches found for Intent { act=android.intent.action.EDIT typ=application/vnd.ms-excel.template.macroenabled.12 } while setting preferred com.google.android.apps.docs.editors.sheets/com.google.android.apps.docs.editors.trix.quicksheet.QuickSheetDocumentOpenerActivityAlias
07-03 08:15:13.259  1932  1932 W PackageSettings: No potential matches found for Intent { act=android.intent.action.EDIT typ=application/vnd.openxmlformats-officedocument.spreadsheetml.template } while setting preferred com.google.android.apps.docs.editors.sheets/com.google.android.apps.docs.editors.trix.quicksheet.QuickSheetDocumentOpenerActivityAlias
07-03 08:15:13.259  1932  1932 W PackageSettings: No potential matches found for Intent { act=android.intent.action.EDIT typ=application/x-msexcel } while setting preferred com.google.android.apps.docs.editors.sheets/com.google.android.apps.docs.editors.trix.quicksheet.QuickSheetDocumentOpenerActivityAlias
07-03 08:15:13.261  1932  1932 W PackageSettings: No potential matches found for Intent { act=android.intent.action.EDIT typ=application/vnd.ms-word } while setting preferred com.google.android.apps.docs.editors.docs/com.google.android.apps.docs.editors.kix.quickword.QuickWordDocumentOpenerActivityAlias
07-03 08:15:13.261  1932  1932 W PackageSettings: No potential matches found for Intent { act=android.intent.action.EDIT typ=application/vnd.openxmlformats-officedocument.wordprocessingml.document } while setting preferred com.google.android.apps.docs.editors.docs/com.google.android.apps.docs.editors.kix.quickword.QuickWordDocumentOpenerActivityAlias
07-03 08:15:13.262  1932  1932 W PackageSettings: No potential matches found for Intent { act=android.intent.action.EDIT typ=application/vnd.ms-word.document.macroenabled.12 } while setting preferred com.google.android.apps.docs.editors.docs/com.google.android.apps.docs.editors.kix.quickword.QuickWordDocumentOpenerActivityAlias
07-03 08:15:13.262  1932  1932 W PackageSettings: No potential matches found for Intent { act=android.intent.action.EDIT typ=application/msword } while setting preferred com.google.android.apps.docs.editors.docs/com.google.android.apps.docs.editors.kix.quickword.QuickWordDocumentOpenerActivityAlias
07-03 08:15:13.263  1932  1932 W PackageSettings: No potential matches found for Intent { act=android.intent.action.EDIT typ=application/vnd.ms-word.template.macroenabled.12 } while setting preferred com.google.android.apps.docs.editors.docs/com.google.android.apps.docs.editors.kix.quickword.QuickWordDocumentOpenerActivityAlias
07-03 08:15:13.263  1932  1932 W PackageSettings: No potential matches found for Intent { act=android.intent.action.EDIT typ=application/vnd.openxmlformats-officedocument.wordprocessingml.template } while setting preferred com.google.android.apps.docs.editors.docs/com.google.android.apps.docs.editors.kix.quickword.QuickWordDocumentOpenerActivityAlias
07-03 08:15:13.263  1932  1932 W PackageSettings: No potential matches found for Intent { act=android.intent.action.EDIT typ=application/x-msword } while setting preferred com.google.android.apps.docs.editors.docs/com.google.android.apps.docs.editors.kix.quickword.QuickWordDocumentOpenerActivityAlias
07-03 08:15:13.263  1932  1932 W PackageSettings: No potential matches found for Intent { act=android.intent.action.EDIT typ=application/vnd.openxmlformats-officedocument.presentationml.presentation } while setting preferred com.google.android.apps.docs.editors.slides/com.google.android.apps.docs.editors.kix.quickword.QuickWordDocumentOpenerActivityAlias
07-03 08:15:13.264  1932  1932 W PackageSettings: No potential matches found for Intent { act=android.intent.action.EDIT typ=application/vnd.ms-powerpoint } while setting preferred com.google.android.apps.docs.editors.slides/com.google.android.apps.docs.editors.kix.quickword.QuickWordDocumentOpenerActivityAlias
07-03 08:15:13.264  1932  1932 W PackageSettings: No potential matches found for Intent { act=android.intent.action.EDIT typ=application/vnd.openxmlformats-officedocument.presentationml.template } while setting preferred com.google.android.apps.docs.editors.slides/com.google.android.apps.docs.editors.kix.quickword.QuickWordDocumentOpenerActivityAlias
07-03 08:15:13.264  1932  1932 W PackageSettings: No potential matches found for Intent { act=android.intent.action.EDIT typ=application/vnd.ms-powerpoint.presentation.macroenabled.12 } while setting preferred com.google.android.apps.docs.editors.slides/com.google.android.apps.docs.editors.kix.quickword.QuickWordDocumentOpenerActivityAlias
07-03 08:15:13.264  1932  1932 W PackageSettings: No potential matches found for Intent { act=android.intent.action.EDIT typ=application/vnd.openxmlformats-officedocument.presentationml.slideshow } while setting preferred com.google.android.apps.docs.editors.slides/com.google.android.apps.docs.editors.kix.quickword.QuickWordDocumentOpenerActivityAlias
07-03 08:15:13.264  1932  1932 W PackageSettings: No potential matches found for Intent { act=android.intent.action.EDIT typ=application/vnd.ms-powerpoint.slideshow.macroenabled.12 } while setting preferred com.google.android.apps.docs.editors.slides/com.google.android.apps.docs.editors.kix.quickword.QuickWordDocumentOpenerActivityAlias
07-03 08:15:13.264  1932  1932 W PackageSettings: No potential matches found for Intent { act=android.intent.action.EDIT typ=application/x-mspowerpoint } while setting preferred com.google.android.apps.docs.editors.slides/com.google.android.apps.docs.editors.kix.quickword.QuickWordDocumentOpenerActivityAlias
07-03 08:15:13.294  1932  1932 W PackageManager: Unknown package com.google.android.apps.docs.editors.docs in sysconfig <app-link>
07-03 08:15:13.294  1932  1932 W PackageManager: Unknown package com.google.android.apps.docs.editors.sheets in sysconfig <app-link>
07-03 08:15:13.294  1932  1932 W PackageManager: Unknown package com.google.android.apps.docs.editors.slides in sysconfig <app-link>
07-03 08:15:13.294  1932  1932 W PackageManager: Sysconfig <app-link> package 'com.android.vending' does not handle web links
07-03 08:15:13.296  1932  1932 W PackageManager: Unknown package com.google.android.apps.plus in sysconfig <app-link>
07-03 08:15:13.296  1932  1932 W PackageManager: Unknown package com.google.android.apps.tycho in sysconfig <app-link>
07-03 08:15:13.296  1932  1932 W PackageManager: Unknown package com.google.android.talk in sysconfig <app-link>
07-03 08:15:13.298  1932  1932 V PackageManager: reconcileAppsData for null u0 0x3 migrateAppData=true
07-03 08:15:13.324  1755  1991 I SELinux : SELinux: Loaded file_contexts
07-03 08:15:13.366  1755  1991 W installd: Requested default storage /data/user_de/0/com.google.android.ext.services is not active; migrating from /data/data/com.google.android.ext.services
07-03 08:15:13.401  1755  1991 W installd: Requested default storage /data/user_de/0/com.android.providers.telephony is not active; migrating from /data/data/com.android.providers.telephony
07-03 08:15:13.432  1755  1991 W installd: Requested default storage /data/user_de/0/com.google.android.ext.shared is not active; migrating from /data/data/com.google.android.ext.shared
07-03 08:15:13.485  1755  1991 W installd: Requested default storage /data/user_de/0/com.android.defcontainer is not active; migrating from /data/data/com.android.defcontainer
07-03 08:15:13.511  1755  1991 W installd: Requested default storage /data/user_de/0/android is not active; migrating from /data/data/android
07-03 08:15:13.538  1755  1991 W installd: Requested default storage /data/user_de/0/com.android.providers.settings is not active; migrating from /data/data/com.android.providers.settings
07-03 08:15:13.565  1755  1991 W installd: Requested default storage /data/user_de/0/com.android.inputdevices is not active; migrating from /data/data/com.android.inputdevices
07-03 08:15:13.616  1755  1776 W installd: Requested default storage /data/user_de/0/com.android.server.telecom is not active; migrating from /data/data/com.android.server.telecom
07-03 08:15:13.644  1755  1776 W installd: Requested default storage /data/user_de/0/com.google.android.packageinstaller is not active; migrating from /data/data/com.google.android.packageinstaller
07-03 08:15:13.674  1755  1776 W installd: Requested default storage /data/user_de/0/com.android.proxyhandler is not active; migrating from /data/data/com.android.proxyhandler
07-03 08:15:13.717  1755  1776 W installd: Requested default storage /data/user_de/0/com.android.settings is not active; migrating from /data/data/com.android.settings
07-03 08:15:13.847  1755  1991 W installd: Requested default storage /data/user_de/0/com.android.phone is not active; migrating from /data/data/com.android.phone
07-03 08:15:13.875  1755  1991 W installd: Requested default storage /data/user_de/0/com.android.shell is not active; migrating from /data/data/com.android.shell
07-03 08:15:13.904  1755  1755 W installd: Requested default storage /data/user_de/0/com.android.location.fused is not active; migrating from /data/data/com.android.location.fused
07-03 08:15:13.935  1755  1992 W installd: Requested default storage /data/user_de/0/com.android.systemui is not active; migrating from /data/data/com.android.systemui
07-03 08:15:13.973  1932  1932 V PackageManager: reconcileAppsData finished 18 packages
07-03 08:15:13.980  1932  1993 D SystemServerInitThreadPool: Started executing prepareAppData
07-03 08:15:13.994  1932  1993 D SystemServerTimingAsync: AppDataFixup took to complete: 14ms
07-03 08:15:14.193  1932  1932 E PackageManager: There should probably be a verifier, but, none were found
07-03 08:15:14.207  1932  1932 V PackageManager: Ephemeral resolver found; pkg: com.google.android.gms, info:ResolveInfo{e47e8db com.google.android.gms/.chimera.PersistentBoundBrokerService m=0x108000}
07-03 08:15:14.208  1932  1932 D PackageManager: Set ephemeral resolver: Pair{ComponentInfo{com.google.android.gms/com.google.android.gms.chimera.PersistentBoundBrokerService} android.intent.action.RESOLVE_INSTANT_APP_PACKAGE}
07-03 08:15:14.216  1932  1932 D PackageManager: Instant App installer not found with android.intent.action.INSTALL_INSTANT_APP_PACKAGE
07-03 08:15:14.216  1932  1932 D PackageManager: Clear ephemeral installer activity
07-03 08:15:14.233  1932  1993 W system_server: Long monitor contention with owner main (1932) at void com.android.server.pm.PackageManagerService.<init>(android.content.Context, com.android.server.pm.Installer, boolean, boolean)(PackageManagerService.java:2496) waiters=0 in void com.android.server.pm.PackageManagerService.lambda$new$0(com.android.server.pm.PackageManagerService, java.util.List, int) for 236ms
07-03 08:15:14.394  1932  1932 I system_server: Explicit concurrent copying GC freed 37209(2MB) AllocSpace objects, 12(520KB) LOS objects, 42% free, 4MB/7MB, paused 167us total 161.279ms
07-03 08:15:14.421  1932  1932 D SystemServerTiming: StartPackageManagerService took to complete: 11191ms
07-03 08:15:14.422  1932  1932 I SystemServer: StartOtaDexOptService
07-03 08:15:14.424  1932  1932 D OTADexopt: No upgrade, skipping A/B artifacts check.
07-03 08:15:14.424  1932  1932 D SystemServerTiming: StartOtaDexOptService took to complete: 2ms
07-03 08:15:14.424  1932  1932 I SystemServer: StartUserManagerService
07-03 08:15:14.425  1932  1932 I SystemServiceManager: Starting com.android.server.pm.UserManagerService$LifeCycle
07-03 08:15:14.432  1932  1932 D SystemServerTiming: StartUserManagerService took to complete: 8ms
07-03 08:15:14.432  1932  1932 I SystemServer: InitAttributerCache
07-03 08:15:14.444  1932  1932 D SystemServerTiming: InitAttributerCache took to complete: 9ms
07-03 08:15:14.444  1932  1932 I SystemServer: SetSystemProcess
07-03 08:15:14.514  1607  1607 I lowmemorykiller: lmkd data connection established
07-03 08:15:14.571  1932  1932 D SystemServerTiming: SetSystemProcess took to complete: 127ms
07-03 08:15:14.635  1932  1932 I SystemServer: StartOverlayManagerService
07-03 08:15:14.656  1533  1533 W hwservicemanager: getTransport: Cannot find entry android.hardware.soundtrigger@2.0::ISoundTriggerHw/default in either framework or device manifest.
07-03 08:15:14.659  1606  1606 E SoundTriggerHwService: could not read implementation properties
07-03 08:15:14.661  1932  1932 D SystemServerTiming: StartOverlayManagerService took to complete: 26ms
07-03 08:15:14.662  1932  1932 I SystemServer: StartBatteryService
07-03 08:15:14.663  1932  1932 I SystemServiceManager: Starting com.android.server.BatteryService
07-03 08:15:14.671  1932  2002 D SystemServerInitThreadPool: Started executing StartSensorService
07-03 08:15:14.672  1932  2002 D SensorService: nuSensorService starting...
07-03 08:15:14.683  1932  2001 D SystemServerInitThreadPool: Started executing Init OverlayManagerService
07-03 08:15:14.750  1932  1932 I android_os_HwBinder: HwBinder: Starting thread pool for default::android.hardware.health@2.0::IHealth
07-03 08:15:14.778  1932  2002 E SensorService: Reported power 0.000000 not deemed sane, clamping to 0.001000
07-03 08:15:14.785  1932  2002 I SensorService: Generated new HMAC key.
07-03 08:15:14.806  1932  2007 D SensorService: nuSensorService thread starting...
07-03 08:15:14.811  1932  2006 D SensorService: new thread SensorEventAckReceiver
07-03 08:15:14.816  1932  2002 D SystemServerTimingAsync: StartSensorService took to complete: 143ms
07-03 08:15:14.816  1932  2002 D SystemServerInitThreadPool: Finished executing StartSensorService
07-03 08:15:14.861  1932  1932 I android_os_HwBinder: HwBinder: Starting thread pool for default::android.hidl.manager@1.0::IServiceManager
07-03 08:15:14.876  1932  1932 I HealthServiceWrapper: health: HealthServiceWrapper listening to instance default
07-03 08:15:14.876  1932  1932 I BatteryService: health: Waited 0ms and received the update.
07-03 08:15:14.884  1932  2009 I android_os_HwBinder: HwBinder: Starting thread pool for default::android.hardware.health@2.0::IHealth
07-03 08:15:14.890  1932  1932 W SystemServiceManager: Service com.android.server.BatteryService took 224 ms in onStart
07-03 08:15:14.890  1932  1932 D SystemServerTiming: StartBatteryService took to complete: 228ms
07-03 08:15:14.891  1932  1932 I SystemServer: StartUsageService
07-03 08:15:14.891  1932  1932 I SystemServiceManager: Starting com.android.server.usage.UsageStatsService
07-03 08:15:15.076  1932  1932 I UsageStatsDatabase: Upgrading from version 0 to 3
07-03 08:15:15.076  1932  1932 I UsageStatsDatabase: Deleting all usage stats files
07-03 08:15:15.170  1932  1932 I UsageStatsService: User[0] Rollover scheduled @ 2025-07-04 08:15:15(1751616915063)
07-03 08:15:15.170  1932  1932 W SystemServiceManager: Service com.android.server.usage.UsageStatsService took 248 ms in onStart
07-03 08:15:15.171  1932  1932 D SystemServerTiming: StartUsageService took to complete: 280ms
07-03 08:15:15.171  1932  1932 I SystemServer: StartWebViewUpdateService
07-03 08:15:15.171  1932  1932 I SystemServiceManager: Starting com.android.server.webkit.WebViewUpdateService
07-03 08:15:15.230  1932  1932 D SystemServerTiming: StartWebViewUpdateService took to complete: 59ms
07-03 08:15:15.230  1932  1932 I SystemServer: StartBinderCallsStatsService
07-03 08:15:15.237  1932  1932 D SystemServerTiming: StartBinderCallsStatsService took to complete: 7ms
07-03 08:15:15.238  1932  1932 I SystemServer: StartKeyAttestationApplicationIdProviderService
07-03 08:15:15.239  1932  1945 D SystemServerInitThreadPool: Started executing SecondaryZygotePreload
07-03 08:15:15.239  1932  1945 I SystemServer: SecondaryZygotePreload
07-03 08:15:15.248  1932  1932 D SystemServerTiming: StartKeyAttestationApplicationIdProviderService took to complete: 10ms
07-03 08:15:15.248  1932  1932 I SystemServer: StartKeyChainSystemService
07-03 08:15:15.248  1932  1932 I SystemServiceManager: Starting com.android.server.security.KeyChainSystemService
07-03 08:15:15.249  1932  1932 D SystemServerTiming: StartKeyChainSystemService took to complete: 1ms
07-03 08:15:15.249  1932  1932 I SystemServer: StartSchedulingPolicyService
07-03 08:15:15.260  1932  2002 D SystemServerInitThreadPool: Started executing SchedulingPolicyService.<init>
07-03 08:15:15.273  1932  1945 I Zygote  : Process: zygote socket RESERVED/zygote opened, supported ABIS: x86_64
07-03 08:15:15.276  1932  2002 I SchedulingPolicyService: Moving 1765 back to group default
07-03 08:15:15.279  1932  1932 D SystemServerTiming: StartSchedulingPolicyService took to complete: 30ms
07-03 08:15:15.279  1932  1932 I SystemServer: StartTelecomLoaderService
07-03 08:15:15.306  2004  2004 W ResourceType: CREATING STRING CACHE OF 80872 bytes
07-03 08:15:15.310  1932  2002 D SystemServerInitThreadPool: Finished executing SchedulingPolicyService.<init>
07-03 08:15:15.311  1932  1932 I SystemServiceManager: Starting com.android.server.telecom.TelecomLoaderService
07-03 08:15:15.324  1932  1932 D SystemServerTiming: StartTelecomLoaderService took to complete: 45ms
07-03 08:15:15.324  1932  1932 I SystemServer: StartTelephonyRegistry
07-03 08:15:15.344  1932  1945 I Zygote  : Process: zygote socket RESERVED/zygote_secondary opened, supported ABIS: x86
07-03 08:15:15.350  1932  1932 D SystemServerTiming: StartTelephonyRegistry took to complete: 26ms
07-03 08:15:15.350  1932  1932 I SystemServer: StartEntropyMixer
07-03 08:15:15.352  1932  1932 W EntropyMixer: No existing entropy file -- first boot?
07-03 08:15:15.365  1751  1751 I Zygote  : Lazily preloading resources.
07-03 08:15:15.370  1751  1751 D Zygote  : begin preload
07-03 08:15:15.370  1751  1751 I Zygote  : Installing ICU cache reference pinning...
07-03 08:15:15.371  1751  1751 I Zygote  : Preloading ICU data...
07-03 08:15:15.402  1932  1932 I EntropyMixer: Added HW RNG output to entropy pool
07-03 08:15:15.402  1932  1932 I EntropyMixer: Writing entropy...
07-03 08:15:15.477  2004  2004 W ResourceType: idmap: overlaid 7 resources not marked overlayable
07-03 08:15:15.864  2012  2012 W ResourceType: CREATING STRING CACHE OF 80872 bytes
07-03 08:15:15.871  1932  1932 D SystemServerTiming: StartEntropyMixer took to complete: 521ms
07-03 08:15:15.871  1932  1932 I SystemServer: StartAccountManagerService
07-03 08:15:15.872  1932  1932 I SystemServiceManager: Starting com.android.server.accounts.AccountManagerService$Lifecycle
07-03 08:15:15.886  1932  1932 D SystemServerTiming: StartAccountManagerService took to complete: 14ms
07-03 08:15:15.886  1932  1932 I SystemServer: StartContentService
07-03 08:15:15.886  1932  1932 I SystemServiceManager: Starting com.android.server.content.ContentService$Lifecycle
07-03 08:15:15.898  1751  1751 D ZygoteInitTiming_lazy: BeginIcuCachePinning took to complete: 527ms
07-03 08:15:15.899  1751  1751 I Zygote  : Preloading classes...
07-03 08:15:15.945  1932  1932 W SystemServiceManager: Service com.android.server.content.ContentService$Lifecycle took 59 ms in onStart
07-03 08:15:15.945  1932  1932 D SystemServerTiming: StartContentService took to complete: 59ms
07-03 08:15:15.945  1932  1932 I SystemServer: InstallSystemProviders
07-03 08:15:16.044  2012  2012 W ResourceType: idmap: overlaid 7 resources not marked overlayable
07-03 08:15:16.121  1932  1932 I system_server: The ClassLoaderContext is a special shared library.
07-03 08:15:16.343  2014  2014 W ResourceType: CREATING STRING CACHE OF 80872 bytes
07-03 08:15:16.450  1751  1751 I PackageBackwardCompatibility: Loaded android.content.pm.OrgApacheHttpLegacyUpdater
07-03 08:15:16.465  1751  1751 I PackageBackwardCompatibility: Could not find android.content.pm.AndroidTestBaseUpdater, ignoring
07-03 08:15:16.492  2014  2014 W ResourceType: idmap: overlaid 7 resources not marked overlayable
07-03 08:15:16.951  1932  1932 I SettingsState: No settings state /data/system/users/0/settings_system.xml
07-03 08:15:17.064  1932  1932 I SettingsState: No settings state /data/system/users/0/settings_secure.xml
07-03 08:15:17.071  1932  1932 D SettingsProvider: Generated and saved new ANDROID_ID [68a2ac8abd4de428] for user 0
07-03 08:15:17.106  2017  2017 W ResourceType: CREATING STRING CACHE OF 61944 bytes
07-03 08:15:17.121  1932  1932 I SettingsState: No settings state /data/system/users/0/settings_global.xml
07-03 08:15:17.246  2017  2017 W ResourceType: idmap: overlaid 2 resources not marked overlayable
07-03 08:15:17.523  1932  1932 D SettingsProvider: Setting [com.google.android.gms/.autofill.service.AutofillService] as Autofill Service for user 0
07-03 08:15:17.893  1932  1932 I SettingsState: No settings state /data/system/users/0/settings_ssaid.xml
07-03 08:15:17.900  2020  2020 W ResourceType: CREATING STRING CACHE OF 80872 bytes
07-03 08:15:18.016  1932  1932 D SystemServerTiming: InstallSystemProviders took to complete: 2071ms
07-03 08:15:18.016  1932  1932 I SystemServer: StartDropBoxManager
07-03 08:15:18.016  1932  1932 I SystemServiceManager: Starting com.android.server.DropBoxManagerService
07-03 08:15:18.019  1932  1932 D SystemServerTiming: StartDropBoxManager took to complete: 3ms
07-03 08:15:18.065  1932  1932 I SystemServer: StartVibratorService
07-03 08:15:18.144  1533  1533 W hwservicemanager: getTransport: Cannot find entry android.hardware.vibrator@1.0::IVibrator/default in either framework or device manifest.
07-03 08:15:18.146  1533  1533 W hwservicemanager: getTransport: Cannot find entry android.hardware.vibrator@1.0::IVibrator/default in either framework or device manifest.
07-03 08:15:18.146  1932  1932 E VibratorService: vibratorOff command failed (1).
07-03 08:15:18.148  1533  1533 W hwservicemanager: getTransport: Cannot find entry android.hardware.vibrator@1.0::IVibrator/default in either framework or device manifest.
07-03 08:15:18.182  1932  1932 D SystemServerTiming: StartVibratorService took to complete: 117ms
07-03 08:15:18.182  1932  1932 I SystemServer: StartConsumerIrService
07-03 08:15:18.197  1533  1533 W hwservicemanager: getTransport: Cannot find entry android.hardware.ir@1.0::IConsumerIr/default in either framework or device manifest.
07-03 08:15:18.199  1932  1932 D SystemServerTiming: StartConsumerIrService took to complete: 17ms
07-03 08:15:18.199  1932  1932 I SystemServer: StartAlarmManagerService
07-03 08:15:18.200  1932  1932 I SystemServiceManager: Starting com.android.server.AlarmManagerService
07-03 08:15:18.225  1932  1932 W AlarmManagerService: no wall clock RTC found
07-03 08:15:18.226  1932  1932 D AlarmManagerService: Kernel timezone updated to 0 minutes west of GMT
07-03 08:15:18.290  1932  1932 W SystemServiceManager: Service com.android.server.AlarmManagerService took 67 ms in onStart
07-03 08:15:18.290  1932  1932 D SystemServerTiming: StartAlarmManagerService took to complete: 91ms
07-03 08:15:18.291  1932  1932 I SystemServer: InitWatchdog
07-03 08:15:18.291  1932  1932 D SystemServerTiming: InitWatchdog took to complete: 0ms
07-03 08:15:18.291  1932  1932 I SystemServer: StartInputManagerService
07-03 08:15:18.298  1932  1932 I InputManager: Initializing input manager, mUseDevInputEventForAudioJack=true
07-03 08:15:18.333  1932  1932 D SystemServerTiming: StartInputManagerService took to complete: 42ms
07-03 08:15:18.333  1932  1932 I SystemServer: StartWindowManagerService
07-03 08:15:18.398  2020  2020 W ResourceType: idmap: overlaid 6 resources not marked overlayable
07-03 08:15:18.465  1932  1955 I WindowManager: No existing display settings /data/system/display_settings.xml; starting empty
07-03 08:15:18.514  1932  2001 D SystemServerInitThreadPool: Finished executing Init OverlayManagerService
07-03 08:15:18.634  1932  1932 D SystemServerTiming: StartWindowManagerService took to complete: 301ms
07-03 08:15:18.634  1932  1932 I SystemServer: SetWindowManagerService
07-03 08:15:18.942  1751  1751 E ActivityRecognitionHardware: activity_recognition HAL is deprecated. class_init is effectively a no-op
07-03 08:15:19.147  1932  1932 D SystemServerTiming: SetWindowManagerService took to complete: 513ms
07-03 08:15:19.147  1932  1932 I SystemServer: WindowManagerServiceOnInitReady
07-03 08:15:19.157  1932  1953 W system_server: Long monitor contention with owner main (1932) at void com.android.server.am.ActivityManagerService.setWindowManager(com.android.server.wm.WindowManagerService)(ActivityManagerService.java:2775) waiters=0 in int com.android.server.am.ActivityManagerService.broadcastIntent(android.app.IApplicationThread, android.content.Intent, java.lang.String, android.content.IIntentReceiver, int, java.lang.String, android.os.Bundle, java.lang.String[], int, android.os.Bundle, boolean, boolean, int) for 443ms
07-03 08:15:19.186  1932  1953 W Looper  : Slow dispatch took 480ms android.fg h=com.android.server.DropBoxManagerService$3 c=null m=1
07-03 08:15:19.206  1932  1953 W Looper  : Slow delivery took 435ms android.fg h=com.android.server.DropBoxManagerService$3 c=null m=1
07-03 08:15:19.383  1932  1948 W ShortcutManager: Unable to add bookmark: com.google.android.talk/com.google.android.talk.SigningInActivity
07-03 08:15:19.383  1932  1948 W ShortcutManager: android.content.pm.PackageManager$NameNotFoundException: ComponentInfo{com.google.android.talk/com.google.android.talk.SigningInActivity}
07-03 08:15:19.383  1932  1948 W ShortcutManager: 	at android.app.ApplicationPackageManager.getActivityInfo(ApplicationPackageManager.java:435)
07-03 08:15:19.383  1932  1948 W ShortcutManager: 	at com.android.server.policy.ShortcutManager.loadShortcuts(ShortcutManager.java:142)
07-03 08:15:19.383  1932  1948 W ShortcutManager: 	at com.android.server.policy.ShortcutManager.<init>(ShortcutManager.java:62)
07-03 08:15:19.383  1932  1948 W ShortcutManager: 	at com.android.server.policy.PhoneWindowManager.init(PhoneWindowManager.java:2055)
07-03 08:15:19.383  1932  1948 W ShortcutManager: 	at com.android.server.wm.WindowManagerService$4.run(WindowManagerService.java:914)
07-03 08:15:19.383  1932  1948 W ShortcutManager: 	at android.os.Handler$BlockingRunnable.run(Handler.java:893)
07-03 08:15:19.383  1932  1948 W ShortcutManager: 	at android.os.Handler.handleCallback(Handler.java:873)
07-03 08:15:19.383  1932  1948 W ShortcutManager: 	at android.os.Handler.dispatchMessage(Handler.java:99)
07-03 08:15:19.383  1932  1948 W ShortcutManager: 	at android.os.Looper.loop(Looper.java:193)
07-03 08:15:19.383  1932  1948 W ShortcutManager: 	at android.os.HandlerThread.run(HandlerThread.java:65)
07-03 08:15:19.383  1932  1948 W ShortcutManager: 	at com.android.server.ServiceThread.run(ServiceThread.java:44)
07-03 08:15:19.383  1932  1948 W ShortcutManager: 	at com.android.server.UiThread.run(UiThread.java:43)
07-03 08:15:19.404  1751  1897 I zygote  : Background concurrent copying GC freed 6354(1359KB) AllocSpace objects, 16(316KB) LOS objects, 52% free, 1396KB/2MB, paused 20.732ms total 100.680ms
07-03 08:15:19.507  1932  1932 D SystemServerTiming: WindowManagerServiceOnInitReady took to complete: 360ms
07-03 08:15:19.508  1932  2002 D SystemServerInitThreadPool: Started executing StartHidlServices
07-03 08:15:19.513  1932  1932 I SystemServer: StartVrManagerService
07-03 08:15:19.514  1932  1932 I SystemServiceManager: Starting com.android.server.vr.VrManagerService
07-03 08:15:19.530  1932  1948 W Looper  : Slow dispatch took 381ms android.ui h=android.os.Handler c=android.os.Handler$BlockingRunnable@94530e9 m=0
07-03 08:15:19.534  1533  1533 W hwservicemanager: getTransport: Cannot find entry android.hardware.vr@1.0::IVr/default in either framework or device manifest.
07-03 08:15:19.534  1932  1932 W VrManagerService: init_native: Could not open IVr interface
07-03 08:15:19.535  1932  1932 D SystemServerTiming: StartVrManagerService took to complete: 22ms
07-03 08:15:19.536  1932  1932 I SystemServer: StartInputManager
07-03 08:15:19.536  1932  1932 I InputManager: Starting input manager
07-03 08:15:19.542  1932  1932 D SystemServerTiming: StartInputManager took to complete: 6ms
07-03 08:15:19.542  1932  1932 I SystemServer: DisplayManagerWindowManagerAndInputReady
07-03 08:15:19.543  1932  1932 D SystemServerTiming: DisplayManagerWindowManagerAndInputReady took to complete: 1ms
07-03 08:15:19.544  1932  1932 I SystemServer: No Bluetooth Service (emulator)
07-03 08:15:19.544  1932  1932 I SystemServer: IpConnectivityMetrics
07-03 08:15:19.544  1932  1932 I SystemServiceManager: Starting com.android.server.connectivity.IpConnectivityMetrics
07-03 08:15:19.556  1932  1932 D SystemServerTiming: IpConnectivityMetrics took to complete: 12ms
07-03 08:15:19.556  1932  1932 I SystemServer: NetworkWatchlistService
07-03 08:15:19.556  1932  1932 I SystemServiceManager: Starting com.android.server.net.watchlist.NetworkWatchlistService$Lifecycle
07-03 08:15:19.557  1932  1951 E KernelUidCpuFreqTimeReader: Failed to read /proc/uid_time_in_state: java.io.FileNotFoundException: /proc/uid_time_in_state (No such file or directory)
07-03 08:15:19.572  1932  2026 E EventHub: could not get driver version for /dev/input/mice, Not a typewriter
07-03 08:15:19.576  1932  2002 D SystemServerTimingAsync: StartHidlServices took to complete: 68ms
07-03 08:15:19.577  1932  2002 D SystemServerInitThreadPool: Finished executing StartHidlServices
07-03 08:15:19.660  1932  2026 D EventHub: No input device configuration file found for device 'Power Button'.
07-03 08:15:19.711  1932  2027 I WatchlistLoggingHandler: Start aggregating watchlist records.
07-03 08:15:19.717  1932  1932 W SystemServiceManager: Service com.android.server.net.watchlist.NetworkWatchlistService$Lifecycle took 161 ms in onStart
07-03 08:15:19.717  1932  1932 D SystemServerTiming: NetworkWatchlistService took to complete: 161ms
07-03 08:15:19.717  1932  1932 I SystemServer: PinnerService
07-03 08:15:19.717  1932  1932 I SystemServiceManager: Starting com.android.server.PinnerService
07-03 08:15:19.723  1932  2026 W EventHub: Unable to disable kernel key repeat for /dev/input/event0: Function not implemented
07-03 08:15:19.723  1932  2026 I EventHub: wakeMechanism=EPOLLWAKEUP, usingClockIoctl=true
07-03 08:15:19.723  1932  2026 I EventHub: New device: id=1, fd=113, path='/dev/input/event0', name='Power Button', classes=0x1, configuration='', keyLayout='/system/usr/keylayout/Generic.kl', keyCharacterMap='/system/usr/keychars/Generic.kcm', builtinKeyboard=false, 
07-03 08:15:19.725  1932  1932 D SystemServerTiming: PinnerService took to complete: 8ms
07-03 08:15:19.725  1932  1932 I SystemServer: StartInputMethodManagerLifecycle
07-03 08:15:19.725  1932  1932 I SystemServiceManager: Starting com.android.server.InputMethodManagerService$Lifecycle
07-03 08:15:19.754  1932  2026 W EventHub: Unable to disable kernel key repeat for /dev/input/event1: Function not implemented
07-03 08:15:19.754  1932  2026 I EventHub: wakeMechanism=EPOLLWAKEUP, usingClockIoctl=true
07-03 08:15:19.754  1932  2026 I EventHub: New device: id=2, fd=111, path='/dev/input/event1', name='qwerty2', classes=0x95, configuration='/system/usr/idc/qwerty2.idc', keyLayout='/system/usr/keylayout/qwerty.kl', keyCharacterMap='/system/usr/keychars/qwerty2.kcm', builtinKeyboard=true, 
07-03 08:15:19.782  1751  1897 I zygote  : Background concurrent copying GC freed 2806(1151KB) AllocSpace objects, 39(624KB) LOS objects, 51% free, 1460KB/2MB, paused 10.505ms total 179.580ms
07-03 08:15:19.793  1932  2026 I InputReader: Device added: id=-1, name='Virtual', sources=0x00000301
07-03 08:15:19.796  1932  2026 I InputReader:   Touch device 'qwerty2' could not query the properties of its associated display.  The device will be inoperable until the display size becomes available.
07-03 08:15:19.797  1932  2026 I InputReader: Device added: id=0, name='qwerty2', sources=0x80005103
07-03 08:15:19.800  1932  2026 I InputReader: Device added: id=1, name='Power Button', sources=0x00000101
07-03 08:15:19.985  1932  1932 D SystemServerTiming: StartInputMethodManagerLifecycle took to complete: 260ms
07-03 08:15:19.985  1932  1932 I SystemServer: StartAccessibilityManagerService
07-03 08:15:20.022  1932  1932 D SystemServerTiming: StartAccessibilityManagerService took to complete: 37ms
07-03 08:15:20.022  1932  1932 I SystemServer: MakeDisplayReady
07-03 08:15:20.032  1932  1932 I ActivityManager: Config changes=20005df8 {1.0 ?mcc?mnc [en_US] ldltr sw360dp w360dp h640dp 480dpi nrml long port ?uimode ?night -touch -keyb/h/h -nav/h winConfig={ mBounds=Rect(0, 0 - 0, 0) mAppBounds=Rect(0, 0 - 1080, 1920) mWindowingMode=fullscreen mActivityType=undefined} s.2}
07-03 08:15:20.130  1932  1932 I ActivityManager: Override config changes=60007dfc {1.0 ?mcc?mnc [en_US] ldltr sw360dp w360dp h640dp 480dpi nrml long port ?uimode ?night -touch -keyb/h/h -nav/h winConfig={ mBounds=Rect(0, 0 - 1080, 1920) mAppBounds=Rect(0, 0 - 1080, 1920) mWindowingMode=fullscreen mActivityType=undefined} s.2} for displayId=0
07-03 08:15:20.186  1751  1751 I zygote  : Thread[1,tid=1751,Native,Thread*=0xec44c000,peer=0x12c40000,"main"] recursive attempt to load library "/system/lib/libmedia_jni.so"
07-03 08:15:20.203  1751  1751 D MtpDeviceJNI: register_android_mtp_MtpDevice
07-03 08:15:20.205  1751  1751 I zygote  : Thread[1,tid=1751,Native,Thread*=0xec44c000,peer=0x12c40000,"main"] recursive attempt to load library "/system/lib/libmedia_jni.so"
07-03 08:15:20.205  1751  1751 I zygote  : Thread[1,tid=1751,Native,Thread*=0xec44c000,peer=0x12c40000,"main"] recursive attempt to load library "/system/lib/libmedia_jni.so"
07-03 08:15:20.209  1932  1932 W LocalDisplayAdapter: Unable to find color mode 0, ignoring request.
07-03 08:15:20.221  1932  2026 I InputReader: Reconfiguring input devices.  changes=0x00000004
07-03 08:15:20.221  1932  2026 I InputReader: Device reconfigured: id=0, name='qwerty2', size 1080x1920, orientation 0, mode 1, display id 0
07-03 08:15:20.237  1932  1997 W LocalDisplayAdapter: Unable to find color mode 0, ignoring request.
07-03 08:15:20.239  1932  1932 I ActivityManager: Config changes=20000508 {1.0 ?mcc?mnc [en_US] ldltr sw360dp w360dp h568dp 480dpi nrml port ?uimode ?night finger -keyb/h/h -nav/h winConfig={ mBounds=Rect(0, 0 - 0, 0) mAppBounds=Rect(0, 0 - 1080, 1776) mWindowingMode=fullscreen mActivityType=undefined} s.3}
07-03 08:15:20.277  1932  1932 I ActivityManager: Override config changes=20000508 {1.0 ?mcc?mnc [en_US] ldltr sw360dp w360dp h568dp 480dpi nrml port ?uimode ?night finger -keyb/h/h -nav/h winConfig={ mBounds=Rect(0, 0 - 1080, 1920) mAppBounds=Rect(0, 0 - 1080, 1776) mWindowingMode=fullscreen mActivityType=undefined} s.3} for displayId=0
07-03 08:15:20.277  1932  2026 I InputReader: Reconfiguring input devices.  changes=0x00000004
07-03 08:15:20.331  1932  1932 W LocalDisplayAdapter: Unable to find color mode 0, ignoring request.
07-03 08:15:20.335  1932  2026 I InputReader: Reconfiguring input devices.  changes=0x00000004
07-03 08:15:20.337  1932  1932 D SystemServerTiming: MakeDisplayReady took to complete: 315ms
07-03 08:15:20.337  1932  1932 I SystemServer: StartStorageManagerService
07-03 08:15:20.337  1932  1932 I SystemServiceManager: Starting com.android.server.StorageManagerService$Lifecycle
07-03 08:15:20.428  1932  1932 W SystemServiceManager: Service com.android.server.StorageManagerService$Lifecycle took 90 ms in onStart
07-03 08:15:20.429  1932  2030 D StorageManagerService: Thinking about init, mSystemReady=false, mDaemonConnected=true
07-03 08:15:20.429  1932  2030 D StorageManagerService: Thinking about reset, mSystemReady=false, mDaemonConnected=true
07-03 08:15:20.445  1932  1932 D SystemServerTiming: StartStorageManagerService took to complete: 108ms
07-03 08:15:20.445  1932  1932 I SystemServer: StartStorageStatsService
07-03 08:15:20.445  1932  1932 I SystemServiceManager: Starting com.android.server.usage.StorageStatsService$Lifecycle
07-03 08:15:20.463  1755  1991 D installd: Found quota mount /dev/block/dm-1 at /data
07-03 08:15:20.471  1755  2008 D installd: Found quota mount /dev/block/dm-1 at /data
07-03 08:15:20.506  1932  1932 W SystemServiceManager: Service com.android.server.usage.StorageStatsService$Lifecycle took 61 ms in onStart
07-03 08:15:20.506  1932  1932 D SystemServerTiming: StartStorageStatsService took to complete: 61ms
07-03 08:15:20.507  1932  1932 I SystemServer: StartUiModeManager
07-03 08:15:20.507  1932  1932 I SystemServiceManager: Starting com.android.server.UiModeManagerService
07-03 08:15:20.511  1932  2001 D SystemServerInitThreadPool: Started executing UiModeManager.onStart
07-03 08:15:20.512  1932  2001 I ActivityManager: Config changes=200 {1.0 ?mcc?mnc [en_US] ldltr sw360dp w360dp h568dp 480dpi nrml port finger -keyb/h/h -nav/h winConfig={ mBounds=Rect(0, 0 - 0, 0) mAppBounds=Rect(0, 0 - 1080, 1776) mWindowingMode=fullscreen mActivityType=undefined} s.4}
07-03 08:15:20.525  1932  2001 I ActivityManager: Override config changes=200 {1.0 ?mcc?mnc [en_US] ldltr sw360dp w360dp h568dp 480dpi nrml port finger -keyb/h/h -nav/h winConfig={ mBounds=Rect(0, 0 - 1080, 1920) mAppBounds=Rect(0, 0 - 1080, 1776) mWindowingMode=fullscreen mActivityType=undefined} s.4} for displayId=0
07-03 08:15:20.542  1932  1932 D SystemServerTiming: StartUiModeManager took to complete: 35ms
07-03 08:15:20.542  1932  1932 I SystemServer: UpdatePackagesIfNeeded
07-03 08:15:20.549  1932  2001 D SystemServerInitThreadPool: Finished executing UiModeManager.onStart
07-03 08:15:21.071  1932  1932 I system_server: The ClassLoaderContext is a special shared library.
07-03 08:15:21.131  1932  1932 I chatty  : uid=1000 system_server identical 2 lines
07-03 08:15:21.161  1932  1932 I system_server: The ClassLoaderContext is a special shared library.
07-03 08:15:21.194  1751  1897 I zygote  : Background concurrent copying GC freed 4748(621KB) AllocSpace objects, 38(852KB) LOS objects, 44% free, 1888KB/3MB, paused 3.540ms total 133.395ms
07-03 08:15:21.304  1932  1932 W system_server: Long monitor contention with owner system-server-init-thread2 (1993) at void com.android.server.pm.PackageManagerService.lambda$new$0(com.android.server.pm.PackageManagerService, java.util.List, int)(PackageManagerService.java:3141) waiters=0 in int com.android.server.pm.PackageManagerService.performDexOptInternal(com.android.server.pm.dex.DexoptOptions) for 118ms
07-03 08:15:21.502  1932  1932 I system_server: The ClassLoaderContext is a special shared library.
07-03 08:15:21.907  1932  1932 I system_server: The ClassLoaderContext is a special shared library.
07-03 08:15:22.044  1755  2008 W installd: Requested default storage /data/user_de/0/com.android.cellbroadcastreceiver is not active; migrating from /data/data/com.android.cellbroadcastreceiver
07-03 08:15:22.076  1932  1932 W system_server: Long monitor contention with owner system-server-init-thread2 (1993) at void com.android.server.pm.PackageManagerService.lambda$new$0(com.android.server.pm.PackageManagerService, java.util.List, int)(PackageManagerService.java:3141) waiters=0 in int com.android.server.pm.PackageManagerService.performDexOptInternal(com.android.server.pm.dex.DexoptOptions) for 128ms
07-03 08:15:22.131  1751  1897 I zygote  : Background concurrent copying GC freed 21013(1016KB) AllocSpace objects, 0(0B) LOS objects, 42% free, 2MB/3MB, paused 2.020ms total 280.439ms
07-03 08:15:22.147  1751  1751 I Zygote  : ...preloaded 6535 classes in 6229ms.
07-03 08:15:22.148  1751  1751 I zygote  : VMRuntime.preloadDexCaches starting
07-03 08:15:22.180  1932  1932 W system_server: Long monitor contention with owner system-server-init-thread2 (1993) at void com.android.server.pm.PackageManagerService.lambda$new$0(com.android.server.pm.PackageManagerService, java.util.List, int)(PackageManagerService.java:3141) waiters=0 in int com.android.server.pm.PackageManagerService.performDexOptInternal(com.android.server.pm.dex.DexoptOptions) for 101ms
07-03 08:15:22.231  1932  1932 I system_server: The ClassLoaderContext is a special shared library.
07-03 08:15:22.369  1751  1751 I zygote  : VMRuntime.preloadDexCaches strings total=339033 before=12306 after=12306
07-03 08:15:22.369  1751  1751 I zygote  : VMRuntime.preloadDexCaches types total=31350 before=7821 after=7822
07-03 08:15:22.382  1751  1751 I zygote  : VMRuntime.preloadDexCaches fields total=140738 before=9181 after=9181
07-03 08:15:22.382  1751  1751 I zygote  : VMRuntime.preloadDexCaches methods total=247730 before=12783 after=12783
07-03 08:15:22.382  1751  1751 I zygote  : VMRuntime.preloadDexCaches finished
07-03 08:15:22.383  1751  1751 D ZygoteInitTiming_lazy: PreloadClasses took to complete: 6485ms
07-03 08:15:22.601  1932  1932 W system_server: ClassLoaderContext classpath size mismatch for position 0. expected=2, found=1 (PCL[/system/framework/org.apache.http.legacy.boot.jar*796383208:/system/framework/com.google.android.dialer.support.jar*2506097163] | PCL[/system/framework/com.google.android.dialer.support.jar*2506097163])
