07-03 08:15:22.603  1932  1932 I PackageManager.DexOptimizer: Running dexopt (dexoptNeeded=1) on: /system/priv-app/GoogleDialer/GoogleDialer.apk pkg=com.google.android.dialer isa=x86_64 dexoptFlags=public,enable_hidden_api_checks targetFilter=quicken oatDir=null classLoaderContext=PCL[/system/framework/com.google.android.dialer.support.jar]
07-03 08:15:22.608  1755  1755 V installed: DexInv: --- BEGIN '/system/priv-app/GoogleDialer/GoogleDialer.apk' ---
07-03 08:15:22.956  1751  1751 I Zygote  : Preloading resources...
07-03 08:15:23.081  2035  2035 W dex2oat : Unexpected CPU variant for X86 using defaults: x86_64
07-03 08:15:23.094  2035  2035 I dex2oat : /system/bin/dex2oat --input-vdex-fd=-1 --output-vdex-fd=10 --compiler-filter=quicken --classpath-dir=/system/priv-app/GoogleDialer --class-loader-context=PCL[/system/framework/com.google.android.dialer.support.jar] --generate-mini-debug-info --compact-dex-level=none --compilation-reason=first-boot
07-03 08:15:23.125  1751  1751 W Resources: Preloaded drawable resource #0x1080265 (android:drawable/dialog_background_material) that varies with configuration!!
07-03 08:15:23.541  1751  1751 I Zygote  : ...preloaded 64 resources in 585ms.
07-03 08:15:23.596  1751  1751 I Zygote  : ...preloaded 41 resources in 54ms.
07-03 08:15:23.596  1751  1751 D ZygoteInitTiming_lazy: PreloadResources took to complete: 1213ms
07-03 08:15:23.775  1751  1751 D libEGL  : Emulator has host GPU support, qemu.gles is set to 1.
07-03 08:15:23.817  1751  1751 E vndksupport: Could not load /vendor/lib/egl/libGLES_emulation.so from sphal namespace: dlopen failed: library "/vendor/lib/egl/libGLES_emulation.so" not found.
07-03 08:15:23.817  1751  1751 E libEGL  : load_driver(/vendor/lib/egl/libGLES_emulation.so): unknown
07-03 08:15:24.015  1751  1751 D libEGL  : loaded /vendor/lib/egl/libEGL_emulation.so
07-03 08:15:24.040  1751  1751 D libEGL  : loaded /vendor/lib/egl/libGLESv1_CM_emulation.so
07-03 08:15:24.234  1751  1751 D libEGL  : loaded /vendor/lib/egl/libGLESv2_emulation.so
07-03 08:15:24.404  1751  1751 I Zygote  : Preloading shared libraries...
07-03 08:15:24.549  1751  1751 I Zygote  : Uninstalled ICU cache reference pinning...
07-03 08:15:24.567  1751  1751 I Zygote  : Installed AndroidKeyStoreProvider in 18ms.
07-03 08:15:24.635  1751  1751 I Zygote  : Warmed up JCA providers in 68ms.
07-03 08:15:24.635  1751  1751 D Zygote  : end preload
07-03 08:15:24.637  1932  1945 D SystemServerTimingAsync: SecondaryZygotePreload took to complete: 9398ms
07-03 08:15:24.637  1932  1945 D SystemServerInitThreadPool: Finished executing SecondaryZygotePreload
07-03 08:15:29.926  2035  2039 W dex2oat : Verification of void gco.a() took 138.760ms
07-03 08:15:31.964  2035  2035 W dex2oat : Verification of void bkn$a.<clinit>() took 119.312ms
07-03 08:15:38.797  2035  2035 I dex2oat : dex2oat took 15.824s (23.092s cpu) (threads: 2) arena alloc=114KB (116904B) java alloc=7MB (8349256B) native alloc=8MB (8950072B) free=2MB (2584264B)
07-03 08:15:38.842  1755  1755 V installed: DexInv: --- END '/system/priv-app/GoogleDialer/GoogleDialer.apk' (success) ---
07-03 08:15:38.846  1932  1993 W system_server: Long monitor contention with owner main (1932) at int com.android.server.pm.PackageManagerService.performDexOptInternal(com.android.server.pm.dex.DexoptOptions)(PackageManagerService.java:9315) waiters=0 in void com.android.server.pm.PackageManagerService.lambda$new$0(com.android.server.pm.PackageManagerService, java.util.List, int) for 16.336s
07-03 08:15:38.901  1932  1932 I system_server: The ClassLoaderContext is a special shared library.
07-03 08:15:39.250  1932  1932 I chatty  : uid=1000 system_server identical 5 lines
07-03 08:15:39.411  1932  1932 I system_server: The ClassLoaderContext is a special shared library.
07-03 08:15:39.603  1932  1942 I system_server: Background concurrent copying GC freed 29770(1971KB) AllocSpace objects, 30(984KB) LOS objects, 42% free, 4MB/8MB, paused 232us total 303.189ms
07-03 08:15:39.913  1932  1932 I system_server: The ClassLoaderContext is a special shared library.
07-03 08:15:40.539  1932  1932 I system_server: The ClassLoaderContext is a special shared library.
07-03 08:15:40.560  1932  1993 W system_server: Long monitor contention with owner main (1932) at int com.android.server.pm.PackageManagerService.performDexOptInternal(com.android.server.pm.dex.DexoptOptions)(PackageManagerService.java:9315) waiters=0 in void com.android.server.pm.PackageManagerService.lambda$new$0(com.android.server.pm.PackageManagerService, java.util.List, int) for 195ms
07-03 08:15:41.340  1932  1932 I system_server: The ClassLoaderContext is a special shared library.
07-03 08:15:41.355  1932  1993 W system_server: Long monitor contention with owner main (1932) at int com.android.server.pm.PackageManagerService.performDexOptInternal(com.android.server.pm.dex.DexoptOptions)(PackageManagerService.java:9315) waiters=0 in void com.android.server.pm.PackageManagerService.lambda$new$0(com.android.server.pm.PackageManagerService, java.util.List, int) for 398ms
07-03 08:15:41.520  1932  1932 I system_server: The ClassLoaderContext is a special shared library.
07-03 08:15:42.570  1932  1932 I chatty  : uid=1000 system_server identical 18 lines
07-03 08:15:42.653  1932  1932 I system_server: The ClassLoaderContext is a special shared library.
07-03 08:15:42.656  1932  1932 I PackageManager.DexOptimizer: Running dexopt (dexoptNeeded=1) on: /system/app/EasterEgg/EasterEgg.apk pkg=com.android.egg isa=x86_64 dexoptFlags=public targetFilter=quicken oatDir=null classLoaderContext=PCL[]
07-03 08:15:42.659  1755  1992 V installed: DexInv: --- BEGIN '/system/app/EasterEgg/EasterEgg.apk' ---
07-03 08:15:42.979  2057  2057 W dex2oat : Unexpected CPU variant for X86 using defaults: x86_64
07-03 08:15:42.997  2057  2057 I dex2oat : /system/bin/dex2oat --input-vdex-fd=-1 --output-vdex-fd=10 --compiler-filter=quicken --classpath-dir=/system/app/EasterEgg --class-loader-context=PCL[] --generate-mini-debug-info --compact-dex-level=none --compilation-reason=first-boot
07-03 08:15:45.561  2057  2057 I dex2oat : dex2oat took 2.643s (2.510s cpu) (threads: 2) arena alloc=1568B (1568B) java alloc=474KB (485992B) native alloc=1797KB (1840632B) free=2MB (2353672B)
07-03 08:15:45.574  1755  1992 V installed: DexInv: --- END '/system/app/EasterEgg/EasterEgg.apk' (success) ---
07-03 08:15:45.577  1932  1993 W system_server: Long monitor contention with owner main (1932) at int com.android.server.pm.PackageManagerService.performDexOptInternal(com.android.server.pm.dex.DexoptOptions)(PackageManagerService.java:9315) waiters=0 in void com.android.server.pm.PackageManagerService.lambda$new$0(com.android.server.pm.PackageManagerService, java.util.List, int) for 2.922s
07-03 08:15:45.584  1932  1932 I system_server: The ClassLoaderContext is a special shared library.
07-03 08:15:45.979  1932  1932 I chatty  : uid=1000 system_server identical 7 lines
07-03 08:15:46.035  1932  1932 I system_server: The ClassLoaderContext is a special shared library.
07-03 08:15:46.582  1755  1991 W installd: Requested default storage /data/user_de/0/com.android.providers.blockednumber is not active; migrating from /data/data/com.android.providers.blockednumber
07-03 08:15:46.767  1755  1991 W installd: Requested default storage /data/user_de/0/com.android.emergency is not active; migrating from /data/data/com.android.emergency
07-03 08:15:46.904  1755  1992 W installd: Requested default storage /data/user_de/0/com.android.bluetooth is not active; migrating from /data/data/com.android.bluetooth
07-03 08:15:47.075  1932  1993 D SystemServerTimingAsync: AppDataPrepare took to complete: 33081ms
07-03 08:15:47.075  1932  1993 I PackageManager: Deferred reconcileAppsData finished 91 packages
07-03 08:15:47.075  1932  1993 D SystemServerInitThreadPool: Finished executing prepareAppData
07-03 08:15:47.166  1932  1932 I system_server: The ClassLoaderContext is a special shared library.
07-03 08:15:47.799  1932  1932 I chatty  : uid=1000 system_server identical 13 lines
07-03 08:15:48.100  1932  1932 I system_server: The ClassLoaderContext is a special shared library.
07-03 08:15:48.299  1932  1932 W system_server: Could not open dex files from location: /system/framework/com.android.location.provider.jar
07-03 08:15:48.356  1932  1932 I PackageManager.DexOptimizer: Running dexopt (dexoptNeeded=1) on: /system/priv-app/PrebuiltGmsCore/PrebuiltGmsCore.apk pkg=com.google.android.gms isa=x86 dexoptFlags=public,enable_hidden_api_checks targetFilter=quicken oatDir=null classLoaderContext=PCL[/system/framework/org.apache.http.legacy.boot.jar:/system/framework/com.android.media.remotedisplay.jar:/system/framework/com.android.location.provider.jar]
07-03 08:15:48.358  1755  1991 V installed: DexInv: --- BEGIN '/system/priv-app/PrebuiltGmsCore/PrebuiltGmsCore.apk' ---
07-03 08:15:48.654  2065  2065 W dex2oat : Unexpected CPU variant for X86 using defaults: x86_64
07-03 08:15:48.659  2065  2065 W dex2oat : Mismatch between dex2oat instruction set features (ISA: X86 Feature string: -ssse3,-sse4.1,-sse4.2,-avx,-avx2,-popcnt) and those of dex2oat executable (ISA: X86 Feature string: ssse3,sse4.1,sse4.2,-avx,-avx2,popcnt) for the command line:
07-03 08:15:48.659  2065  2065 W dex2oat : /system/bin/dex2oat --zip-fd=8 --zip-location=PrebuiltGmsCore.apk --input-vdex-fd=-1 --output-vdex-fd=10 --oat-fd=9 --oat-location=/data/dalvik-cache/x86/system@priv-app@PrebuiltGmsCore@PrebuiltGmsCore.apk@classes.dex --instruction-set=x86 --instruction-set-variant=x86_64 --instruction-set-features=default --runtime-arg -Xms64m --runtime-arg -Xmx512m --compiler-filter=quicken --swap-fd=11 --classpath-dir=/system/priv-app/PrebuiltGmsCore --class-loader-context=PCL[/system/framework/org.apache.http.legacy.boot.jar:/system/framework/com.android.media.remotedisplay.jar:/system/framework/com.android.location.provider.jar] --generate-mini-debug-info --compact-dex-level=none --runtime-arg -Xtarget-sdk-version:30 --runtime-arg -Xhidden-api-checks --compilation-reason=first-boot
07-03 08:15:48.673  2065  2065 I dex2oat : /system/bin/dex2oat --input-vdex-fd=-1 --output-vdex-fd=10 --compiler-filter=quicken --classpath-dir=/system/priv-app/PrebuiltGmsCore --class-loader-context=PCL[/system/framework/org.apache.http.legacy.boot.jar:/system/framework/com.android.media.remotedisplay.jar:/system/framework/com.android.location.provider.jar] --generate-mini-debug-info --compact-dex-level=none --compilation-reason=first-boot
07-03 08:15:49.165  2065  2065 W dex2oat : Could not open dex files from location: /system/framework/com.android.location.provider.jar
07-03 08:15:49.168  2065  2065 W dex2oat : Failed to open classpath dex files
07-03 08:15:50.291  1872  1872 E netmgr  : Failed to open QEMU pipe 'qemud:network': Invalid argument
07-03 08:15:50.292  1872  1872 E netmgr  : WifiForwarder unable to open QEMU pipe: Invalid argument
07-03 08:15:58.781  2065  2065 I dex2oat : Large app, accepted running with swap.
07-03 08:15:59.527  1763  1862 E storaged: getDiskStats failed with result NOT_SUPPORTED and size 0
07-03 08:16:00.163  1932  1946 E memtrack: Couldn't load memtrack module
07-03 08:16:00.164  1932  1946 W android.os.Debug: failed to get memory consumption info: -1
07-03 08:16:04.156  2065  2078 W dex2oat : Verification of void android.support.v7.widget.ActionMenuView.onMeasure(int, int) took 106.064ms
07-03 08:16:05.605  2065  2078 W dex2oat : Accessing hidden method Landroid/view/View;->setTransitionVisibility(I)V (dark greylist, linking)
07-03 08:16:06.919  2065  2078 W dex2oat : Verification of void bnt.<clinit>() took 201.391ms
07-03 08:16:07.651  2065  2065 W dex2oat : Verification of cin ckd.a(cgx, cik) took 113.113ms
07-03 08:16:11.218  2065  2078 W dex2oat : Verification of android.view.View ekq.a(buwk) took 104.735ms
07-03 08:16:12.152  2065  2065 W dex2oat : Verification of com.google.android.gms.ads.internal.request.AdRequestInfoParcel com.google.android.gms.ads.internal.request.a.a(android.os.Parcel) took 112.563ms
07-03 08:16:14.171  2065  2078 W dex2oat : Verification of com.google.android.gms.auth.firstparty.dataservice.TokenResponse gdf.a() took 173.820ms
07-03 08:16:16.180  2065  2078 W dex2oat : Verification of boolean irf.a(int, android.os.Parcel, android.os.Parcel) took 146.709ms
07-03 08:16:21.155  2065  2065 I dex2oat : Explicit concurrent copying GC freed 68507(10MB) AllocSpace objects, 0(0B) LOS objects, 97% free, 44KB/1580KB, paused 967us total 424.498ms
07-03 08:16:23.370  2065  2065 W dex2oat : Verification of java.lang.Object lvh.call() took 164.399ms
07-03 08:16:24.040  2065  2097 W dex2oat : Verification of void com.google.android.gms.backup.settings.component.BackupOptInChimeraActivity.onSaveInstanceState(android.os.Bundle) took 100.356ms
07-03 08:16:24.560  2065  2065 W dex2oat : Verification of void com.google.android.gms.backup.transport.mms.MmsBackupChimeraService.a(android.content.Intent) took 136.532ms
07-03 08:16:28.053  2065  2065 W dex2oat : Verification of qdy qeb.a(qes) took 128.935ms
07-03 08:16:29.099  2065  2097 W dex2oat : Verification of void qxj.b(qxl) took 105.247ms
07-03 08:16:33.199  2065  2065 W dex2oat : Verification of java.lang.Object uvv.createFromParcel(android.os.Parcel) took 122.849ms
07-03 08:16:33.494  2065  2065 W dex2oat : Verification of void vcn.run() took 100.084ms
07-03 08:16:35.084  2065  2065 W dex2oat : Verification of com.google.android.gms.feedback.ErrorReport wvn.a(android.os.Parcel) took 102.161ms
07-03 08:16:40.892  2065  2065 I dex2oat : Explicit concurrent copying GC freed 75591(9MB) AllocSpace objects, 0(0B) LOS objects, 96% free, 63KB/1599KB, paused 81us total 301.748ms
07-03 08:16:44.055  2065  2065 W dex2oat : Verification of bunk abqq.b(bnbn, java.lang.String) took 163.414ms
07-03 08:16:44.075  2065  2112 W dex2oat : Verification of int abro.a(aenk) took 175.869ms
07-03 08:16:48.987  2065  2065 W dex2oat : Verification of boolean agyg.b(java.lang.String, long) took 138.517ms
07-03 08:16:50.350  1872  1872 E netmgr  : Failed to open QEMU pipe 'qemud:network': Invalid argument
07-03 08:16:50.350  1872  1872 E netmgr  : WifiForwarder unable to open QEMU pipe: Invalid argument
07-03 08:16:50.430  2065  2065 W dex2oat : Class aibk failed lock verification and will run slower.
07-03 08:16:50.430  2065  2065 W dex2oat : Common causes for lock verification issues are non-optimized dex code
07-03 08:16:50.430  2065  2065 W dex2oat : and incorrect proguard optimizations.
07-03 08:16:50.528  2065  2112 W dex2oat : Class aicu failed lock verification and will run slower.
07-03 08:16:53.637  2065  2065 W dex2oat : Class alhp failed lock verification and will run slower.
07-03 08:16:55.888  2065  2112 W dex2oat : Verification of android.util.Pair amua.c(android.content.Context) took 115.846ms
07-03 08:16:56.014  2065  2065 W dex2oat : Verification of cbio amvj.a(java.util.List, java.util.Set, amvl) took 115.285ms
07-03 08:16:56.803  2065  2065 W dex2oat : Verification of boolean anis.a(android.accounts.Account, android.os.Bundle, android.content.SyncResult) took 228.078ms
07-03 08:16:56.843  2065  2112 W dex2oat : Verification of void anix.a(android.content.Context, java.lang.String, java.lang.String, int, android.content.SyncResult, anxn, amrl, android.os.Bundle, boolean, boolean, boolean, bows) took 155.361ms
07-03 08:16:57.154  2065  2065 W dex2oat : Verification of android.database.Cursor anul.a(java.lang.String[], bvfi, java.lang.String, java.lang.String, long, boolean, boolean, boolean, caau) took 116.736ms
07-03 08:16:59.542  1763  1862 E storaged: getDiskStats failed with result NOT_SUPPORTED and size 0
07-03 08:17:00.705  2065  2065 I dex2oat : Explicit concurrent copying GC freed 82535(10MB) AllocSpace objects, 0(0B) LOS objects, 94% free, 82KB/1618KB, paused 71us total 459.137ms
07-03 08:17:02.948  2065  2129 W dex2oat : Verification of com.google.android.gms.plus.internal.model.moments.ItemScopeEntity apdy.a(android.os.Parcel) took 205.401ms
07-03 08:17:03.933  2065  2129 W dex2oat : Verification of java.lang.Object apqd.createFromParcel(android.os.Parcel) took 165.340ms
07-03 08:17:04.957  2065  2129 W dex2oat : Verification of bvgi aqgv.a() took 108.657ms
07-03 08:17:10.188  2065  2065 W dex2oat : Verification of void aukq.a(android.content.Context, java.lang.String) took 169.058ms
07-03 08:17:20.759  2065  2065 I dex2oat : Explicit concurrent copying GC freed 76408(12MB) AllocSpace objects, 0(0B) LOS objects, 94% free, 86KB/1622KB, paused 72us total 602.205ms
07-03 08:17:22.609  2065  2065 W dex2oat : Verification of baac baad.a(boolean) took 109.776ms
07-03 08:17:23.304  2065  2065 W dex2oat : Verification of void baqs.run() took 104.383ms
07-03 08:17:29.591  2065  2146 W dex2oat : Verification of void bhzi.a(bihd, bhjb[], boolean) took 261.426ms
07-03 08:17:38.324  2065  2065 I dex2oat : Explicit concurrent copying GC freed 72661(9MB) AllocSpace objects, 0(0B) LOS objects, 94% free, 95KB/1631KB, paused 67us total 303.640ms
07-03 08:17:41.522  2065  2065 W dex2oat : Verification of void brdv.<clinit>() took 154.136ms
07-03 08:17:45.515  2065  2065 W dex2oat : Verification of void bzgm.<clinit>() took 116.451ms
07-03 08:17:47.124  2065  2161 W dex2oat : Verification of void ccne.<clinit>() took 161.302ms
07-03 08:17:50.277  2065  2065 W dex2oat : Compilation of void cabb.<init>() took 133.419ms
07-03 08:17:50.366  1872  1872 E netmgr  : Failed to open QEMU pipe 'qemud:network': Invalid argument
07-03 08:17:50.367  1872  1872 E netmgr  : WifiForwarder unable to open QEMU pipe: Invalid argument
07-03 08:17:50.369  2065  2161 W dex2oat : Compilation of void caau.<init>(byte[][], int[][][]) took 223.437ms
07-03 08:17:51.315  2065  2065 I dex2oat : Explicit concurrent copying GC freed 76908(7MB) AllocSpace objects, 0(0B) LOS objects, 94% free, 97KB/1633KB, paused 1.055ms total 390.476ms
07-03 08:17:54.233  2065  2065 I dex2oat : Explicit concurrent copying GC freed 11501(1168KB) AllocSpace objects, 0(0B) LOS objects, 93% free, 99KB/1635KB, paused 88us total 30.508ms
07-03 08:17:56.667  2065  2065 I dex2oat : dex2oat took 128.079s (204.451s cpu) (threads: 2) arena alloc=2MB (3130000B) java alloc=99KB (102384B) native alloc=15MB (15905360B) free=8MB (8736176B) swap=16MB (16777216B)
07-03 08:17:56.791  1755  1991 V installed: DexInv: --- END '/system/priv-app/PrebuiltGmsCore/PrebuiltGmsCore.apk' (success) ---
07-03 08:17:56.973  1932  1932 I system_server: The ClassLoaderContext is a special shared library.
07-03 08:17:59.189  1932  1932 I chatty  : uid=1000 system_server identical 36 lines
07-03 08:17:59.257  1932  1932 I system_server: The ClassLoaderContext is a special shared library.
07-03 08:17:59.289  1932  1932 D SystemServerTiming: UpdatePackagesIfNeeded took to complete: 158747ms
07-03 08:17:59.290  1932  1932 I SystemServer: PerformFstrimIfNeeded
07-03 08:17:59.348  1932  1932 W PackageManager: No disk maintenance in 1751530679339; running immediately
07-03 08:17:59.355  1932  1932 D SystemServerTiming: PerformFstrimIfNeeded took to complete: 57ms
07-03 08:17:59.355  1932  1932 I SystemServer: StartLockSettingsService
07-03 08:17:59.357  1932  1932 I SystemServiceManager: Starting com.android.server.locksettings.LockSettingsService$Lifecycle
07-03 08:17:59.373  1932  2030 I StorageManagerService: Running fstrim idle maintenance
07-03 08:17:59.531  1536  2180 D vold    : Starting trim of /data
07-03 08:17:59.533  1536  2180 W vold    : Trim failed on /data: Operation not supported on transport endpoint
07-03 08:17:59.554  1763  1862 E storaged: getDiskStats failed with result NOT_SUPPORTED and size 0
07-03 08:17:59.562  1932  1932 W SystemServiceManager: Service com.android.server.locksettings.LockSettingsService$Lifecycle took 204 ms in onStart
07-03 08:17:59.563  1932  1932 D SystemServerTiming: StartLockSettingsService took to complete: 208ms
07-03 08:17:59.603  1533  1533 W hwservicemanager: getTransport: Cannot find entry android.hardware.oemlock@1.0::IOemLock/default in either framework or device manifest.
07-03 08:17:59.607  1932  1932 I OemLock : OemLock HAL not present on device
07-03 08:17:59.607  1932  1932 I SystemServer: StartDeviceIdleController
07-03 08:17:59.607  1932  1932 I SystemServiceManager: Starting com.android.server.DeviceIdleController
07-03 08:17:59.633  1932  1953 W Looper  : Drained
07-03 08:17:59.634  1932  1932 D SystemServerTiming: StartDeviceIdleController took to complete: 27ms
07-03 08:17:59.634  1932  1932 I SystemServer: StartDevicePolicyManager
07-03 08:17:59.634  1932  1932 I SystemServiceManager: Starting com.android.server.devicepolicy.DevicePolicyManagerService$Lifecycle
07-03 08:17:59.731  1932  1932 D SystemServerTiming: StartDevicePolicyManager took to complete: 97ms
07-03 08:17:59.734  1932  1932 I SystemServer: StartStatusBarManagerService
07-03 08:17:59.740  1932  1932 D SystemServerTiming: StartStatusBarManagerService took to complete: 6ms
07-03 08:17:59.740  1932  1932 I SystemServer: StartClipboardService
07-03 08:17:59.741  1932  1932 I SystemServiceManager: Starting com.android.server.clipboard.ClipboardService
07-03 08:17:59.748  1932  1932 D SystemServerTiming: StartClipboardService took to complete: 7ms
07-03 08:17:59.748  1932  1932 I SystemServer: StartNetworkManagementService
07-03 08:17:59.802  1932  2184 I NetworkManagement: onDaemonConnected()
07-03 08:17:59.820  1932  1932 D SystemServerTiming: StartNetworkManagementService took to complete: 71ms
07-03 08:17:59.821  1932  1932 I SystemServer: StartIpSecService
07-03 08:17:59.824  1932  1932 D SystemServerTiming: StartIpSecService took to complete: 2ms
07-03 08:17:59.824  1932  1932 I SystemServer: StartTextServicesManager
07-03 08:17:59.824  1932  1932 I SystemServiceManager: Starting com.android.server.TextServicesManagerService$Lifecycle
07-03 08:17:59.826  1932  1932 D SystemServerTiming: StartTextServicesManager took to complete: 2ms
07-03 08:17:59.826  1932  1932 I SystemServer: StartTextClassificationManagerService
07-03 08:17:59.827  1932  1932 I SystemServiceManager: Starting com.android.server.textclassifier.TextClassificationManagerService$Lifecycle
07-03 08:17:59.842  1932  1932 D SystemServerTiming: StartTextClassificationManagerService took to complete: 15ms
07-03 08:17:59.842  1932  1932 I SystemServer: StartNetworkScoreService
07-03 08:17:59.842  1932  1932 I SystemServiceManager: Starting com.android.server.NetworkScoreService$Lifecycle
07-03 08:17:59.864  1932  1932 I NetworkScoreService: Registering network_score
07-03 08:17:59.866  1932  1932 D SystemServerTiming: StartNetworkScoreService took to complete: 23ms
07-03 08:17:59.866  1932  1932 I SystemServer: StartNetworkStatsService
07-03 08:17:59.888  1932  1932 D SystemServerTiming: StartNetworkStatsService took to complete: 22ms
07-03 08:17:59.888  1932  1932 I SystemServer: StartNetworkPolicyManagerService
07-03 08:17:59.936  1932  1932 D SystemServerTiming: StartNetworkPolicyManagerService took to complete: 48ms
07-03 08:17:59.936  1932  1932 I SystemServer: StartWifi
07-03 08:18:00.168  1932  1932 W system_server: Verification of void com.android.server.wifi.WifiService.<init>(android.content.Context) took 115.137ms
07-03 08:18:00.182  1932  1932 I SystemServiceManager: Starting com.android.server.wifi.WifiService
07-03 08:18:00.380  1932  1932 W system_server: Verification of void com.android.server.wifi.WifiInjector.<init>(android.content.Context) took 189.086ms
07-03 08:18:00.893  1932  1932 D WifiApConfigStore: 2G band allowed channels are:1,6,11
07-03 08:18:00.896  1932  1932 E WifiApConfigStore: Error reading hotspot configuration java.io.FileNotFoundException: /data/misc/wifi/softap.conf (No such file or directory)
07-03 08:18:00.896  1932  1932 D WifiApConfigStore: Fallback to use default AP configuration
07-03 08:18:00.977  1932  1932 I WifiScoringParams: rssi2=-85:-85:-73:-60,rssi5=-82:-82:-70:-57,pps=0:1:100,horizon=15,nud=8,expid=0
07-03 08:18:01.209  1932  1932 D WifiStateMachine: EnableConnectedMacRandomization Setting changed to false
07-03 08:18:01.213  1932  1932 E WifiStateMachine: getWifiLinkLayerStats called without an interface
07-03 08:18:01.214  1932  1932 D WifiStateMachinePrime: Starting Wifi in WifiDisabledState
07-03 08:18:01.217  1932  2190 D WifiStateMachinePrime: Entering WifiDisabledState
07-03 08:18:01.217  1932  2190 D ActiveModeManager: sending scan available broadcast: false
07-03 08:18:01.230  1932  1932 D WifiOpenNetworkNotifier: Settings toggle enabled=true
07-03 08:18:01.232  1932  1932 D WifiCarrierNetworkNotifier: Settings toggle enabled=true
07-03 08:18:01.241  1932  1932 D WakeupController: WifiWake enabled
07-03 08:18:01.250  1932  1932 D WifiController: isAirplaneModeOn = false, isWifiEnabled = true, isScanningAvailable = false, isLocationModeActive = false
07-03 08:18:01.269  1932  1932 E SupplicantStaIfaceHal: Can't call setDebugParams, ISupplicant is null
07-03 08:18:01.280  1932  1932 W WifiDiags: no ring buffers found
07-03 08:18:01.281  1932  1932 W WifiDiags: Failed to start packet fate monitoring
07-03 08:18:01.283  1932  1932 I WifiService: Registering wifi
07-03 08:18:01.292  1932  1932 D SystemServerTiming: StartWifi took to complete: 1356ms
07-03 08:18:01.292  1932  1932 I SystemServer: StartWifiScanning
07-03 08:18:01.294  1932  1932 I SystemServiceManager: Starting com.android.server.wifi.scanner.WifiScanningService
07-03 08:18:01.294  1932  1932 I WifiScanningService: Creating wifiscanner
07-03 08:18:01.303  1932  1932 I WifiScanningService: Publishing wifiscanner
07-03 08:18:01.307  1932  1932 D SystemServerTiming: StartWifiScanning took to complete: 15ms
07-03 08:18:01.307  1932  1932 I SystemServer: StartWifiP2P
07-03 08:18:01.308  1932  1932 I SystemServiceManager: Starting com.android.server.wifi.p2p.WifiP2pService
07-03 08:18:01.375  1932  1932 W HalDevMgr: isWifiStarted called but mWifi is null!?
07-03 08:18:01.375  1932  1932 I WifiP2pService: Registering wifip2p
07-03 08:18:01.388  1932  1932 D SystemServerTiming: StartWifiP2P took to complete: 80ms
07-03 08:18:01.388  1932  1932 I SystemServer: StartConnectivityService
07-03 08:18:01.403  1932  1932 D ConnectivityService: ConnectivityService starting up
07-03 08:18:01.438  1932  1932 D ConnectivityService: wifiOnly=false
07-03 08:18:01.530  1932  1932 D SystemServerTiming: StartConnectivityService took to complete: 141ms
07-03 08:18:01.530  1932  1932 I SystemServer: StartNsdService
07-03 08:18:01.538  1932  1932 D NsdService: Network service discovery is enabled
07-03 08:18:01.542  1932  1932 D SystemServerTiming: StartNsdService took to complete: 11ms
07-03 08:18:01.542  1932  1932 I SystemServer: StartSystemUpdateManagerService
07-03 08:18:01.543  1932  1932 I SystemUpdateManagerService: No existing info file /data/system/system-update-info.xml
07-03 08:18:01.544  1932  1932 D SystemServerTiming: StartSystemUpdateManagerService took to complete: 2ms
07-03 08:18:01.545  1932  1932 I SystemServer: StartUpdateLockService
07-03 08:18:01.547  1932  1932 D SystemServerTiming: StartUpdateLockService took to complete: 2ms
07-03 08:18:01.547  1932  1932 I SystemServer: StartNotificationManager
07-03 08:18:01.547  1932  1932 I SystemServiceManager: Starting com.android.server.notification.NotificationManagerService
07-03 08:18:01.692  1932  1932 D ConditionProviders.SCP: new ScheduleConditionProvider()
07-03 08:18:01.731  1932  1932 I ConditionProviders:  Allowing condition provider com.google.android.apps.restore/com.google.android.apps.pixelmigrate.component.NotificationConsolidatorService
07-03 08:18:01.731  1932  1932 I NotificationListeners:  Allowing notification listener com.google.android.apps.restore/com.google.android.apps.pixelmigrate.component.NotificationConsolidatorService
07-03 08:18:01.733  1932  1932 I ConditionProviders:  Allowing condition provider com.android.camera2
07-03 08:18:01.734  1932  1932 I ConditionProviders:  Allowing condition provider com.google.android.ext.services/android.ext.services.notification.Assistant
07-03 08:18:01.734  1932  1932 I NotificationAssistants:  Allowing notification assistant com.google.android.ext.services/android.ext.services.notification.Assistant
07-03 08:18:01.736  1932  1932 D ZenLog  : set_zen_mode: off,init
07-03 08:18:01.788  1932  1932 W SystemServiceManager: Service com.android.server.notification.NotificationManagerService took 233 ms in onStart
07-03 08:18:01.818  1932  1932 D SystemServerTiming: StartNotificationManager took to complete: 271ms
07-03 08:18:01.819  1932  1932 I SystemServer: StartDeviceMonitor
07-03 08:18:01.820  1932  1932 I SystemServiceManager: Starting com.android.server.storage.DeviceStorageMonitorService
07-03 08:18:01.827  1932  1932 D SystemServerTiming: StartDeviceMonitor took to complete: 7ms
07-03 08:18:01.827  1932  1932 I SystemServer: StartLocationManagerService
07-03 08:18:01.829  1932  1932 D SystemServerTiming: StartLocationManagerService took to complete: 2ms
07-03 08:18:01.829  1932  1932 I SystemServer: StartCountryDetectorService
07-03 08:18:01.839  1932  1932 D SystemServerTiming: StartCountryDetectorService took to complete: 10ms
07-03 08:18:01.839  1932  1932 I SystemServer: StartSearchManagerService
07-03 08:18:01.839  1932  1932 I SystemServiceManager: Starting com.android.server.search.SearchManagerService$Lifecycle
07-03 08:18:01.851  1932  1932 D SystemServerTiming: StartSearchManagerService took to complete: 12ms
07-03 08:18:01.852  1932  1932 I SystemServer: StartWallpaperManagerService
07-03 08:18:01.852  1932  1932 I SystemServiceManager: Starting com.android.server.wallpaper.WallpaperManagerService$Lifecycle
07-03 08:18:01.858  1932  1932 D SystemServerTiming: StartWallpaperManagerService took to complete: 6ms
07-03 08:18:01.858  1932  1932 I SystemServer: StartAudioService
07-03 08:18:01.858  1932  1932 I SystemServiceManager: Starting com.android.server.audio.AudioService$Lifecycle
07-03 08:18:01.894  1932  1932 W TelecomManager: Telecom Service not found.
07-03 08:18:01.943  1606  1665 D PermissionCache: checking android.permission.MODIFY_AUDIO_SETTINGS for uid=1000 => granted (4553 us)
07-03 08:18:01.946  1606  1666 D PermissionCache: checking android.permission.MODIFY_AUDIO_ROUTING for uid=1000 => granted (6200 us)
07-03 08:18:01.956  1606  1670 W AudioFlinger: no wake lock to update, system not ready yet
07-03 08:18:01.993  1587  1667 W DeviceHAL: Error from HAL Device in function set_mic_mute: Function not implemented
07-03 08:18:02.325  1606  1665 D AudioFlinger: isLowRamDevice:false totalMemory:2096123904 mClientSharedHeapSize:4194304
07-03 08:18:02.334  1932  1932 D SystemServerTiming: StartAudioService took to complete: 475ms
07-03 08:18:02.334  1932  1932 I SystemServer: StartDockObserver
07-03 08:18:02.334  1932  1932 I SystemServiceManager: Starting com.android.server.DockObserver
07-03 08:18:02.335  1932  1932 W DockObserver: This kernel does not have dock station support
07-03 08:18:02.341  1932  1932 D SystemServerTiming: StartDockObserver took to complete: 7ms
07-03 08:18:02.342  1932  1932 I SystemServer: StartWiredAccessoryManager
07-03 08:18:02.344  1932  1932 W WiredAccessoryManager: This kernel does not have usb audio support
07-03 08:18:02.344  1932  1932 W WiredAccessoryManager: This kernel does not have HDMI audio support
07-03 08:18:02.345  1932  1932 D SystemServerTiming: StartWiredAccessoryManager took to complete: 3ms
07-03 08:18:02.345  1932  1932 I SystemServer: StartMidiManager
07-03 08:18:02.346  1932  1932 I SystemServiceManager: Starting com.android.server.midi.MidiService$Lifecycle
07-03 08:18:02.359  1932  1932 D SystemServerTiming: StartMidiManager took to complete: 13ms
07-03 08:18:02.360  1932  1932 I SystemServer: StartUsbService
07-03 08:18:02.368  1932  1932 I SystemServiceManager: Starting com.android.server.usb.UsbService$Lifecycle
07-03 08:18:02.410  1932  1932 E UsbDeviceManager: failed to write to /sys/class/android_usb/android0/f_rndis/ethaddr
07-03 08:18:02.412  1533  1533 W hwservicemanager: getTransport: Cannot find entry android.hardware.usb.gadget@1.0::IUsbGadget/default in either framework or device manifest.
07-03 08:18:02.450  1932  1932 I UsbDeviceManager: USB GADGET HAL not present in the device
07-03 08:18:02.450  1932  1932 I UsbDeviceManager: java.util.NoSuchElementException
07-03 08:18:02.450  1932  1932 I UsbDeviceManager: 	at android.os.HwBinder.getService(Native Method)
07-03 08:18:02.450  1932  1932 I UsbDeviceManager: 	at android.hardware.usb.gadget.V1_0.IUsbGadget.getService(IUsbGadget.java:40)
07-03 08:18:02.450  1932  1932 I UsbDeviceManager: 	at android.hardware.usb.gadget.V1_0.IUsbGadget.getService(IUsbGadget.java:44)
07-03 08:18:02.450  1932  1932 I UsbDeviceManager: 	at com.android.server.usb.UsbDeviceManager.<init>(UsbDeviceManager.java:267)
07-03 08:18:02.450  1932  1932 I UsbDeviceManager: 	at com.android.server.usb.UsbService.<init>(UsbService.java:139)
07-03 08:18:02.450  1932  1932 I UsbDeviceManager: 	at com.android.server.usb.UsbService$Lifecycle.onStart(UsbService.java:73)
07-03 08:18:02.450  1932  1932 I UsbDeviceManager: 	at com.android.server.SystemServiceManager.startService(SystemServiceManager.java:126)
07-03 08:18:02.450  1932  1932 I UsbDeviceManager: 	at com.android.server.SystemServiceManager.startService(SystemServiceManager.java:113)
07-03 08:18:02.450  1932  1932 I UsbDeviceManager: 	at com.android.server.SystemServiceManager.startService(SystemServiceManager.java:72)
07-03 08:18:02.450  1932  1932 I UsbDeviceManager: 	at com.android.server.SystemServer.startOtherServices(SystemServer.java:1299)
07-03 08:18:02.450  1932  1932 I UsbDeviceManager: 	at com.android.server.SystemServer.run(SystemServer.java:431)
07-03 08:18:02.450  1932  1932 I UsbDeviceManager: 	at com.android.server.SystemServer.main(SystemServer.java:294)
07-03 08:18:02.450  1932  1932 I UsbDeviceManager: 	at java.lang.reflect.Method.invoke(Native Method)
07-03 08:18:02.450  1932  1932 I UsbDeviceManager: 	at com.android.internal.os.RuntimeInit$MethodAndArgsCaller.run(RuntimeInit.java:493)
07-03 08:18:02.450  1932  1932 I UsbDeviceManager: 	at com.android.internal.os.ZygoteInit.main(ZygoteInit.java:838)
07-03 08:18:02.451  1932  1932 E UsbDeviceManagerJNI: could not open control for mtp No such file or directory
07-03 08:18:02.451  1932  1932 E UsbDeviceManager: Failed to open control for mtp
07-03 08:18:02.451  1932  1932 E UsbDeviceManagerJNI: could not open control for ptp No such file or directory
07-03 08:18:02.451  1932  1932 E UsbDeviceManager: Failed to open control for mtp
07-03 08:18:02.625  1932  1932 W StorageManagerService: No primary storage defined yet; hacking together a stub
07-03 08:18:02.639  1932  1932 E UsbDeviceManagerJNI: could not open /dev/usb_accessory
07-03 08:18:02.677  1932  1932 I android_os_HwBinder: HwBinder: Starting thread pool for default::android.hidl.manager@1.0::IServiceManager
07-03 08:18:02.689  1533  1533 W hwservicemanager: getTransport: Cannot find entry android.hardware.usb@1.0::IUsb/default in either framework or device manifest.
07-03 08:18:02.700  1932  1932 E UsbPortManager: connectToProxy: usb hal service not found. Did the service fail to start?
07-03 08:18:02.700  1932  1932 E UsbPortManager: java.util.NoSuchElementException
07-03 08:18:02.700  1932  1932 E UsbPortManager: 	at android.os.HwBinder.getService(Native Method)
07-03 08:18:02.700  1932  1932 E UsbPortManager: 	at android.os.HwBinder.getService(HwBinder.java:91)
07-03 08:18:02.700  1932  1932 E UsbPortManager: 	at android.hardware.usb.V1_0.IUsb.getService(IUsb.java:48)
07-03 08:18:02.700  1932  1932 E UsbPortManager: 	at android.hardware.usb.V1_0.IUsb.getService(IUsb.java:52)
07-03 08:18:02.700  1932  1932 E UsbPortManager: 	at com.android.server.usb.UsbPortManager.connectToProxy(UsbPortManager.java:531)
07-03 08:18:02.700  1932  1932 E UsbPortManager: 	at com.android.server.usb.UsbPortManager.<init>(UsbPortManager.java:137)
07-03 08:18:02.700  1932  1932 E UsbPortManager: 	at com.android.server.usb.UsbService.<init>(UsbService.java:142)
07-03 08:18:02.700  1932  1932 E UsbPortManager: 	at com.android.server.usb.UsbService$Lifecycle.onStart(UsbService.java:73)
07-03 08:18:02.700  1932  1932 E UsbPortManager: 	at com.android.server.SystemServiceManager.startService(SystemServiceManager.java:126)
07-03 08:18:02.700  1932  1932 E UsbPortManager: 	at com.android.server.SystemServiceManager.startService(SystemServiceManager.java:113)
07-03 08:18:02.700  1932  1932 E UsbPortManager: 	at com.android.server.SystemServiceManager.startService(SystemServiceManager.java:72)
07-03 08:18:02.700  1932  1932 E UsbPortManager: 	at com.android.server.SystemServer.startOtherServices(SystemServer.java:1299)
07-03 08:18:02.700  1932  1932 E UsbPortManager: 	at com.android.server.SystemServer.run(SystemServer.java:431)
07-03 08:18:02.700  1932  1932 E UsbPortManager: 	at com.android.server.SystemServer.main(SystemServer.java:294)
07-03 08:18:02.700  1932  1932 E UsbPortManager: 	at java.lang.reflect.Method.invoke(Native Method)
07-03 08:18:02.700  1932  1932 E UsbPortManager: 	at com.android.internal.os.RuntimeInit$MethodAndArgsCaller.run(RuntimeInit.java:493)
07-03 08:18:02.700  1932  1932 E UsbPortManager: 	at com.android.internal.os.ZygoteInit.main(ZygoteInit.java:838)
07-03 08:18:02.722  1932  1932 W SystemServiceManager: Service com.android.server.usb.UsbService$Lifecycle took 354 ms in onStart
07-03 08:18:02.723  1932  1932 D SystemServerTiming: StartUsbService took to complete: 355ms
07-03 08:18:02.723  1932  1932 I SystemServer: StartSerialService
07-03 08:18:02.724  1932  1932 D SystemServerTiming: StartSerialService took to complete: 1ms
07-03 08:18:02.724  1932  1932 I SystemServer: StartHardwarePropertiesManagerService
07-03 08:18:02.729  1533  1533 W hwservicemanager: getTransport: Cannot find entry android.hardware.thermal@1.0::IThermal/default in either framework or device manifest.
07-03 08:18:02.730  1932  1932 E HardwarePropertiesManagerService-JNI: Unable to get Thermal service.
07-03 08:18:02.731  1932  1932 D SystemServerTiming: StartHardwarePropertiesManagerService took to complete: 7ms
07-03 08:18:02.731  1932  1932 I SystemServer: StartTwilightService
07-03 08:18:02.731  1932  1932 I SystemServiceManager: Starting com.android.server.twilight.TwilightService
07-03 08:18:02.743  1932  1932 D SystemServerTiming: StartTwilightService took to complete: 12ms
07-03 08:18:02.743  1932  1932 I SystemServer: StartJobScheduler
07-03 08:18:02.744  1932  1932 I SystemServiceManager: Starting com.android.server.job.JobSchedulerService
07-03 08:18:02.775  1932  1932 I JobStore: Read 0 jobs
07-03 08:18:02.798  1932  1932 D SystemServerTiming: StartJobScheduler took to complete: 55ms
07-03 08:18:02.798  1932  1932 I SystemServer: StartSoundTrigger
07-03 08:18:02.799  1932  1932 I SystemServiceManager: Starting com.android.server.soundtrigger.SoundTriggerService
07-03 08:18:02.810  1932  1932 D SystemServerTiming: StartSoundTrigger took to complete: 12ms
07-03 08:18:02.811  1932  1932 I SystemServer: StartTrustManager
07-03 08:18:02.811  1932  1932 I SystemServiceManager: Starting com.android.server.trust.TrustManagerService
07-03 08:18:02.813  1932  1932 D SystemServerTiming: StartTrustManager took to complete: 2ms
07-03 08:18:02.813  1932  1932 I SystemServer: StartBackupManager
07-03 08:18:02.814  1932  1932 I SystemServiceManager: Starting com.android.server.backup.BackupManagerService$Lifecycle
07-03 08:18:02.840  1932  1932 D SystemServerTiming: StartBackupManager took to complete: 27ms
07-03 08:18:02.840  1932  1932 I SystemServer: StartAppWidgerService
07-03 08:18:02.840  1932  1932 I SystemServiceManager: Starting com.android.server.appwidget.AppWidgetService
07-03 08:18:02.870  1932  1932 D OpenGLRenderer: Skia GL Pipeline
07-03 08:18:02.897  1932  1932 D SystemServerTiming: StartAppWidgerService took to complete: 57ms
07-03 08:18:02.898  1932  1932 I SystemServer: StartVoiceRecognitionManager
07-03 08:18:02.898  1932  1932 I SystemServiceManager: Starting com.android.server.voiceinteraction.VoiceInteractionManagerService
07-03 08:18:02.910  1932  1932 D SystemServerTiming: StartVoiceRecognitionManager took to complete: 12ms
07-03 08:18:02.915  1932  1932 I SystemServer: StartGestureLauncher
07-03 08:18:02.915  1932  1932 I SystemServiceManager: Starting com.android.server.GestureLauncherService
07-03 08:18:02.916  1932  1932 D SystemServerTiming: StartGestureLauncher took to complete: 1ms
07-03 08:18:02.916  1932  1932 I SystemServer: StartSensorNotification
07-03 08:18:02.916  1932  1932 I SystemServiceManager: Starting com.android.server.SensorNotificationService
07-03 08:18:02.916  1932  1932 D SystemServerTiming: StartSensorNotification took to complete: 0ms
07-03 08:18:02.916  1932  1932 I SystemServer: StartContextHubSystemService
07-03 08:18:02.916  1932  1932 I SystemServiceManager: Starting com.android.server.ContextHubSystemService
07-03 08:18:02.917  1932  2002 D SystemServerInitThreadPool: Started executing Init ContextHubSystemService
07-03 08:18:02.918  1932  1932 D SystemServerTiming: StartContextHubSystemService took to complete: 2ms
07-03 08:18:02.918  1932  1932 I SystemServer: StartDiskStatsService
07-03 08:18:02.922  1533  1533 W hwservicemanager: getTransport: Cannot find entry android.hardware.contexthub@1.0::IContexthub/default in either framework or device manifest.
07-03 08:18:02.925  1932  2002 I ContextHubService: Context Hub HAL service not found
07-03 08:18:02.926  1932  2002 D SystemServerInitThreadPool: Finished executing Init ContextHubSystemService
07-03 08:18:02.937  1932  1932 D SystemServerTiming: StartDiskStatsService took to complete: 18ms
07-03 08:18:02.937  1932  1932 I SystemServer: StartNetworkTimeUpdateService
07-03 08:18:02.949  1932  1932 D SystemServerTiming: StartNetworkTimeUpdateService took to complete: 12ms
07-03 08:18:02.949  1932  1932 I SystemServer: StartCommonTimeManagementService
07-03 08:18:02.953  1932  1932 D SystemServerTiming: StartCommonTimeManagementService took to complete: 4ms
07-03 08:18:02.954  1932  1932 I SystemServer: CertBlacklister
07-03 08:18:02.955  1932  1932 D SystemServerTiming: CertBlacklister took to complete: 1ms
07-03 08:18:02.955  1932  1932 I SystemServer: StartEmergencyAffordanceService
07-03 08:18:02.955  1932  1932 I SystemServiceManager: Starting com.android.server.emergency.EmergencyAffordanceService
07-03 08:18:02.960  1932  1932 D SystemServerTiming: StartEmergencyAffordanceService took to complete: 5ms
07-03 08:18:02.960  1932  1932 I SystemServer: StartDreamManager
07-03 08:18:02.960  1932  1932 I SystemServiceManager: Starting com.android.server.dreams.DreamManagerService
07-03 08:18:02.963  1932  1932 D SystemServerTiming: StartDreamManager took to complete: 3ms
07-03 08:18:02.963  1932  1932 I SystemServer: AddGraphicsStatsService
07-03 08:18:02.978  1932  1932 D SystemServerTiming: AddGraphicsStatsService took to complete: 15ms
07-03 08:18:02.998  1932  1932 I SystemServer: StartPrintManager
07-03 08:18:02.998  1932  1932 I SystemServiceManager: Starting com.android.server.print.PrintManagerService
07-03 08:18:03.003  1932  1932 D SystemServerTiming: StartPrintManager took to complete: 5ms
07-03 08:18:03.003  1932  1932 I SystemServer: StartRestrictionManager
07-03 08:18:03.003  1932  1932 I SystemServiceManager: Starting com.android.server.restrictions.RestrictionsManagerService
07-03 08:18:03.010  1932  1932 D SystemServerTiming: StartRestrictionManager took to complete: 7ms
07-03 08:18:03.010  1932  1932 I SystemServer: StartMediaSessionService
07-03 08:18:03.011  1932  1932 I SystemServiceManager: Starting com.android.server.media.MediaSessionService
07-03 08:18:03.017  1932  1932 D SystemServerTiming: StartMediaSessionService took to complete: 7ms
07-03 08:18:03.017  1932  1932 I SystemServer: StartMediaUpdateService
07-03 08:18:03.017  1932  1932 I SystemServiceManager: Starting com.android.server.media.MediaUpdateService
07-03 08:18:03.018  1932  1932 D SystemServerTiming: StartMediaUpdateService took to complete: 1ms
07-03 08:18:03.018  1932  1932 I SystemServer: StartMediaResourceMonitor
07-03 08:18:03.018  1932  1932 I SystemServiceManager: Starting com.android.server.media.MediaResourceMonitorService
07-03 08:18:03.025  1932  1932 D SystemServerTiming: StartMediaResourceMonitor took to complete: 7ms
07-03 08:18:03.025  1932  1932 I SystemServer: StartMediaRouterService
07-03 08:18:03.031  1932  1932 D SystemServerTiming: StartMediaRouterService took to complete: 6ms
07-03 08:18:03.032  1932  1932 I SystemServer: StartFingerprintSensor
07-03 08:18:03.032  1932  1932 I SystemServiceManager: Starting com.android.server.fingerprint.FingerprintService
07-03 08:18:03.055  1932  1932 D SystemServerTiming: StartFingerprintSensor took to complete: 23ms
07-03 08:18:03.055  1932  1932 I SystemServer: StartBackgroundDexOptService
07-03 08:18:03.055  1932  1932 W BackgroundDexOptService: SysProp pm.dexopt.downgrade_after_inactive_days not set
07-03 08:18:03.056  1932  2001 D SystemServerInitThreadPool: Started executing FingerprintService.onStart
07-03 08:18:03.056  1932  2001 V FingerprintService: mDaemon was null, reconnect to fingerprint
07-03 08:18:03.065  1932  2001 I android_os_HwBinder: HwBinder: Starting thread pool for default::android.hardware.biometrics.fingerprint@2.1::IBiometricsFingerprint
07-03 08:18:03.069  1932  2001 V FingerprintService: Fingerprint HAL id: 133972122406912
07-03 08:18:03.070  1932  1932 D SystemServerTiming: StartBackgroundDexOptService took to complete: 15ms
07-03 08:18:03.071  1932  1932 I SystemServer: StartPruneInstantAppsJobService
07-03 08:18:03.071  1932  1932 D SystemServerTiming: StartPruneInstantAppsJobService took to complete: 0ms
07-03 08:18:03.072  1932  1932 I SystemServer: StartShortcutServiceLifecycle
07-03 08:18:03.072  1932  1932 I SystemServiceManager: Starting com.android.server.pm.ShortcutService$Lifecycle
07-03 08:18:03.077  1774  1774 D FingerprintHal: ----------------> fingerprint_set_active_group -----------------> path /data/vendor_de/0/fpdata
07-03 08:18:03.078  1774  1774 D FingerprintHal: ----------------> loadFingerprints ----------------->
07-03 08:18:03.078  1774  1774 E FingerprintHal: Could not load fingerprints from storage at /data/vendor_de/0/fpdata/emufp.bin; it has not yet been created.
07-03 08:18:03.079  1774  1774 D FingerprintHal: ----------------> loadAuthenticatorId ----------------->
07-03 08:18:03.079  1774  1774 E FingerprintHal: Could not load authenticator id from storage at /data/vendor_de/0/fpdata/emuauthid.bin; it has not yet been created.
07-03 08:18:03.079  1774  1774 D FingerprintHal: ----------------> get_64bit_rand ----------------->
07-03 08:18:03.079  1774  1774 D FingerprintHal: ----------------> saveAuthenticatorId ----------------->
07-03 08:18:03.084  1932  1932 D SystemServerTiming: StartShortcutServiceLifecycle took to complete: 12ms
07-03 08:18:03.084  1932  1932 I SystemServer: StartLauncherAppsService
07-03 08:18:03.084  1932  1932 I SystemServiceManager: Starting com.android.server.pm.LauncherAppsService
07-03 08:18:03.086  1932  1932 D SystemServerTiming: StartLauncherAppsService took to complete: 2ms
07-03 08:18:03.086  1932  1932 I SystemServer: StartCrossProfileAppsService
07-03 08:18:03.086  1932  1932 I SystemServiceManager: Starting com.android.server.pm.CrossProfileAppsService
07-03 08:18:03.088  1774  1774 D FingerprintHal: Save authenticator id (0x6b8b4567327b23c6)
07-03 08:18:03.091  1932  1932 D SystemServerTiming: StartCrossProfileAppsService took to complete: 5ms
07-03 08:18:03.092  1932  1932 I SystemServer: StartMediaProjectionManager
07-03 08:18:03.092  1932  1932 I SystemServiceManager: Starting com.android.server.media.projection.MediaProjectionManagerService
07-03 08:18:03.093  1932  2001 V FingerprintService: Enumerating user(0)
07-03 08:18:03.094  1932  2001 V FingerprintService: starting client InternalEnumerateClient(android), initiatedByClient = true
07-03 08:18:03.100  1774  1774 D FingerprintHal: ----------------> fingerprint_enumerate ----------------->
07-03 08:18:03.100  1774  1774 D android.hardware.biometrics.fingerprint@2.1-service: onEnumerate(fid=0, gid=0, rem=0)
07-03 08:18:03.102  1932  2001 D SystemServerInitThreadPool: Finished executing FingerprintService.onStart
07-03 08:18:03.115  1932  1932 V MediaRouter: Adding route: RouteInfo{ name=Phone, description=null, status=null, category=RouteCategory{ name=System types=ROUTE_TYPE_LIVE_AUDIO ROUTE_TYPE_LIVE_VIDEO  groupable=false }, supportedTypes=ROUTE_TYPE_LIVE_AUDIO ROUTE_TYPE_LIVE_VIDEO , presentationDisplay=null }
07-03 08:18:03.124  1932  1932 V MediaRouter: Selecting route: RouteInfo{ name=Phone, description=null, status=null, category=RouteCategory{ name=System types=ROUTE_TYPE_LIVE_AUDIO ROUTE_TYPE_LIVE_VIDEO  groupable=false }, supportedTypes=ROUTE_TYPE_LIVE_AUDIO ROUTE_TYPE_LIVE_VIDEO , presentationDisplay=null }
07-03 08:18:03.128  1932  1932 D SystemServerTiming: StartMediaProjectionManager took to complete: 36ms
07-03 08:18:03.128  1932  1932 I SystemServer: StartSliceManagerService
07-03 08:18:03.128  1932  1932 I SystemServiceManager: Starting com.android.server.slice.SliceManagerService$Lifecycle
07-03 08:18:03.151  1932  1932 D SystemServerTiming: StartSliceManagerService took to complete: 23ms
07-03 08:18:03.152  1932  1932 I SystemServer: StartCameraServiceProxy
07-03 08:18:03.152  1932  1932 I SystemServiceManager: Starting com.android.server.camera.CameraServiceProxy
07-03 08:18:03.162  1932  1932 D SystemServerTiming: StartCameraServiceProxy took to complete: 10ms
07-03 08:18:03.162  1932  1932 I SystemServer: StartStatsCompanionService
07-03 08:18:03.163  1932  1932 I SystemServiceManager: Starting com.android.server.stats.StatsCompanionService$Lifecycle
