07-03 08:18:03.171  1932  1932 E KernelUidCpuFreqTimeReader: Failed to read /proc/uid_time_in_state: java.io.FileNotFoundException: /proc/uid_time_in_state (No such file or directory)
07-03 08:18:03.173  1932  1932 D SystemServerTiming: StartStatsCompanionService took to complete: 10ms
07-03 08:18:03.175  1932  1932 I WindowManager: SAFE MODE not enabled
07-03 08:18:03.175  1932  1932 I SystemServer: StartJitCompilation
07-03 08:18:03.175  1932  1932 D SystemServerTiming: StartJitCompilation took to complete: 0ms
07-03 08:18:03.175  1932  1932 I SystemServer: StartMmsService
07-03 08:18:03.175  1932  1932 I SystemServiceManager: Starting com.android.server.MmsServiceBroker
07-03 08:18:03.177  1932  1932 D SystemServerTiming: StartMmsService took to complete: 2ms
07-03 08:18:03.177  1932  1932 I SystemServer: StartAutoFillService
07-03 08:18:03.177  1932  1932 I SystemServiceManager: Starting com.android.server.autofill.AutofillManagerService
07-03 08:18:03.181  1932  1932 I AutofillManagerService: Setting debug to true
07-03 08:18:03.199  1932  1932 D SystemServerTiming: StartAutoFillService took to complete: 21ms
07-03 08:18:03.199  1932  1932 I SystemServer: MakeVibratorServiceReady
07-03 08:18:03.219  1932  1932 D SystemServerTiming: MakeVibratorServiceReady took to complete: 20ms
07-03 08:18:03.219  1932  1932 I SystemServer: MakeLockSettingsServiceReady
07-03 08:18:03.504  1932  1932 I LockSettingsService: Migrated lock settings to new location
07-03 08:18:03.519  1932  1932 I LockSettingsService: Migrated per-user lock settings to new location
07-03 08:18:03.549  1932  1932 I LockSettingsService: Migrated biometric weak to use the fallback instead
07-03 08:18:03.559  1932  1932 I LockSettingsService: Migrated lockscreen disabled flag
07-03 08:18:03.612  1533  1533 W hwservicemanager: getTransport: Cannot find entry android.hardware.weaver@1.0::IWeaver/default in either framework or device manifest.
07-03 08:18:03.613  1932  1932 I SyntheticPasswordManager: Device does not support weaver
07-03 08:18:03.615  1533  1533 W hwservicemanager: getTransport: Cannot find entry android.hardware.authsecret@1.0::IAuthSecret/default in either framework or device manifest.
07-03 08:18:03.615  1932  1932 I LockSettingsService: Device doesn't implement AuthSecret HAL
07-03 08:18:03.626  1932  1932 E LockSettingsStorage: Cannot read file java.io.FileNotFoundException: /data/system/gatekeeper.password.key: open failed: ENOENT (No such file or directory)
07-03 08:18:03.627  1932  1932 E LockSettingsStorage: Cannot read file java.io.FileNotFoundException: /data/system/password.key: open failed: ENOENT (No such file or directory)
07-03 08:18:03.627  1932  1932 E LockSettingsStorage: Cannot read file java.io.FileNotFoundException: /data/system/gatekeeper.pattern.key: open failed: ENOENT (No such file or directory)
07-03 08:18:03.628  1932  1932 E LockSettingsStorage: Cannot read file java.io.FileNotFoundException: /data/system/gatekeeper.gesture.key: open failed: ENOENT (No such file or directory)
07-03 08:18:03.628  1932  1932 E LockSettingsStorage: Cannot read file java.io.FileNotFoundException: /data/system/gesture.key: open failed: ENOENT (No such file or directory)
07-03 08:18:03.635  1932  1932 D SystemServerTiming: MakeLockSettingsServiceReady took to complete: 416ms
07-03 08:18:03.635  1932  1932 I SystemServer: StartBootPhaseLockSettingsReady
07-03 08:18:03.635  1932  1932 I SystemServiceManager: Starting phase 480
07-03 08:18:03.670  1932  1945 D SystemServerInitThreadPool: Started executing DevicePolicyManager
07-03 08:18:03.671  1932  1945 D SystemServerInitThreadPool: Finished executing DevicePolicyManager
07-03 08:18:03.704  1932  1932 D SystemServerTiming: StartBootPhaseLockSettingsReady took to complete: 69ms
07-03 08:18:03.704  1932  1932 I SystemServer: StartBootPhaseSystemServicesReady
07-03 08:18:03.705  1932  1932 I SystemServiceManager: Starting phase 500
07-03 08:18:03.725  1932  1932 D AppStandbyController: Setting app idle enabled state
07-03 08:18:03.739  1932  1932 D AppStandbyController: Initializing defaults for system apps on user 0, appIdleEnabled=false
07-03 08:18:03.747  1932  1932 E AppIdleHistory: Unable to read app idle file for user 0
07-03 08:18:03.773  1932  1932 I VrManagerService: No default vr listener service found.
07-03 08:18:03.833  1932  1932 I WifiService: WifiService starting up with Wi-Fi enabled
07-03 08:18:03.867  1932  2190 I android_os_HwBinder: HwBinder: Starting thread pool for default::android.hidl.manager@1.0::IServiceManager
07-03 08:18:03.875  1932  2073 D HalDevMgr: IWifi registration notification: fqName=android.hardware.wifi@1.0::IWifi, name=default, preexisting=true
07-03 08:18:03.899  1932  2190 I android_os_HwBinder: HwBinder: Starting thread pool for default::android.hardware.wifi@1.0::IWifi
07-03 08:18:03.933  1932  2190 D WificondControl: tearing down interfaces in wificond
07-03 08:18:03.975  1932  1932 D WifiService: setWifiEnabled: true pid=1932, uid=1000, package=android
07-03 08:18:03.976  1932  1932 I WifiService: setWifiEnabled package=android uid=1000 enable=true
07-03 08:18:03.977  1932  1932 W SystemServiceManager: Service com.android.server.wifi.WifiService took 144 ms in onBootPhase
07-03 08:18:03.977  1932  1932 I WifiScanningService: Starting wifiscanner
07-03 08:18:04.027  1932  1932 D ZenLog  : config: cleanUpZenRules,ZenModeConfig[user=0,allowAlarms=true,allowMedia=true,allowSystem=false,allowReminders=false,allowEvents=false,allowCalls=true,allowRepeatCallers=true,allowMessages=false,allowCallsFrom=stars,allowMessagesFrom=contacts,suppressedVisualEffects=511,areChannelsBypassingDnd=false,automaticRules={EVENTS_DEFAULT_RULE=ZenRule[enabled=false,snoozing=false,name=Event,zenMode=ZEN_MODE_IMPORTANT_INTERRUPTIONS,conditionId=condition://android/event?userId=-10000&calendar=&reply=1,condition=null,component=ComponentInfo{android/com.android.server.notification.EventConditionProvider},id=EVENTS_DEFAULT_RULE,creationTime=1751530681678,enabler=null], EVERY_NIGHT_DEFAULT_RULE=ZenRule[enabled=false,snoozing=false,name=Sleeping,zenMode=ZEN_MODE_IMPORTANT_INTERRUPTIONS,conditionId=condition://android/schedule?days=1.2.3.4.5.6.7&start=22.0&end=7.0&exitAtAlarm=true,condition=null,component=ComponentInfo{android/com.android.server.notification.ScheduleConditionProvider},id=EVERY_NIGHT_DEFAULT_RULE,creationTime=1751530681677,enabler=null]},manualRule=null],Diff[]
07-03 08:18:04.028  1932  1932 D ZenLog  : set_zen_mode: off,onSystemReady
07-03 08:18:04.116  1606  1665 D PermissionCache: checking android.permission.CAPTURE_AUDIO_HOTWORD for uid=1000 => granted (549 us)
07-03 08:18:04.118  1932  1932 W SoundTriggerHelper: listModules status=0, # of modules=0
07-03 08:18:04.118  1932  1932 W SystemServiceManager: Service com.android.server.soundtrigger.SoundTriggerService took 51 ms in onBootPhase
07-03 08:18:04.131  1932  1932 D ContextHubSystemService: onBootPhase: PHASE_SYSTEM_SERVICES_READY
07-03 08:18:04.139  1932  1932 D SystemServerTiming: StartBootPhaseSystemServicesReady took to complete: 434ms
07-03 08:18:04.139  1932  1932 I SystemServer: MakeWindowManagerServiceReady
07-03 08:18:04.177  1932  1932 I android_os_HwBinder: HwBinder: Starting thread pool for default::android.hardware.configstore@1.0::ISurfaceFlingerConfigs
07-03 08:18:04.200  1932  1932 D SystemServerTiming: MakeWindowManagerServiceReady took to complete: 61ms
07-03 08:18:04.209  1932  1932 I SystemServer: MakePowerManagerServiceReady
07-03 08:18:04.332  1932  1932 D SystemServerTiming: MakePowerManagerServiceReady took to complete: 123ms
07-03 08:18:04.333  1932  1932 I SystemServer: MakePackageManagerServiceReady
07-03 08:18:04.345  1932  1932 I DefaultPermGrantPolicy: Granting permissions to platform components for user 0
07-03 08:18:04.375  1536  1556 D vold    : Remounting 1001 as mode none
07-03 08:18:04.393  1536  1556 D vold    : Found matching PID 1766
07-03 08:18:04.393  1536  1556 W vold    : Skipping due to root namespace
07-03 08:18:04.417  1932  1951 E KernelUidCpuFreqTimeReader: Failed to read /proc/uid_time_in_state: java.io.FileNotFoundException: /proc/uid_time_in_state (No such file or directory)
07-03 08:18:04.420  1932  1957 W KeyguardServiceDelegate: onScreenTurningOn(): no keyguard service!
07-03 08:18:04.426  1932  1951 W KernelCpuProcReader: File not exist: /proc/uid_cpupower/concurrent_active_time
07-03 08:18:04.426  1932  1951 W KernelCpuProcReader: File not exist: /proc/uid_cpupower/concurrent_policy_time
07-03 08:18:04.428  1536  1556 D vold    : Remounting 1001 as mode none
07-03 08:18:04.454  1536  1556 D vold    : Found matching PID 1766
07-03 08:18:04.454  1536  1556 W vold    : Skipping due to root namespace
07-03 08:18:04.467  1536  1556 D vold    : Remounting 1027 as mode none
07-03 08:18:04.483  1932  1951 E KernelUidCpuFreqTimeReader: Failed to read /proc/uid_time_in_state: java.io.FileNotFoundException: /proc/uid_time_in_state (No such file or directory)
07-03 08:18:04.503  1536  1548 D vold    : Remounting 1027 as mode none
07-03 08:18:04.522  1536  1556 D vold    : Remounting 1000 as mode none
07-03 08:18:04.525  1536  1556 D vold    : Found matching PID 1532
07-03 08:18:04.525  1536  1556 W vold    : Skipping due to root namespace
07-03 08:18:04.525  1536  1556 D vold    : Found matching PID 1533
07-03 08:18:04.525  1536  1556 W vold    : Skipping due to root namespace
07-03 08:18:04.526  1536  1556 D vold    : Found matching PID 1534
07-03 08:18:04.526  1536  1556 W vold    : Skipping due to root namespace
07-03 08:18:04.526  1536  1556 D vold    : Found matching PID 1535
07-03 08:18:04.526  1536  1556 W vold    : Skipping due to root namespace
07-03 08:18:04.526  1536  1556 D vold    : Found matching PID 1584
07-03 08:18:04.526  1536  1556 W vold    : Skipping due to root namespace
07-03 08:18:04.527  1536  1556 D vold    : Found matching PID 1591
07-03 08:18:04.527  1536  1556 W vold    : Skipping due to root namespace
07-03 08:18:04.527  1536  1556 D vold    : Found matching PID 1595
07-03 08:18:04.528  1536  1556 W vold    : Skipping due to root namespace
07-03 08:18:04.528  1536  1556 D vold    : Found matching PID 1597
07-03 08:18:04.528  1536  1556 W vold    : Skipping due to root namespace
07-03 08:18:04.528  1536  1556 D vold    : Found matching PID 1600
07-03 08:18:04.528  1536  1556 W vold    : Skipping due to root namespace
07-03 08:18:04.528  1536  1556 D vold    : Found matching PID 1601
07-03 08:18:04.528  1536  1556 W vold    : Skipping due to root namespace
07-03 08:18:04.529  1536  1556 D vold    : Found matching PID 1602
07-03 08:18:04.529  1536  1556 W vold    : Skipping due to root namespace
07-03 08:18:04.529  1536  1556 D vold    : Found matching PID 1609
07-03 08:18:04.529  1536  1556 W vold    : Skipping due to root namespace
07-03 08:18:04.542  1536  1556 D vold    : Found matching PID 1749
07-03 08:18:04.543  1536  1556 W vold    : Skipping due to root namespace
07-03 08:18:04.543  1536  1556 D vold    : Found matching PID 1768
07-03 08:18:04.544  1536  1556 W vold    : Skipping due to root namespace
07-03 08:18:04.544  1536  1556 D vold    : Found matching PID 1774
07-03 08:18:04.544  1536  1556 W vold    : Skipping due to root namespace
07-03 08:18:04.544  1536  1556 D vold    : Found matching PID 1775
07-03 08:18:04.544  1536  1556 W vold    : Skipping due to root namespace
07-03 08:18:04.545  1536  1556 D vold    : Found matching PID 1932
07-03 08:18:04.653  1536  1548 D vold    : Remounting 1000 as mode none
07-03 08:18:04.661  1536  1548 D vold    : Found matching PID 1532
07-03 08:18:04.662  1536  1548 W vold    : Skipping due to root namespace
07-03 08:18:04.664  1536  1548 D vold    : Found matching PID 1533
07-03 08:18:04.664  1536  1548 W vold    : Skipping due to root namespace
07-03 08:18:04.664  1536  1548 D vold    : Found matching PID 1534
07-03 08:18:04.664  1536  1548 W vold    : Skipping due to root namespace
07-03 08:18:04.664  1536  1548 D vold    : Found matching PID 1535
07-03 08:18:04.664  1536  1548 W vold    : Skipping due to root namespace
07-03 08:18:04.664  1536  1548 D vold    : Found matching PID 1584
07-03 08:18:04.665  1536  1548 W vold    : Skipping due to root namespace
07-03 08:18:04.665  1536  1548 D vold    : Found matching PID 1591
07-03 08:18:04.665  1536  1548 W vold    : Skipping due to root namespace
07-03 08:18:04.666  1536  1548 D vold    : Found matching PID 1595
07-03 08:18:04.666  1536  1548 W vold    : Skipping due to root namespace
07-03 08:18:04.666  1536  1548 D vold    : Found matching PID 1597
07-03 08:18:04.666  1536  1548 W vold    : Skipping due to root namespace
07-03 08:18:04.666  1536  1548 D vold    : Found matching PID 1600
07-03 08:18:04.666  1536  1548 W vold    : Skipping due to root namespace
07-03 08:18:04.666  1536  1548 D vold    : Found matching PID 1601
07-03 08:18:04.666  1536  1548 W vold    : Skipping due to root namespace
07-03 08:18:04.667  1536  1548 D vold    : Found matching PID 1602
07-03 08:18:04.667  1536  1548 W vold    : Skipping due to root namespace
07-03 08:18:04.667  1536  1548 D vold    : Found matching PID 1609
07-03 08:18:04.667  1536  1548 W vold    : Skipping due to root namespace
07-03 08:18:04.667  1536  1548 D vold    : Found matching PID 1749
07-03 08:18:04.668  1536  1548 W vold    : Skipping due to root namespace
07-03 08:18:04.668  1536  1548 D vold    : Found matching PID 1768
07-03 08:18:04.668  1536  1548 W vold    : Skipping due to root namespace
07-03 08:18:04.668  1536  1548 D vold    : Found matching PID 1774
07-03 08:18:04.668  1536  1548 W vold    : Skipping due to root namespace
07-03 08:18:04.669  1536  1548 D vold    : Found matching PID 1775
07-03 08:18:04.669  1536  1548 W vold    : Skipping due to root namespace
07-03 08:18:04.669  1536  1548 D vold    : Found matching PID 1932
07-03 08:18:04.758  1536  1548 D vold    : Remounting 2000 as mode none
07-03 08:18:04.784  1536  1548 D vold    : Found matching PID 1612
07-03 08:18:04.784  1536  1548 W vold    : Skipping due to root namespace
07-03 08:18:04.784  1536  1548 D vold    : Found matching PID 1613
07-03 08:18:04.784  1536  1548 W vold    : Skipping due to root namespace
07-03 08:18:04.786  1536  1548 D vold    : Found matching PID 2216
07-03 08:18:04.786  1536  1548 W vold    : Skipping due to root namespace
07-03 08:18:04.787  1536  1556 D vold    : Remounting 2000 as mode none
07-03 08:18:04.801  1536  1556 D vold    : Found matching PID 1612
07-03 08:18:04.802  1536  1556 W vold    : Skipping due to root namespace
07-03 08:18:04.802  1536  1556 D vold    : Found matching PID 1613
07-03 08:18:04.802  1536  1556 W vold    : Skipping due to root namespace
07-03 08:18:04.803  1536  1556 D vold    : Found matching PID 2216
07-03 08:18:04.803  1536  1556 W vold    : Skipping due to root namespace
07-03 08:18:04.807  1536  1548 D vold    : Remounting 10032 as mode none
07-03 08:18:04.824  1536  1556 D vold    : Remounting 10032 as mode none
07-03 08:18:04.844  1536  1548 D vold    : Remounting 1002 as mode none
07-03 08:18:04.851  1536  1545 D vold    : Remounting 1002 as mode none
07-03 08:18:04.853  1932  2190 D WifiStateMachinePrime: received a message in WifiDisabledState: { when=-15ms what=3 target=com.android.internal.util.StateMachine$SmHandler }
07-03 08:18:04.853  1932  2190 D WifiStateMachinePrime: Switching from WifiDisabledState to WifiDisabled
07-03 08:18:04.853  1932  2190 D WifiStateMachinePrime: Entering WifiDisabledState
07-03 08:18:04.853  1932  2190 D ActiveModeManager: sending scan available broadcast: false
07-03 08:18:04.860  1932  2189 D WifiController: WifiController msg { when=-879ms what=155656 target=com.android.internal.util.StateMachine$SmHandler } deferred for 500ms
07-03 08:18:04.875  1932  1932 I DefaultPermGrantPolicy: Granting permissions to default platform handlers for user 0
07-03 08:18:04.947  1932  1932 I SyncManager: No initial accounts
07-03 08:18:04.947  1932  1932 I SyncManager: No initial status
07-03 08:18:04.948  1932  1932 I SyncManager: No initial statistics
07-03 08:18:05.370  1932  2189 D WifiController: DEFERRED_TOGGLE handled
07-03 08:18:05.371  1932  2189 D WifiController: StaEnabledState.enter()
07-03 08:18:05.383  1932  2190 D WifiStateMachinePrime: received a message in WifiDisabledState: { when=0 what=0 target=com.android.internal.util.StateMachine$SmHandler }
07-03 08:18:05.383  1932  2190 D WifiStateMachinePrime: Switching from WifiDisabledState to ClientMode
07-03 08:18:05.383  1932  2190 D WifiStateMachinePrime: Entering ClientModeActiveState
07-03 08:18:05.390  1932  2190 D WifiClientModeManager: entering IdleState
07-03 08:18:05.391  1932  2190 D WifiStateMachinePrime: State changed from client mode. state = 2
07-03 08:18:05.421  1603  1603 I android.hardware.wifi@1.0-service: Wifi HAL started
07-03 08:18:05.435  1932  2190 I WifiVendorHal: Vendor Hal started successfully
07-03 08:18:05.454  1932  2192 I WifiP2pNative: Registering for interface available listener
07-03 08:18:05.478  1932  1942 I system_server: Background concurrent copying GC freed 22963(2007KB) AllocSpace objects, 53(1060KB) LOS objects, 42% free, 6MB/10MB, paused 3.037ms total 1.443s
07-03 08:18:05.489  1932  2190 I android_os_HwBinder: HwBinder: Starting thread pool for default::android.hidl.manager@1.0::IServiceManager
07-03 08:18:05.657  1932  2192 D WifiP2pNative: P2P InterfaceAvailableListener true
07-03 08:18:05.657  1932  2192 D WifiP2pService: Wifi enabled=false, P2P Interface availability=true, Number of clients=0
07-03 08:18:05.657  1932  2192 D WifiP2pService: Wifi enabled=false, P2P Interface availability=true
07-03 08:18:05.890  1536  1545 D vold    : Remounting 10025 as mode none
07-03 08:18:05.917  1536  1545 D vold    : Remounting 10079 as mode none
07-03 08:18:05.933  1536  1545 D vold    : Remounting 10079 as mode none
07-03 08:18:05.961  1536  1545 D vold    : Remounting 10014 as mode none
07-03 08:18:05.970  1536  1556 D vold    : Remounting 10014 as mode none
07-03 08:18:05.980  1536  1545 D vold    : Remounting 10038 as mode none
07-03 08:18:05.990  1536  1545 D vold    : Remounting 10038 as mode none
07-03 08:18:06.008  2221  2221 I wpa_supplicant: Processing hidl events on FD 3
07-03 08:18:06.022  1536  1545 D vold    : Remounting 10016 as mode none
07-03 08:18:06.036  1536  1545 D vold    : Remounting 10016 as mode none
07-03 08:18:06.069  2221  2221 I wpa_supplicant: Successfully initialized wpa_supplicant
07-03 08:18:06.091  1536  1545 D vold    : Remounting 10075 as mode none
07-03 08:18:06.100  1536  1556 D vold    : Remounting 10075 as mode none
07-03 08:18:06.118  1536  1545 D vold    : Remounting 10028 as mode none
07-03 08:18:06.172  1536  1556 D vold    : Remounting 10028 as mode none
07-03 08:18:06.185  2221  2221 I wpa_supplicant: rfkill: Cannot open RFKILL control device
07-03 08:18:06.200  1536  1556 D vold    : Remounting 10066 as mode none
07-03 08:18:06.216  1536  1556 D vold    : Remounting 10066 as mode none
07-03 08:18:06.274  1536  1556 D vold    : Remounting 10030 as mode none
07-03 08:18:06.295  1536  1556 D vold    : Remounting 10030 as mode none
07-03 08:18:06.328  1536  1556 D vold    : Remounting 10084 as mode none
07-03 08:18:06.350  1536  1556 D vold    : Remounting 10084 as mode none
07-03 08:18:06.369  1536  1545 D vold    : Remounting 10036 as mode none
07-03 08:18:06.429  1536  1545 D vold    : Remounting 10036 as mode none
07-03 08:18:06.450  1536  1545 D vold    : Remounting 10035 as mode none
07-03 08:18:06.460  1536  1545 D vold    : Remounting 10035 as mode none
07-03 08:18:06.482  2221  2221 I wpa_supplicant: rfkill: Cannot get wiphy information
07-03 08:18:06.504  1932  2073 I android_os_HwBinder: HwBinder: Starting thread pool for default::android.hardware.wifi.supplicant@1.0::ISupplicant
07-03 08:18:06.508  1932  2073 I SupplicantStaIfaceHal: Completed initialization of ISupplicant.
07-03 08:18:06.510  1932  2190 W system_server: Long monitor contention with owner HwBinder:1932_2 (2073) at android.os.IHwBinder android.os.HwBinder.getService(java.lang.String, java.lang.String, boolean)(HwBinder.java:-2) waiters=0 in boolean com.android.server.wifi.SupplicantStaIfaceHal.isInitializationComplete() for 410ms
07-03 08:18:06.543  1932  1932 V UserDataPreparer: Found /data/user_de/0 with serial number -1
07-03 08:18:06.543  1932  1932 D UserDataPreparer: Serial number missing on /data/user_de/0; assuming current is valid
07-03 08:18:06.561  1932  1932 V UserDataPreparer: Found /data/user/0 with serial number -1
07-03 08:18:06.561  1932  1932 D UserDataPreparer: Serial number missing on /data/user/0; assuming current is valid
07-03 08:18:06.562  1932  1932 V UserDataPreparer: Found /data/system_de/0 with serial number -1
07-03 08:18:06.562  1932  1932 D UserDataPreparer: Serial number missing on /data/system_de/0; assuming current is valid
07-03 08:18:06.563  1932  1932 D SystemServerTiming: MakePackageManagerServiceReady took to complete: 2230ms
07-03 08:18:06.563  1932  1932 I SystemServer: MakeDisplayManagerServiceReady
07-03 08:18:06.567  1932  1932 D SystemServerTiming: MakeDisplayManagerServiceReady took to complete: 4ms
07-03 08:18:06.567  1932  1932 I SystemServer: StartDeviceSpecificServices
07-03 08:18:06.567  1932  1932 D SystemServerTiming: StartDeviceSpecificServices took to complete: 0ms
07-03 08:18:06.567  1932  1932 I SystemServer: StartBootPhaseDeviceSpecificServicesReady
07-03 08:18:06.567  1932  1932 I SystemServiceManager: Starting phase 520
07-03 08:18:06.568  1932  1932 D SystemServerTiming: StartBootPhaseDeviceSpecificServicesReady took to complete: 1ms
07-03 08:18:06.574  1603  1603 I android.hardware.wifi@1.0-service: Adding interface handle for wlan0
07-03 08:18:06.575  1603  1603 E android.hardware.wifi@1.0-service: Failed to register radio mode change callback
07-03 08:18:06.576  1603  1603 I android.hardware.wifi@1.0-service: Configured chip in mode 0
07-03 08:18:06.579  1603  1603 E android.hardware.wifi@1.0-service: Failed to set DFS flag; DFS channels may be unavailable.
07-03 08:18:06.581  1932  1932 W UsageStatsService: Event reported without a package name
07-03 08:18:06.602  1932  1932 I ActivityManager: System now ready
07-03 08:18:06.682  1932  1932 I SystemServer: Making services ready
07-03 08:18:06.682  1932  1932 I SystemServer: StartActivityManagerReadyPhase
07-03 08:18:06.682  1932  1932 I SystemServiceManager: Starting phase 550
07-03 08:18:06.696  1932  1932 W ActivityManager: Too early to start/bind service in system_server: Phase=550 ComponentInfo{com.android.server.telecom/com.android.server.telecom.components.TelecomService}
07-03 08:18:06.702  1932  2190 D WificondControl: Setting up interface for client mode
07-03 08:18:06.713  1775  1785 D hwcomposer: hw_composer sent 18 syncs in 209s
07-03 08:18:06.719  1764  1764 I wificond: create scanner for interface with index: 3
07-03 08:18:06.729  1932  1932 W ActivityManager: Too early to start/bind service in system_server: Phase=550 ComponentInfo{com.android.server.telecom/com.android.server.telecom.components.TelecomService}
07-03 08:18:06.731  1764  1764 I wificond: subscribe scan result for interface with index: 3
07-03 08:18:06.745  1932  1932 W SystemServiceManager: Service com.android.server.telecom.TelecomLoaderService took 61 ms in onBootPhase
07-03 08:18:06.751  1533  1533 W hwservicemanager: getTransport: Cannot find entry android.hardware.wifi.offload@1.0::IOffload/default in either framework or device manifest.
07-03 08:18:06.755  1764  1764 E wificond: No Offload Service available
07-03 08:18:06.755  1764  1764 I wificond: Offload HAL not supported 
07-03 08:18:06.771  1932  2190 E SupplicantStaIfaceHal: Can't call setupIface, ISupplicantStaIface is null
07-03 08:18:06.775  1932  2190 I android_os_HwBinder: HwBinder: Starting thread pool for default::android.hardware.wifi.supplicant@1.0::ISupplicant
07-03 08:18:06.791  1932  2190 I chatty  : uid=1000(system) WifiStateMachin identical 1 line
07-03 08:18:06.804  1932  2190 I android_os_HwBinder: HwBinder: Starting thread pool for default::android.hardware.wifi.supplicant@1.0::ISupplicant
07-03 08:18:06.845  1932  1946 E memtrack: Couldn't load memtrack module
07-03 08:18:06.845  1932  1946 W android.os.Debug: failed to get memory consumption info: -1
07-03 08:18:06.858  1932  2190 I WifiNative: Interface state changed on Iface:{Name=wlan0,Id=0,Type=STA}, isUp=true
07-03 08:18:06.871  1761  1827 D CommandListener: Clearing all IP addresses on wlan0
07-03 08:18:06.911  1932  2190 I WifiNative: Successfully setup Iface:{Name=wlan0,Id=0,Type=STA}
07-03 08:18:06.911  1932  2190 D WifiClientModeManager: sending scan available broadcast: false
07-03 08:18:06.913  1932  2190 D WifiClientModeManager: entering StartedState
07-03 08:18:06.918  1932  2190 D WifiClientModeManager: Wifi is ready to use for client mode
07-03 08:18:06.918  1932  2190 D WifiClientModeManager: sending scan available broadcast: true
07-03 08:18:06.919  1932  2190 D WifiStateMachinePrime: State changed from client mode. state = 3
07-03 08:18:06.920  1932  2190 D WifiStateMachinePrime: client mode active
07-03 08:18:06.921  1932  2190 D WifiStateMachine: entering ConnectModeState: ifaceName = wlan0
07-03 08:18:06.922  1932  2190 D WifiStateMachine: setupClientMode() ifacename = wlan0
07-03 08:18:07.121  1761  1827 D CommandListener: Clearing all IP addresses on wlan0
07-03 08:18:07.136  1932  2190 D WifiConfigManager: Legacy store files not found. No migration needed!
07-03 08:18:07.138  1932  2190 D WifiStateMachine: Setting OUI to DA-A1-19
07-03 08:18:07.154  1932  2190 I WifiVendorHal: Driver: 1.0 Firmware: 1.0
07-03 08:18:07.238  1932  2190 D WakeupController: reset()
07-03 08:18:07.239  1932  2190 I WifiStateMachine: disconnectedstate enter
07-03 08:18:07.303  1932  1932 D PackageManager: Instant App installer not found with android.intent.action.INSTALL_INSTANT_APP_PACKAGE
07-03 08:18:07.303  1932  1932 D PackageManager: Clear ephemeral installer activity
07-03 08:18:07.306  1932  1932 D PackageManager: Instant App installer not found with android.intent.action.INSTALL_INSTANT_APP_PACKAGE
07-03 08:18:07.306  1932  1932 D PackageManager: Clear ephemeral installer activity
07-03 08:18:07.327  1932  1951 E BatteryExternalStatsWorker: no controller energy info supplied for wifi
07-03 08:18:07.389  1932  1949 W ActivityManager: Slow operation: 61ms so far, now at startProcess: asking zygote to start proc
07-03 08:18:07.444  1932  1932 W SystemServiceManager: Service com.android.server.InputMethodManagerService$Lifecycle took 686 ms in onBootPhase
07-03 08:18:07.450  1932  2030 D StorageManagerService: Thinking about init, mSystemReady=true, mDaemonConnected=true
07-03 08:18:07.451  1932  2030 D StorageManagerService: Setting up emulation state, initlocked=false
07-03 08:18:07.465  1932  1932 I LockSettingsService: Migrated migrated_frp.
07-03 08:18:07.469  1536  1545 D vold    : e4crypt_unlock_user_key 0 serial=0 token_present=0
07-03 08:18:07.469  1536  1545 E vold    : Failed to chmod /data/system_ce/0: No such file or directory
07-03 08:18:07.473  1932  1932 I WallpaperManagerService: No static wallpaper imagery; defaults will be shown
07-03 08:18:07.474  1932  1932 W WallpaperManagerService: no current wallpaper -- first boot?
07-03 08:18:07.491  1536  1545 E vold    : Failed to chmod /data/misc_ce/0: No such file or directory
07-03 08:18:07.491  1536  1545 E vold    : Failed to chmod /data/media/0: No such file or directory
07-03 08:18:07.492  1932  2030 D StorageManagerService: Thinking about reset, mSystemReady=true, mDaemonConnected=true
07-03 08:18:07.494  1932  1947 I ActivityManager: Force stopping com.android.providers.media appid=10014 user=-1: vold reset
07-03 08:18:07.516  1932  1944 V StorageManagerService: Found primary storage at VolumeInfo{emulated}:
07-03 08:18:07.516  1932  1944 V StorageManagerService:     type=EMULATED diskId=null partGuid= mountFlags=0 mountUserId=-1 
07-03 08:18:07.516  1932  1944 V StorageManagerService:     state=UNMOUNTED 
07-03 08:18:07.516  1932  1944 V StorageManagerService:     fsType=null fsUuid=null fsLabel=null 
07-03 08:18:07.516  1932  1944 V StorageManagerService:     path=null internalPath=null 
07-03 08:18:07.521  1932  1932 D SystemServerTiming: StartActivityManagerReadyPhase took to complete: 839ms
07-03 08:18:07.521  1932  1932 I SystemServer: StartObservingNativeCrashes
07-03 08:18:07.522  1932  1932 D SystemServerTiming: StartObservingNativeCrashes took to complete: 1ms
07-03 08:18:07.523  1932  1993 D SystemServerInitThreadPool: Started executing WebViewFactoryPreparation
07-03 08:18:07.523  1932  1993 I SystemServer: WebViewFactoryPreparation
07-03 08:18:07.526  1932  1932 I SystemServer: StartSystemUI
07-03 08:18:07.552  1536  1545 V vold    : Waiting for FUSE to spin up...
07-03 08:18:07.559  1932  1932 D SystemServerTiming: StartSystemUI took to complete: 32ms
07-03 08:18:07.559  1932  1932 I SystemServer: MakeNetworkManagementServiceReady
07-03 08:18:07.574  1932  1993 D PackageManager: Instant App installer not found with android.intent.action.INSTALL_INSTANT_APP_PACKAGE
07-03 08:18:07.574  1932  1993 D PackageManager: Clear ephemeral installer activity
07-03 08:18:07.592  1932  1932 D NetworkManagement: enabling bandwidth control
07-03 08:18:07.613  1536  1545 V vold    : Waiting for FUSE to spin up...
07-03 08:18:07.628  1932  2201 I AudioService: setBluetoothScoOnInt: false resetBluetoothSco
07-03 08:18:07.634  1932  1949 W ActivityManager: Slow operation: 306ms so far, now at startProcess: returned from zygote!
07-03 08:18:07.635  1932  1949 W ActivityManager: Slow operation: 307ms so far, now at startProcess: done updating battery stats
07-03 08:18:07.636  1932  1949 W ActivityManager: Slow operation: 308ms so far, now at startProcess: building log message
07-03 08:18:07.636  1932  1949 I ActivityManager: Start proc 2229:com.google.android.inputmethod.latin/u0a57 for service com.google.android.inputmethod.latin/com.android.inputmethod.latin.LatinIME
07-03 08:18:07.636  1932  1949 W ActivityManager: Slow operation: 308ms so far, now at startProcess: starting to update pids map
07-03 08:18:07.636  1932  1949 W ActivityManager: Slow operation: 308ms so far, now at startProcess: done updating pids map
07-03 08:18:07.637  1932  1949 W ActivityManager: Slow operation: 258ms so far, now at startProcess: asking zygote to start proc
07-03 08:18:07.649  1932  1951 E BatteryExternalStatsWorker: no controller energy info supplied for wifi
07-03 08:18:07.656  1932  2201 E BluetoothAdapter: Bluetooth binder is null
07-03 08:18:07.663  1932  2201 E BluetoothAdapter: Bluetooth binder is null
07-03 08:18:07.664  1536  1545 V vold    : Waiting for FUSE to spin up...
07-03 08:18:07.720  1536  1545 V vold    : Waiting for FUSE to spin up...
07-03 08:18:07.753  1606  1665 I AudioFlinger: systemReady
07-03 08:18:07.759  1932  1949 W ActivityManager: Slow operation: 376ms so far, now at startProcess: returned from zygote!
07-03 08:18:07.759  1932  1949 W ActivityManager: Slow operation: 380ms so far, now at startProcess: done updating battery stats
07-03 08:18:07.759  1932  1949 W ActivityManager: Slow operation: 380ms so far, now at startProcess: building log message
07-03 08:18:07.759  1932  1949 I ActivityManager: Start proc 2237:com.google.android.gms.persistent/u0a30 for broadcast com.google.android.gms/.chimera.GmsIntentOperationService$PersistentTrustedReceiver
07-03 08:18:07.759  1932  1949 W ActivityManager: Slow operation: 380ms so far, now at startProcess: starting to update pids map
07-03 08:18:07.760  1932  1949 W ActivityManager: Slow operation: 380ms so far, now at startProcess: done updating pids map
07-03 08:18:07.774  1536  1545 V vold    : Waiting for FUSE to spin up...
07-03 08:18:07.806  2229  2229 W putmethod.lati: Unexpected CPU variant for X86 using defaults: x86_64
07-03 08:18:07.812  2237  2237 W .gms.persisten: Unexpected CPU variant for X86 using defaults: x86_64
07-03 08:18:07.814  1932  1949 W ActivityManager: Slow operation: 266ms so far, now at startProcess: asking zygote to start proc
07-03 08:18:07.825  1536  1545 V vold    : Waiting for FUSE to spin up...
07-03 08:18:07.832  1932  1993 D WebViewLibraryLoader: Setting new address space to 141300560
07-03 08:18:07.875  1536  1545 I chatty  : uid=0(root) Binder:1536_1 identical 1 line
07-03 08:18:07.931  1536  1545 V vold    : Waiting for FUSE to spin up...
07-03 08:18:07.983  1932  1993 D SystemServerTimingAsync: WebViewFactoryPreparation took to complete: 460ms
07-03 08:18:07.984  1932  1993 D SystemServerInitThreadPool: Finished executing WebViewFactoryPreparation
07-03 08:18:07.985  1932  1949 W ActivityManager: Slow operation: 440ms so far, now at startProcess: returned from zygote!
07-03 08:18:07.985  1932  1949 W ActivityManager: Slow operation: 441ms so far, now at startProcess: done updating battery stats
07-03 08:18:07.985  1932  1949 W ActivityManager: Slow operation: 441ms so far, now at startProcess: building log message
07-03 08:18:07.985  1932  1949 I ActivityManager: Start proc 2258:com.android.systemui/u0a32 for service com.android.systemui/.SystemUIService
07-03 08:18:07.985  1932  1949 W ActivityManager: Slow operation: 441ms so far, now at startProcess: starting to update pids map
07-03 08:18:07.985  1932  1949 W ActivityManager: Slow operation: 441ms so far, now at startProcess: done updating pids map
07-03 08:18:07.996  2232  2232 W sdcard  : Device explicitly enabled sdcardfs
07-03 08:18:08.000  1536  1545 V vold    : Waiting for FUSE to spin up...
07-03 08:18:08.058  1536  1545 V vold    : Waiting for FUSE to spin up...
07-03 08:18:08.093  1932  1932 W NetworkManagement: setDataSaverMode(): already false
07-03 08:18:08.110  1932  1932 D SystemServerTiming: MakeNetworkManagementServiceReady took to complete: 551ms
07-03 08:18:08.111  1932  1932 I SystemServer: MakeIpSecServiceReady
07-03 08:18:08.111  1536  1545 V vold    : Waiting for FUSE to spin up...
07-03 08:18:08.139  1932  1932 D IpSecService: IpSecService is ready
07-03 08:18:08.139  1932  1932 D SystemServerTiming: MakeIpSecServiceReady took to complete: 28ms
07-03 08:18:08.139  1932  1932 I SystemServer: MakeNetworkStatsServiceReady
07-03 08:18:08.166  1536  1545 V vold    : Waiting for FUSE to spin up...
07-03 08:18:08.169  1932  1932 W BestClock: java.time.DateTimeException: Missing NTP fix
07-03 08:18:08.221  2258  2258 W ndroid.systemu: Unexpected CPU variant for X86 using defaults: x86_64
07-03 08:18:08.224  1932  2231 W ActivityManager: Slow operation: 57ms so far, now at attachApplicationLocked: immediately after bindApplication
07-03 08:18:08.224  1932  2231 W ActivityManager: Slow operation: 57ms so far, now at attachApplicationLocked: after updateLruProcessLocked
07-03 08:18:08.244  1932  2231 W ActivityManager: Slow operation: 77ms so far, now at attachApplicationLocked: after mServices.attachApplicationLocked
07-03 08:18:08.281  1932  2187 W NetworkPolicy: setRestrictBackgroundUL: already false
07-03 08:18:08.347  1758  1844 W MediaExtractorFactory: couldn't dlopen(/system/lib64/extractors/.) Is a directory
07-03 08:18:08.361  1932  1951 E BatteryExternalStatsWorker: no controller energy info supplied for wifi
07-03 08:18:08.361  1932  1951 E BatteryExternalStatsWorker: no controller energy info supplied for telephony
07-03 08:18:08.456  2229  2229 I putmethod.lati: The ClassLoaderContext is a special shared library.
07-03 08:18:08.496  2237  2237 I .gms.persisten: The ClassLoaderContext is a special shared library.
07-03 08:18:08.512  2229  2229 I putmethod.lati: The ClassLoaderContext is a special shared library.
07-03 08:18:08.515  2237  2237 I .gms.persisten: The ClassLoaderContext is a special shared library.
07-03 08:18:08.522  2237  2237 I .gms.persisten: The ClassLoaderContext is a special shared library.
07-03 08:18:08.527  1758  1844 E linker  : library "/system/lib64/extractors/.." ("/system/lib64") needed or dlopened by "/system/lib64/libstagefright.so" is not accessible for the namespace: [name="(default)", ld_library_paths="", default_library_paths="/system/lib64", permitted_paths="/system/lib64/drm:/system/lib64/extractors:/system/lib64/hw:/system/product/lib64:/system/framework:/system/app:/system/priv-app:/vendor/framework:/vendor/app:/vendor/priv-app:/odm/framework:/odm/app:/odm/priv-app:/oem/app:/system/product/framework:/system/product/app:/system/product/priv-app:/data:/mnt/expand"]
07-03 08:18:08.527  1758  1844 W MediaExtractorFactory: couldn't dlopen(/system/lib64/extractors/..) Is a directory
07-03 08:18:08.528  1758  1844 E MediaExtractorFactory: couldn't opendir(/vendor/lib64/extractors)
07-03 08:18:08.560  1932  2231 W ActivityManager: Slow operation: 127ms so far, now at attachApplicationLocked: before bindApplication
07-03 08:18:08.560  1932  2231 W ActivityManager: Slow operation: 127ms so far, now at attachApplicationLocked: immediately before bindApplication
07-03 08:18:08.570  1932  2187 W BestClock: java.time.DateTimeException: Missing NTP fix
07-03 08:18:08.579  2237  2237 I .gms.persisten: The ClassLoaderContext is a special shared library.
07-03 08:18:08.626  1751  1751 I zygote  : Background concurrent copying GC freed 12209(743KB) AllocSpace objects, 1(20KB) LOS objects, 72% free, 2MB/8MB, paused 1.023ms total 524.409ms
07-03 08:18:08.643  1932  2231 W ActivityManager: Slow operation: 210ms so far, now at attachApplicationLocked: immediately after bindApplication
07-03 08:18:08.643  1932  2231 W ActivityManager: Slow operation: 210ms so far, now at attachApplicationLocked: after updateLruProcessLocked
07-03 08:18:08.674  1932  2231 W ActivityManager: Slow operation: 241ms so far, now at attachApplicationLocked: after mServices.attachApplicationLocked
07-03 08:18:08.732  1932  1932 D SystemServerTiming: MakeNetworkStatsServiceReady took to complete: 593ms
07-03 08:18:08.732  1932  1932 I SystemServer: MakeConnectivityServiceReady
07-03 08:18:08.747  1932  1932 D PermissionMonitor: Monitoring
07-03 08:18:08.805  2258  2258 I ndroid.systemu: The ClassLoaderContext is a special shared library.
07-03 08:18:08.811  1932  1932 D PermissionMonitor: Users: 1, Apps: 92
07-03 08:18:08.879  1932  1932 D SystemServerTiming: MakeConnectivityServiceReady took to complete: 147ms
07-03 08:18:08.879  1932  1932 I SystemServer: MakeNetworkPolicyServiceReady
07-03 08:18:08.882  1932  1932 D SystemServerTiming: MakeNetworkPolicyServiceReady took to complete: 3ms
07-03 08:18:08.882  1932  1932 I SystemServer: StartWatchdog
07-03 08:18:08.924  1932  1932 D SystemServerTiming: StartWatchdog took to complete: 42ms
07-03 08:18:08.925  1932  1932 I SystemServer: PhaseThirdPartyAppsCanStart
07-03 08:18:08.925  1932  1932 I SystemServiceManager: Starting phase 600
07-03 08:18:08.947  1932  1932 V WallpaperManagerService: bindWallpaperComponentLocked: componentName=null
07-03 08:18:08.947  1932  1932 V WallpaperManagerService: No default component; using image wallpaper
07-03 08:18:08.997  1932  1932 W SystemServiceManager: Service com.android.server.wallpaper.WallpaperManagerService$Lifecycle took 67 ms in onBootPhase
07-03 08:18:09.072  1760  1860 D StagefrightPluginLoader: Failed to load library: libstagefright_ccodec.so (dlopen failed: library "libstagefright_ccodec.so" not found)
07-03 08:18:09.074  1760  1860 D StagefrightPluginLoader: Handle or CreateInputSurface symbol is null
07-03 08:18:09.074  1760  1860 D StagefrightPluginLoader: Handle or CreateBuilder symbol is null
07-03 08:18:09.203  1760  1860 I OMXClient: IOmx service obtained
07-03 08:18:09.215  1765  1765 I OMXMaster: makeComponentInstance(OMX.google.aac.decoder) in omx@1.0-service process
07-03 08:18:09.220  1932  1949 W ActivityManager: Slow operation: 1230ms so far, now at startProcess: returned from zygote!
07-03 08:18:09.221  1932  1949 W ActivityManager: Slow operation: 1274ms so far, now at startProcess: done updating battery stats
07-03 08:18:09.221  1932  1949 W ActivityManager: Slow operation: 1274ms so far, now at startProcess: building log message
07-03 08:18:09.221  1932  1949 I ActivityManager: Start proc 2287:WebViewLoader-x86/1037 [android.webkit.WebViewLibraryLoader$RelroFileCreator] for 
07-03 08:18:09.221  1932  1949 W ActivityManager: Slow operation: 1274ms so far, now at startProcess: starting to update pids map
07-03 08:18:09.221  1932  1949 W ActivityManager: Slow operation: 1274ms so far, now at startProcess: done updating pids map
07-03 08:18:09.222  1932  1949 W ActivityManager: Slow operation: 1274ms so far, now at startProcess: asking zygote to start proc
07-03 08:18:09.223  1932  2264 W system_server: Long monitor contention with owner ActivityManager:procStart (1949) at int android.net.LocalSocketImpl.readba_native(byte[], int, int, java.io.FileDescriptor)(LocalSocketImpl.java:-2) waiters=0 in android.os.Process$ProcessStartResult android.os.ZygoteProcess.startViaZygote(java.lang.String, java.lang.String, int, int, int[], int, int, int, java.lang.String, java.lang.String, java.lang.String, java.lang.String, java.lang.String, boolean, java.lang.String[]) for 1.154s
07-03 08:18:09.349  1932  1932 W SystemServiceManager: Service com.android.server.emergency.EmergencyAffordanceService took 292 ms in onBootPhase
07-03 08:18:09.359  2237  2237 E ActivityThread: Failed to find provider info for com.google.android.gsf.gservices
07-03 08:18:09.373  2287  2287 W WebViewLoader-: Unexpected CPU variant for X86 using defaults: x86_64
07-03 08:18:09.420  1932  1948 W WindowManager: Keyguard drawn timeout. Setting mKeyguardDrawComplete
07-03 08:18:09.447  1932  1949 W ActivityManager: Slow operation: 1499ms so far, now at startProcess: returned from zygote!
07-03 08:18:09.447  1932  1949 W ActivityManager: Slow operation: 1499ms so far, now at startProcess: done updating battery stats
07-03 08:18:09.448  1932  1949 W ActivityManager: Slow operation: 1500ms so far, now at startProcess: building log message
07-03 08:18:09.448  1932  1949 I ActivityManager: Start proc 2299:WebViewLoader-x86_64/1037 [android.webkit.WebViewLibraryLoader$RelroFileCreator] for 
07-03 08:18:09.448  1932  1949 W ActivityManager: Slow operation: 1500ms so far, now at startProcess: starting to update pids map
07-03 08:18:09.448  1932  1949 W ActivityManager: Slow operation: 1500ms so far, now at startProcess: done updating pids map
07-03 08:18:09.539  2237  2237 E ActivityThread: Failed to find provider info for com.google.android.gsf.gservices
07-03 08:18:09.545  1932  1932 W SystemServiceManager: Service com.android.server.dreams.DreamManagerService took 196 ms in onBootPhase
07-03 08:18:09.598  2299  2299 W WebViewLoader-: Unexpected CPU variant for X86 using defaults: x86_64
07-03 08:18:09.614  1932  2264 W ZygoteProcess: Got error connecting to zygote, retrying. msg= Connection refused
07-03 08:18:09.662  1760  1860 I OMXClient: IOmx service obtained
07-03 08:18:09.662  1765  1765 I OMXMaster: makeComponentInstance(OMX.google.amrnb.decoder) in omx@1.0-service process
07-03 08:18:09.668  1932  1932 I StatsCompanionService: Told statsd that StatsCompanionService is alive.
07-03 08:18:09.668  1932  1932 W SystemServiceManager: Service com.android.server.stats.StatsCompanionService$Lifecycle took 123 ms in onBootPhase
07-03 08:18:09.669  1932  1932 D SystemServerTiming: PhaseThirdPartyAppsCanStart took to complete: 744ms
07-03 08:18:09.669  1932  1932 I SystemServer: MakeLocationServiceReady
07-03 08:18:09.761  1533  1533 W hwservicemanager: getTransport: Cannot find entry android.hardware.gnss@1.1::IGnss/default in either framework or device manifest.
07-03 08:18:09.772  1932  1932 D GnssLocationProvider: gnssHal 1.1 was null, trying 1.0
07-03 08:18:09.815  2299  2299 V WebViewLibraryLoader: RelroFileCreator (64bit = true), lib: /system/app/Chrome/Chrome.apk!/lib/x86_64/libmonochrome.so
07-03 08:18:09.838  1932  1932 I GnssLocationProvider: WakeLock acquired by sendMessage(INITIALIZE_HANDLER, 0, null)
07-03 08:18:09.846  2311  2311 I WebViewZygoteInit: Starting WebViewZygoteInit
07-03 08:18:09.847  2311  2311 I WebViewZygoteInit: --zygote-socket=com.android.internal.os.WebViewZygoteInit/eec5ddf9-d677-41a5-ac09-1cdd351e2015
07-03 08:18:09.940  1760  1860 I OMXClient: IOmx service obtained
07-03 08:18:09.950  1765  2322 I OMXMaster: makeComponentInstance(OMX.google.amrwb.decoder) in omx@1.0-service process
07-03 08:18:09.976  1932  1932 W LocationProviderProxy-network: Odd, no component found for service com.android.location.service.v3.NetworkLocationProvider
07-03 08:18:09.986  1760  1860 I OMXClient: IOmx service obtained
07-03 08:18:09.986  1765  2339 I OMXMaster: makeComponentInstance(OMX.google.flac.decoder) in omx@1.0-service process
07-03 08:18:10.036  2237  2237 E ActivityThread: Failed to find provider info for com.google.android.gsf.gservices
07-03 08:18:10.046  1932  1932 W GeocoderProxy: Odd, no component found for service com.android.location.service.GeocodeProvider
07-03 08:18:10.054  2237  2237 E ActivityThread: Failed to find provider info for com.google.android.gsf.gservices
07-03 08:18:10.068  2287  2287 V WebViewLibraryLoader: RelroFileCreator (64bit = false), lib: /system/app/Chrome/Chrome.apk!/lib/x86/libmonochrome.so
07-03 08:18:10.088  1932  1932 W GeofenceProxy: Odd, no component found for service com.android.location.service.GeofenceProvider
07-03 08:18:10.090  1932  1932 E ActivityRecognitionHardware: activity_recognition HAL is deprecated. is_supported is effectively a no-op
07-03 08:18:10.107  2237  2237 W DirectBootExitBR: User is in direct boot mode.
07-03 08:18:10.112  2237  2237 E ActivityThread: Failed to find provider info for com.google.android.gsf.gservices
07-03 08:18:10.133  2237  2237 E ActivityThread: Failed to find provider info for com.google.android.gsf.gservices
07-03 08:18:10.141  1932  1932 D LocationManagerService: Hardware Activity-Recognition not supported.
07-03 08:18:10.143  1932  1932 W ActivityRecognitionProxy: Odd, no component found for service com.android.location.service.ActivityRecognitionProvider
07-03 08:18:10.145  1932  1932 I GnssLocationProvider: WakeLock acquired by sendMessage(ENABLE, 1, null)
07-03 08:18:10.185  1932  1932 D SystemServerTiming: MakeLocationServiceReady took to complete: 516ms
07-03 08:18:10.185  1932  1932 I SystemServer: MakeCountryDetectionServiceReady
07-03 08:18:10.185  1932  1932 D SystemServerTiming: MakeCountryDetectionServiceReady took to complete: 0ms
07-03 08:18:10.185  1932  1932 I SystemServer: MakeNetworkTimeUpdateReady
07-03 08:18:10.198  1760  1860 I OMXClient: IOmx service obtained
07-03 08:18:10.199  1765  2322 I OMXMaster: makeComponentInstance(OMX.google.g711.alaw.decoder) in omx@1.0-service process
07-03 08:18:10.217  1932  1932 D ConnectivityService: requestNetwork for uid/pid:1000/1932 NetworkRequest [ TRACK_DEFAULT id=6, [ Capabilities: INTERNET&NOT_RESTRICTED&TRUSTED Unwanted:  Uid: 1000] ]
07-03 08:18:10.218  1932  1932 D SystemServerTiming: MakeNetworkTimeUpdateReady took to complete: 33ms
07-03 08:18:10.218  1932  1932 I SystemServer: MakeCommonTimeManagementServiceReady
07-03 08:18:10.219  1932  1932 I CommonTimeManagementService: No common time service detected on this platform.  Common time services will be unavailable.
07-03 08:18:10.219  1932  1932 D SystemServerTiming: MakeCommonTimeManagementServiceReady took to complete: 1ms
07-03 08:18:10.219  1932  1932 I SystemServer: MakeInputManagerServiceReady
07-03 08:18:10.251  1932  2026 I InputReader: Reconfiguring input devices.  changes=0x00000020
07-03 08:18:10.265  1932  1932 D SystemServerTiming: MakeInputManagerServiceReady took to complete: 46ms
07-03 08:18:10.266  1932  1932 I SystemServer: MakeTelephonyRegistryReady
07-03 08:18:10.266  1932  1932 D SystemServerTiming: MakeTelephonyRegistryReady took to complete: 0ms
07-03 08:18:10.267  1932  1932 I SystemServer: MakeMediaRouterServiceReady
07-03 08:18:10.267  1932  1932 D SystemServerTiming: MakeMediaRouterServiceReady took to complete: 0ms
07-03 08:18:10.267  1932  1932 I SystemServer: MakeMmsServiceReady
07-03 08:18:10.268  1932  1932 I MmsServiceBroker: Delay connecting to MmsService until an API is called
07-03 08:18:10.268  1932  1932 D SystemServerTiming: MakeMmsServiceReady took to complete: 1ms
07-03 08:18:10.268  1932  1932 I SystemServer: IncidentDaemonReady
07-03 08:18:10.270  1932  1932 D SystemServerTiming: IncidentDaemonReady took to complete: 1ms
07-03 08:18:10.305  2237  2237 E ActivityThread: Failed to find provider info for com.google.android.gsf.gservices
07-03 08:18:10.307  2237  2237 I chatty  : uid=10030 com.google.android.gms.persistent identical 2 lines
07-03 08:18:10.308  2237  2237 E ActivityThread: Failed to find provider info for com.google.android.gsf.gservices
07-03 08:18:10.340  1932  1932 I SystemServiceManager: Calling onStartUser u0
07-03 08:18:10.356  2258  2258 W AlarmManager: Unrecognized alarm listener com.android.systemui.keyguard.-$$Lambda$KeyguardSliceProvider$IhzByd8TsqFuOrSyuGurVskyPLo@94e9225
07-03 08:18:10.371  2237  2237 I GmsApplication: Staging modules and/or updating config
07-03 08:18:10.376  2237  2237 E ActivityThread: Failed to find provider info for com.google.android.gsf.gservices
07-03 08:18:10.391  2237  2237 E ChimeraCfgMgr: Failed to read module config: java.io.FileNotFoundException: /data/user_de/0/com.google.android.gms/app_chimera/current_config.fb (No such file or directory)
07-03 08:18:10.394  2237  2237 I GmsApplication: Staging modules
07-03 08:18:10.395  2237  2237 I FileApkMgr: Extracting modules...
07-03 08:18:10.398  2237  2237 E ConfigFileUtils: Failed to read config file: /data/user_de/0/com.google.android.gms/app_chimera/current_fileapks.pb (No such file or directory)
07-03 08:18:10.420  1932  2026 I InputReader: Reconfiguring input devices.  changes=0x00000010
